D:/STM32_Workspace_Kurs_Low_Layer/07_03_Kurs_STM32_LL_I2C_Master_DMA_TX/Drivers/CMSIS/Inc/core_cm0plus.h:741:22:__NVIC_EnableIRQ	16	static,ignoring_inline_asm
D:/STM32_Workspace_Kurs_Low_Layer/07_03_Kurs_STM32_LL_I2C_Master_DMA_TX/Drivers/CMSIS/Inc/core_cm0plus.h:850:22:__NVIC_SetPriority	24	static
D:/STM32_Workspace_Kurs_Low_Layer/07_03_Kurs_STM32_LL_I2C_Master_DMA_TX/Drivers/STM32G0xx_LL_Driver/Inc/stm32g0xx_ll_bus.h:250:22:LL_AHB1_GRP1_EnableClock	24	static
D:/STM32_Workspace_Kurs_Low_Layer/07_03_Kurs_STM32_LL_I2C_Master_DMA_TX/Drivers/STM32G0xx_LL_Driver/Inc/stm32g0xx_ll_bus.h:467:22:LL_APB1_GRP1_EnableClock	24	static
D:/STM32_Workspace_Kurs_Low_Layer/07_03_Kurs_STM32_LL_I2C_Master_DMA_TX/Drivers/STM32G0xx_LL_Driver/Inc/stm32g0xx_ll_bus.h:1139:22:LL_IOP_GRP1_EnableClock	24	static
D:/STM32_Workspace_Kurs_Low_Layer/07_03_Kurs_STM32_LL_I2C_Master_DMA_TX/Drivers/STM32G0xx_LL_Driver/Inc/stm32g0xx_ll_gpio.h:283:22:LL_GPIO_SetPinMode	24	static
D:/STM32_Workspace_Kurs_Low_Layer/07_03_Kurs_STM32_LL_I2C_Master_DMA_TX/Drivers/STM32G0xx_LL_Driver/Inc/stm32g0xx_ll_gpio.h:351:22:LL_GPIO_SetPinOutputType	24	static
D:/STM32_Workspace_Kurs_Low_Layer/07_03_Kurs_STM32_LL_I2C_Master_DMA_TX/Drivers/STM32G0xx_LL_Driver/Inc/stm32g0xx_ll_gpio.h:422:22:LL_GPIO_SetPinSpeed	24	static
D:/STM32_Workspace_Kurs_Low_Layer/07_03_Kurs_STM32_LL_I2C_Master_DMA_TX/Drivers/STM32G0xx_LL_Driver/Inc/stm32g0xx_ll_gpio.h:491:22:LL_GPIO_SetPinPull	24	static
D:/STM32_Workspace_Kurs_Low_Layer/07_03_Kurs_STM32_LL_I2C_Master_DMA_TX/Drivers/STM32G0xx_LL_Driver/Inc/stm32g0xx_ll_gpio.h:615:22:LL_GPIO_SetAFPin_8_15	24	static
D:/STM32_Workspace_Kurs_Low_Layer/07_03_Kurs_STM32_LL_I2C_Master_DMA_TX/Drivers/STM32G0xx_LL_Driver/Inc/stm32g0xx_ll_i2c.h:429:22:LL_I2C_Enable	16	static
D:/STM32_Workspace_Kurs_Low_Layer/07_03_Kurs_STM32_LL_I2C_Master_DMA_TX/Drivers/STM32G0xx_LL_Driver/Inc/stm32g0xx_ll_i2c.h:443:22:LL_I2C_Disable	16	static
D:/STM32_Workspace_Kurs_Low_Layer/07_03_Kurs_STM32_LL_I2C_Master_DMA_TX/Drivers/STM32G0xx_LL_Driver/Inc/stm32g0xx_ll_i2c.h:475:22:LL_I2C_ConfigFilters	24	static
D:/STM32_Workspace_Kurs_Low_Layer/07_03_Kurs_STM32_LL_I2C_Master_DMA_TX/Drivers/STM32G0xx_LL_Driver/Inc/stm32g0xx_ll_i2c.h:549:22:LL_I2C_EnableDMAReq_TX	16	static
D:/STM32_Workspace_Kurs_Low_Layer/07_03_Kurs_STM32_LL_I2C_Master_DMA_TX/Drivers/STM32G0xx_LL_Driver/Inc/stm32g0xx_ll_i2c.h:619:26:LL_I2C_DMA_GetRegAddr	24	static
D:/STM32_Workspace_Kurs_Low_Layer/07_03_Kurs_STM32_LL_I2C_Master_DMA_TX/Drivers/STM32G0xx_LL_Driver/Inc/stm32g0xx_ll_i2c.h:644:22:LL_I2C_EnableClockStretching	16	static
D:/STM32_Workspace_Kurs_Low_Layer/07_03_Kurs_STM32_LL_I2C_Master_DMA_TX/Drivers/STM32G0xx_LL_Driver/Inc/stm32g0xx_ll_i2c.h:922:22:LL_I2C_SetTiming	16	static
D:/STM32_Workspace_Kurs_Low_Layer/07_03_Kurs_STM32_LL_I2C_Master_DMA_TX/Drivers/STM32G0xx_LL_Driver/Inc/stm32g0xx_ll_i2c.h:996:22:LL_I2C_SetMode	16	static
D:/STM32_Workspace_Kurs_Low_Layer/07_03_Kurs_STM32_LL_I2C_Master_DMA_TX/Drivers/STM32G0xx_LL_Driver/Inc/stm32g0xx_ll_i2c.h:1565:26:LL_I2C_IsActiveFlag_TXIS	16	static
D:/STM32_Workspace_Kurs_Low_Layer/07_03_Kurs_STM32_LL_I2C_Master_DMA_TX/Drivers/STM32G0xx_LL_Driver/Inc/stm32g0xx_ll_i2c.h:1578:26:LL_I2C_IsActiveFlag_RXNE	16	static
D:/STM32_Workspace_Kurs_Low_Layer/07_03_Kurs_STM32_LL_I2C_Master_DMA_TX/Drivers/STM32G0xx_LL_Driver/Inc/stm32g0xx_ll_i2c.h:1617:26:LL_I2C_IsActiveFlag_STOP	16	static
D:/STM32_Workspace_Kurs_Low_Layer/07_03_Kurs_STM32_LL_I2C_Master_DMA_TX/Drivers/STM32G0xx_LL_Driver/Inc/stm32g0xx_ll_i2c.h:1630:26:LL_I2C_IsActiveFlag_TC	16	static
D:/STM32_Workspace_Kurs_Low_Layer/07_03_Kurs_STM32_LL_I2C_Master_DMA_TX/Drivers/STM32G0xx_LL_Driver/Inc/stm32g0xx_ll_i2c.h:1774:22:LL_I2C_ClearFlag_STOP	16	static
D:/STM32_Workspace_Kurs_Low_Layer/07_03_Kurs_STM32_LL_I2C_Master_DMA_TX/Drivers/STM32G0xx_LL_Driver/Inc/stm32g0xx_ll_i2c.h:2133:22:LL_I2C_HandleTransfer	24	static
D:/STM32_Workspace_Kurs_Low_Layer/07_03_Kurs_STM32_LL_I2C_Master_DMA_TX/Drivers/STM32G0xx_LL_Driver/Inc/stm32g0xx_ll_i2c.h:2218:25:LL_I2C_ReceiveData8	16	static
D:/STM32_Workspace_Kurs_Low_Layer/07_03_Kurs_STM32_LL_I2C_Master_DMA_TX/Drivers/STM32G0xx_LL_Driver/Inc/stm32g0xx_ll_i2c.h:2230:22:LL_I2C_TransmitData8	16	static
D:/STM32_Workspace_Kurs_Low_Layer/07_03_Kurs_STM32_LL_I2C_Master_DMA_TX/Drivers/STM32G0xx_LL_Driver/Inc/stm32g0xx_ll_dma.h:500:22:LL_DMA_EnableChannel	24	static
D:/STM32_Workspace_Kurs_Low_Layer/07_03_Kurs_STM32_LL_I2C_Master_DMA_TX/Drivers/STM32G0xx_LL_Driver/Inc/stm32g0xx_ll_dma.h:520:22:LL_DMA_DisableChannel	24	static
D:/STM32_Workspace_Kurs_Low_Layer/07_03_Kurs_STM32_LL_I2C_Master_DMA_TX/Drivers/STM32G0xx_LL_Driver/Inc/stm32g0xx_ll_dma.h:603:22:LL_DMA_SetDataTransferDirection	32	static
D:/STM32_Workspace_Kurs_Low_Layer/07_03_Kurs_STM32_LL_I2C_Master_DMA_TX/Drivers/STM32G0xx_LL_Driver/Inc/stm32g0xx_ll_dma.h:628:26:LL_DMA_GetDataTransferDirection	24	static
D:/STM32_Workspace_Kurs_Low_Layer/07_03_Kurs_STM32_LL_I2C_Master_DMA_TX/Drivers/STM32G0xx_LL_Driver/Inc/stm32g0xx_ll_dma.h:654:22:LL_DMA_SetMode	32	static
D:/STM32_Workspace_Kurs_Low_Layer/07_03_Kurs_STM32_LL_I2C_Master_DMA_TX/Drivers/STM32G0xx_LL_Driver/Inc/stm32g0xx_ll_dma.h:701:22:LL_DMA_SetPeriphIncMode	32	static
D:/STM32_Workspace_Kurs_Low_Layer/07_03_Kurs_STM32_LL_I2C_Master_DMA_TX/Drivers/STM32G0xx_LL_Driver/Inc/stm32g0xx_ll_dma.h:748:22:LL_DMA_SetMemoryIncMode	32	static
D:/STM32_Workspace_Kurs_Low_Layer/07_03_Kurs_STM32_LL_I2C_Master_DMA_TX/Drivers/STM32G0xx_LL_Driver/Inc/stm32g0xx_ll_dma.h:796:22:LL_DMA_SetPeriphSize	32	static
D:/STM32_Workspace_Kurs_Low_Layer/07_03_Kurs_STM32_LL_I2C_Master_DMA_TX/Drivers/STM32G0xx_LL_Driver/Inc/stm32g0xx_ll_dma.h:845:22:LL_DMA_SetMemorySize	32	static
D:/STM32_Workspace_Kurs_Low_Layer/07_03_Kurs_STM32_LL_I2C_Master_DMA_TX/Drivers/STM32G0xx_LL_Driver/Inc/stm32g0xx_ll_dma.h:895:22:LL_DMA_SetChannelPriorityLevel	32	static
D:/STM32_Workspace_Kurs_Low_Layer/07_03_Kurs_STM32_LL_I2C_Master_DMA_TX/Drivers/STM32G0xx_LL_Driver/Inc/stm32g0xx_ll_dma.h:944:22:LL_DMA_SetDataLength	32	static
D:/STM32_Workspace_Kurs_Low_Layer/07_03_Kurs_STM32_LL_I2C_Master_DMA_TX/Drivers/STM32G0xx_LL_Driver/Inc/stm32g0xx_ll_dma.h:997:22:LL_DMA_ConfigAddresses	32	static
D:/STM32_Workspace_Kurs_Low_Layer/07_03_Kurs_STM32_LL_I2C_Master_DMA_TX/Drivers/STM32G0xx_LL_Driver/Inc/stm32g0xx_ll_dma.h:1270:22:LL_DMA_SetPeriphRequest	32	static
D:/STM32_Workspace_Kurs_Low_Layer/07_03_Kurs_STM32_LL_I2C_Master_DMA_TX/Drivers/STM32G0xx_LL_Driver/Inc/stm32g0xx_ll_dma.h:2065:22:LL_DMA_EnableIT_TC	24	static
../Src/i2c.c:14:9:i2c_init	8	static
../Src/i2c.c:60:9:i2c_reg_write	48	static
../Src/i2c.c:90:9:i2c_reg_read	48	static
../Src/i2c.c:125:9:i2c_reg_write_dma	40	static
../Src/i2c.c:146:6:DMA1_transmit_complete_callback	8	static
