D:/STM32_Workspace_Kurs_Low_Layer/07_02_Kurs_STM32_LL_I2C_Master_IT/Drivers/CMSIS/Inc/core_cm0plus.h:741:22:__NVIC_EnableIRQ	16	static,ignoring_inline_asm
D:/STM32_Workspace_Kurs_Low_Layer/07_02_Kurs_STM32_LL_I2C_Master_IT/Drivers/CMSIS/Inc/core_cm0plus.h:850:22:__NVIC_SetPriority	24	static
D:/STM32_Workspace_Kurs_Low_Layer/07_02_Kurs_STM32_LL_I2C_Master_IT/Drivers/STM32G0xx_LL_Driver/Inc/stm32g0xx_ll_bus.h:467:22:LL_APB1_GRP1_EnableClock	24	static
D:/STM32_Workspace_Kurs_Low_Layer/07_02_Kurs_STM32_LL_I2C_Master_IT/Drivers/STM32G0xx_LL_Driver/Inc/stm32g0xx_ll_bus.h:1139:22:LL_IOP_GRP1_EnableClock	24	static
D:/STM32_Workspace_Kurs_Low_Layer/07_02_Kurs_STM32_LL_I2C_Master_IT/Drivers/STM32G0xx_LL_Driver/Inc/stm32g0xx_ll_gpio.h:283:22:LL_GPIO_SetPinMode	24	static
D:/STM32_Workspace_Kurs_Low_Layer/07_02_Kurs_STM32_LL_I2C_Master_IT/Drivers/STM32G0xx_LL_Driver/Inc/stm32g0xx_ll_gpio.h:351:22:LL_GPIO_SetPinOutputType	24	static
D:/STM32_Workspace_Kurs_Low_Layer/07_02_Kurs_STM32_LL_I2C_Master_IT/Drivers/STM32G0xx_LL_Driver/Inc/stm32g0xx_ll_gpio.h:422:22:LL_GPIO_SetPinSpeed	24	static
D:/STM32_Workspace_Kurs_Low_Layer/07_02_Kurs_STM32_LL_I2C_Master_IT/Drivers/STM32G0xx_LL_Driver/Inc/stm32g0xx_ll_gpio.h:491:22:LL_GPIO_SetPinPull	24	static
D:/STM32_Workspace_Kurs_Low_Layer/07_02_Kurs_STM32_LL_I2C_Master_IT/Drivers/STM32G0xx_LL_Driver/Inc/stm32g0xx_ll_gpio.h:615:22:LL_GPIO_SetAFPin_8_15	24	static
D:/STM32_Workspace_Kurs_Low_Layer/07_02_Kurs_STM32_LL_I2C_Master_IT/Drivers/STM32G0xx_LL_Driver/Inc/stm32g0xx_ll_i2c.h:429:22:LL_I2C_Enable	16	static
D:/STM32_Workspace_Kurs_Low_Layer/07_02_Kurs_STM32_LL_I2C_Master_IT/Drivers/STM32G0xx_LL_Driver/Inc/stm32g0xx_ll_i2c.h:443:22:LL_I2C_Disable	16	static
D:/STM32_Workspace_Kurs_Low_Layer/07_02_Kurs_STM32_LL_I2C_Master_IT/Drivers/STM32G0xx_LL_Driver/Inc/stm32g0xx_ll_i2c.h:475:22:LL_I2C_ConfigFilters	24	static
D:/STM32_Workspace_Kurs_Low_Layer/07_02_Kurs_STM32_LL_I2C_Master_IT/Drivers/STM32G0xx_LL_Driver/Inc/stm32g0xx_ll_i2c.h:644:22:LL_I2C_EnableClockStretching	16	static
D:/STM32_Workspace_Kurs_Low_Layer/07_02_Kurs_STM32_LL_I2C_Master_IT/Drivers/STM32G0xx_LL_Driver/Inc/stm32g0xx_ll_i2c.h:922:22:LL_I2C_SetTiming	16	static
D:/STM32_Workspace_Kurs_Low_Layer/07_02_Kurs_STM32_LL_I2C_Master_IT/Drivers/STM32G0xx_LL_Driver/Inc/stm32g0xx_ll_i2c.h:996:22:LL_I2C_SetMode	16	static
D:/STM32_Workspace_Kurs_Low_Layer/07_02_Kurs_STM32_LL_I2C_Master_IT/Drivers/STM32G0xx_LL_Driver/Inc/stm32g0xx_ll_i2c.h:1287:22:LL_I2C_EnableIT_TX	16	static
D:/STM32_Workspace_Kurs_Low_Layer/07_02_Kurs_STM32_LL_I2C_Master_IT/Drivers/STM32G0xx_LL_Driver/Inc/stm32g0xx_ll_i2c.h:1298:22:LL_I2C_DisableIT_TX	16	static
D:/STM32_Workspace_Kurs_Low_Layer/07_02_Kurs_STM32_LL_I2C_Master_IT/Drivers/STM32G0xx_LL_Driver/Inc/stm32g0xx_ll_i2c.h:1320:22:LL_I2C_EnableIT_RX	16	static
D:/STM32_Workspace_Kurs_Low_Layer/07_02_Kurs_STM32_LL_I2C_Master_IT/Drivers/STM32G0xx_LL_Driver/Inc/stm32g0xx_ll_i2c.h:1331:22:LL_I2C_DisableIT_RX	16	static
D:/STM32_Workspace_Kurs_Low_Layer/07_02_Kurs_STM32_LL_I2C_Master_IT/Drivers/STM32G0xx_LL_Driver/Inc/stm32g0xx_ll_i2c.h:1419:22:LL_I2C_EnableIT_STOP	16	static
D:/STM32_Workspace_Kurs_Low_Layer/07_02_Kurs_STM32_LL_I2C_Master_IT/Drivers/STM32G0xx_LL_Driver/Inc/stm32g0xx_ll_i2c.h:1565:26:LL_I2C_IsActiveFlag_TXIS	16	static
D:/STM32_Workspace_Kurs_Low_Layer/07_02_Kurs_STM32_LL_I2C_Master_IT/Drivers/STM32G0xx_LL_Driver/Inc/stm32g0xx_ll_i2c.h:1630:26:LL_I2C_IsActiveFlag_TC	16	static
D:/STM32_Workspace_Kurs_Low_Layer/07_02_Kurs_STM32_LL_I2C_Master_IT/Drivers/STM32G0xx_LL_Driver/Inc/stm32g0xx_ll_i2c.h:2133:22:LL_I2C_HandleTransfer	24	static
D:/STM32_Workspace_Kurs_Low_Layer/07_02_Kurs_STM32_LL_I2C_Master_IT/Drivers/STM32G0xx_LL_Driver/Inc/stm32g0xx_ll_i2c.h:2218:25:LL_I2C_ReceiveData8	16	static
D:/STM32_Workspace_Kurs_Low_Layer/07_02_Kurs_STM32_LL_I2C_Master_IT/Drivers/STM32G0xx_LL_Driver/Inc/stm32g0xx_ll_i2c.h:2230:22:LL_I2C_TransmitData8	16	static
../Src/i2c.c:15:9:i2c_init	8	static
../Src/i2c.c:48:9:i2c_reg_write_it	40	static
../Src/i2c.c:66:9:i2c_reg_read_it	40	static
../Src/i2c.c:89:6:i2c_it_transmit_callback	8	static
../Src/i2c.c:105:6:i2c_it_receive_callback	16	static
