D:/STM32_Workspace_Kurs_Low_Layer/06_03_Kurs_STM32_LL_ADC_Single_IT/Drivers/CMSIS/Inc/core_cm0plus.h:741:22:__NVIC_EnableIRQ	16	static,ignoring_inline_asm
D:/STM32_Workspace_Kurs_Low_Layer/06_03_Kurs_STM32_LL_ADC_Single_IT/Drivers/CMSIS/Inc/core_cm0plus.h:850:22:__NVIC_SetPriority	24	static
D:/STM32_Workspace_Kurs_Low_Layer/06_03_Kurs_STM32_LL_ADC_Single_IT/Drivers/STM32G0xx_LL_Driver/Inc/stm32g0xx_ll_rcc.h:1343:22:LL_RCC_HSI_Enable	8	static
D:/STM32_Workspace_Kurs_Low_Layer/06_03_Kurs_STM32_LL_ADC_Single_IT/Drivers/STM32G0xx_LL_Driver/Inc/stm32g0xx_ll_rcc.h:1363:26:LL_RCC_HSI_IsReady	8	static
D:/STM32_Workspace_Kurs_Low_Layer/06_03_Kurs_STM32_LL_ADC_Single_IT/Drivers/STM32G0xx_LL_Driver/Inc/stm32g0xx_ll_rcc.h:1684:22:LL_RCC_SetSysClkSource	16	static
D:/STM32_Workspace_Kurs_Low_Layer/06_03_Kurs_STM32_LL_ADC_Single_IT/Drivers/STM32G0xx_LL_Driver/Inc/stm32g0xx_ll_rcc.h:1699:26:LL_RCC_GetSysClkSource	8	static
D:/STM32_Workspace_Kurs_Low_Layer/06_03_Kurs_STM32_LL_ADC_Single_IT/Drivers/STM32G0xx_LL_Driver/Inc/stm32g0xx_ll_rcc.h:1719:22:LL_RCC_SetAHBPrescaler	16	static
D:/STM32_Workspace_Kurs_Low_Layer/06_03_Kurs_STM32_LL_ADC_Single_IT/Drivers/STM32G0xx_LL_Driver/Inc/stm32g0xx_ll_rcc.h:1735:22:LL_RCC_SetAPB1Prescaler	16	static
D:/STM32_Workspace_Kurs_Low_Layer/06_03_Kurs_STM32_LL_ADC_Single_IT/Drivers/STM32G0xx_LL_Driver/Inc/stm32g0xx_ll_rcc.h:2508:22:LL_RCC_PLL_Enable	8	static
D:/STM32_Workspace_Kurs_Low_Layer/06_03_Kurs_STM32_LL_ADC_Single_IT/Drivers/STM32G0xx_LL_Driver/Inc/stm32g0xx_ll_rcc.h:2529:26:LL_RCC_PLL_IsReady	8	static
D:/STM32_Workspace_Kurs_Low_Layer/06_03_Kurs_STM32_LL_ADC_Single_IT/Drivers/STM32G0xx_LL_Driver/Inc/stm32g0xx_ll_rcc.h:2566:22:LL_RCC_PLL_ConfigDomain_SYS	24	static
D:/STM32_Workspace_Kurs_Low_Layer/06_03_Kurs_STM32_LL_ADC_Single_IT/Drivers/STM32G0xx_LL_Driver/Inc/stm32g0xx_ll_rcc.h:3433:22:LL_RCC_PLL_EnableDomain_SYS	8	static
D:/STM32_Workspace_Kurs_Low_Layer/06_03_Kurs_STM32_LL_ADC_Single_IT/Drivers/STM32G0xx_LL_Driver/Inc/stm32g0xx_ll_bus.h:925:22:LL_APB2_GRP1_EnableClock	24	static
D:/STM32_Workspace_Kurs_Low_Layer/06_03_Kurs_STM32_LL_ADC_Single_IT/Drivers/STM32G0xx_LL_Driver/Inc/stm32g0xx_ll_bus.h:1139:22:LL_IOP_GRP1_EnableClock	24	static
D:/STM32_Workspace_Kurs_Low_Layer/06_03_Kurs_STM32_LL_ADC_Single_IT/Drivers/STM32G0xx_LL_Driver/Inc/stm32g0xx_ll_system.h:1972:22:LL_FLASH_SetLatency	16	static
D:/STM32_Workspace_Kurs_Low_Layer/06_03_Kurs_STM32_LL_ADC_Single_IT/Drivers/STM32G0xx_LL_Driver/Inc/stm32g0xx_ll_cortex.h:257:22:LL_SYSTICK_EnableIT	8	static
D:/STM32_Workspace_Kurs_Low_Layer/06_03_Kurs_STM32_LL_ADC_Single_IT/Drivers/STM32G0xx_LL_Driver/Inc/stm32g0xx_ll_gpio.h:283:22:LL_GPIO_SetPinMode	24	static
D:/STM32_Workspace_Kurs_Low_Layer/06_03_Kurs_STM32_LL_ADC_Single_IT/Drivers/STM32G0xx_LL_Driver/Inc/stm32g0xx_ll_gpio.h:422:22:LL_GPIO_SetPinSpeed	24	static
D:/STM32_Workspace_Kurs_Low_Layer/06_03_Kurs_STM32_LL_ADC_Single_IT/Drivers/STM32G0xx_LL_Driver/Inc/stm32g0xx_ll_gpio.h:491:22:LL_GPIO_SetPinPull	24	static
D:/STM32_Workspace_Kurs_Low_Layer/06_03_Kurs_STM32_LL_ADC_Single_IT/Drivers/STM32G0xx_LL_Driver/Inc/stm32g0xx_ll_adc.h:1915:22:LL_ADC_SetClock	16	static
D:/STM32_Workspace_Kurs_Low_Layer/06_03_Kurs_STM32_LL_ADC_Single_IT/Drivers/STM32G0xx_LL_Driver/Inc/stm32g0xx_ll_adc.h:1996:22:LL_ADC_SetResolution	16	static
D:/STM32_Workspace_Kurs_Low_Layer/06_03_Kurs_STM32_LL_ADC_Single_IT/Drivers/STM32G0xx_LL_Driver/Inc/stm32g0xx_ll_adc.h:2032:22:LL_ADC_SetDataAlignment	16	static
D:/STM32_Workspace_Kurs_Low_Layer/06_03_Kurs_STM32_LL_ADC_Single_IT/Drivers/STM32G0xx_LL_Driver/Inc/stm32g0xx_ll_adc.h:2249:22:LL_ADC_SetSamplingTimeCommonChannels	24	static
D:/STM32_Workspace_Kurs_Low_Layer/06_03_Kurs_STM32_LL_ADC_Single_IT/Drivers/STM32G0xx_LL_Driver/Inc/stm32g0xx_ll_adc.h:2461:22:LL_ADC_REG_SetSequencerConfigurable	16	static
D:/STM32_Workspace_Kurs_Low_Layer/06_03_Kurs_STM32_LL_ADC_Single_IT/Drivers/STM32G0xx_LL_Driver/Inc/stm32g0xx_ll_adc.h:2487:26:LL_ADC_REG_GetSequencerConfigurable	16	static
D:/STM32_Workspace_Kurs_Low_Layer/06_03_Kurs_STM32_LL_ADC_Single_IT/Drivers/STM32G0xx_LL_Driver/Inc/stm32g0xx_ll_adc.h:2975:22:LL_ADC_REG_SetSequencerChannels	16	static
D:/STM32_Workspace_Kurs_Low_Layer/06_03_Kurs_STM32_LL_ADC_Single_IT/Drivers/STM32G0xx_LL_Driver/Inc/stm32g0xx_ll_adc.h:3286:22:LL_ADC_REG_SetContinuousMode	16	static
D:/STM32_Workspace_Kurs_Low_Layer/06_03_Kurs_STM32_LL_ADC_Single_IT/Drivers/STM32G0xx_LL_Driver/Inc/stm32g0xx_ll_adc.h:3499:22:LL_ADC_SetChannelSamplingTime	24	static
D:/STM32_Workspace_Kurs_Low_Layer/06_03_Kurs_STM32_LL_ADC_Single_IT/Drivers/STM32G0xx_LL_Driver/Inc/stm32g0xx_ll_adc.h:4203:22:LL_ADC_EnableInternalRegulator	16	static
D:/STM32_Workspace_Kurs_Low_Layer/06_03_Kurs_STM32_LL_ADC_Single_IT/Drivers/STM32G0xx_LL_Driver/Inc/stm32g0xx_ll_adc.h:4254:22:LL_ADC_Enable	16	static
D:/STM32_Workspace_Kurs_Low_Layer/06_03_Kurs_STM32_LL_ADC_Single_IT/Drivers/STM32G0xx_LL_Driver/Inc/stm32g0xx_ll_adc.h:4384:22:LL_ADC_REG_StartConversion	16	static
D:/STM32_Workspace_Kurs_Low_Layer/06_03_Kurs_STM32_LL_ADC_Single_IT/Drivers/STM32G0xx_LL_Driver/Inc/stm32g0xx_ll_adc.h:4527:26:LL_ADC_IsActiveFlag_ADRDY	16	static
D:/STM32_Workspace_Kurs_Low_Layer/06_03_Kurs_STM32_LL_ADC_Single_IT/Drivers/STM32G0xx_LL_Driver/Inc/stm32g0xx_ll_adc.h:4554:26:LL_ADC_IsActiveFlag_CCRDY	16	static
D:/STM32_Workspace_Kurs_Low_Layer/06_03_Kurs_STM32_LL_ADC_Single_IT/Drivers/STM32G0xx_LL_Driver/Inc/stm32g0xx_ll_adc.h:4656:22:LL_ADC_ClearFlag_ADRDY	16	static
D:/STM32_Workspace_Kurs_Low_Layer/06_03_Kurs_STM32_LL_ADC_Single_IT/Drivers/STM32G0xx_LL_Driver/Inc/stm32g0xx_ll_adc.h:4667:22:LL_ADC_ClearFlag_CCRDY	16	static
D:/STM32_Workspace_Kurs_Low_Layer/06_03_Kurs_STM32_LL_ADC_Single_IT/Drivers/STM32G0xx_LL_Driver/Inc/stm32g0xx_ll_adc.h:4796:22:LL_ADC_EnableIT_EOC	16	static
../Src/main.c:29:5:main	16	static
