D:/STM32_Workspace_Kurs_Low_Layer/08_02_Kurs_STM32_LL_SPI_Master_IT/Drivers/CMSIS/Inc/core_cm0plus.h:741:22:__NVIC_EnableIRQ	16	static,ignoring_inline_asm
D:/STM32_Workspace_Kurs_Low_Layer/08_02_Kurs_STM32_LL_SPI_Master_IT/Drivers/CMSIS/Inc/core_cm0plus.h:850:22:__NVIC_SetPriority	24	static
D:/STM32_Workspace_Kurs_Low_Layer/08_02_Kurs_STM32_LL_SPI_Master_IT/Drivers/STM32G0xx_LL_Driver/Inc/stm32g0xx_ll_bus.h:925:22:LL_APB2_GRP1_EnableClock	24	static
D:/STM32_Workspace_Kurs_Low_Layer/08_02_Kurs_STM32_LL_SPI_Master_IT/Drivers/STM32G0xx_LL_Driver/Inc/stm32g0xx_ll_bus.h:1139:22:LL_IOP_GRP1_EnableClock	24	static
D:/STM32_Workspace_Kurs_Low_Layer/08_02_Kurs_STM32_LL_SPI_Master_IT/Drivers/STM32G0xx_LL_Driver/Inc/stm32g0xx_ll_gpio.h:283:22:LL_GPIO_SetPinMode	24	static
D:/STM32_Workspace_Kurs_Low_Layer/08_02_Kurs_STM32_LL_SPI_Master_IT/Drivers/STM32G0xx_LL_Driver/Inc/stm32g0xx_ll_gpio.h:351:22:LL_GPIO_SetPinOutputType	24	static
D:/STM32_Workspace_Kurs_Low_Layer/08_02_Kurs_STM32_LL_SPI_Master_IT/Drivers/STM32G0xx_LL_Driver/Inc/stm32g0xx_ll_gpio.h:422:22:LL_GPIO_SetPinSpeed	24	static
D:/STM32_Workspace_Kurs_Low_Layer/08_02_Kurs_STM32_LL_SPI_Master_IT/Drivers/STM32G0xx_LL_Driver/Inc/stm32g0xx_ll_gpio.h:491:22:LL_GPIO_SetPinPull	24	static
D:/STM32_Workspace_Kurs_Low_Layer/08_02_Kurs_STM32_LL_SPI_Master_IT/Drivers/STM32G0xx_LL_Driver/Inc/stm32g0xx_ll_gpio.h:554:22:LL_GPIO_SetAFPin_0_7	24	static
D:/STM32_Workspace_Kurs_Low_Layer/08_02_Kurs_STM32_LL_SPI_Master_IT/Drivers/STM32G0xx_LL_Driver/Inc/stm32g0xx_ll_gpio.h:857:22:LL_GPIO_SetOutputPin	16	static
D:/STM32_Workspace_Kurs_Low_Layer/08_02_Kurs_STM32_LL_SPI_Master_IT/Drivers/STM32G0xx_LL_Driver/Inc/stm32g0xx_ll_gpio.h:886:22:LL_GPIO_ResetOutputPin	16	static
D:/STM32_Workspace_Kurs_Low_Layer/08_02_Kurs_STM32_LL_SPI_Master_IT/Drivers/STM32G0xx_LL_Driver/Inc/stm32g0xx_ll_spi.h:358:22:LL_SPI_Enable	16	static
D:/STM32_Workspace_Kurs_Low_Layer/08_02_Kurs_STM32_LL_SPI_Master_IT/Drivers/STM32G0xx_LL_Driver/Inc/stm32g0xx_ll_spi.h:370:22:LL_SPI_Disable	16	static
D:/STM32_Workspace_Kurs_Low_Layer/08_02_Kurs_STM32_LL_SPI_Master_IT/Drivers/STM32G0xx_LL_Driver/Inc/stm32g0xx_ll_spi.h:397:22:LL_SPI_SetMode	16	static
D:/STM32_Workspace_Kurs_Low_Layer/08_02_Kurs_STM32_LL_SPI_Master_IT/Drivers/STM32G0xx_LL_Driver/Inc/stm32g0xx_ll_spi.h:426:22:LL_SPI_SetStandard	16	static
D:/STM32_Workspace_Kurs_Low_Layer/08_02_Kurs_STM32_LL_SPI_Master_IT/Drivers/STM32G0xx_LL_Driver/Inc/stm32g0xx_ll_spi.h:455:22:LL_SPI_SetClockPhase	16	static
D:/STM32_Workspace_Kurs_Low_Layer/08_02_Kurs_STM32_LL_SPI_Master_IT/Drivers/STM32G0xx_LL_Driver/Inc/stm32g0xx_ll_spi.h:484:22:LL_SPI_SetClockPolarity	16	static
D:/STM32_Workspace_Kurs_Low_Layer/08_02_Kurs_STM32_LL_SPI_Master_IT/Drivers/STM32G0xx_LL_Driver/Inc/stm32g0xx_ll_spi.h:518:22:LL_SPI_SetBaudRatePrescaler	16	static
D:/STM32_Workspace_Kurs_Low_Layer/08_02_Kurs_STM32_LL_SPI_Master_IT/Drivers/STM32G0xx_LL_Driver/Inc/stm32g0xx_ll_spi.h:552:22:LL_SPI_SetTransferBitOrder	16	static
D:/STM32_Workspace_Kurs_Low_Layer/08_02_Kurs_STM32_LL_SPI_Master_IT/Drivers/STM32G0xx_LL_Driver/Inc/stm32g0xx_ll_spi.h:585:22:LL_SPI_SetTransferDirection	16	static
D:/STM32_Workspace_Kurs_Low_Layer/08_02_Kurs_STM32_LL_SPI_Master_IT/Drivers/STM32G0xx_LL_Driver/Inc/stm32g0xx_ll_spi.h:627:22:LL_SPI_SetDataWidth	16	static
D:/STM32_Workspace_Kurs_Low_Layer/08_02_Kurs_STM32_LL_SPI_Master_IT/Drivers/STM32G0xx_LL_Driver/Inc/stm32g0xx_ll_spi.h:665:22:LL_SPI_SetRxFIFOThreshold	16	static
D:/STM32_Workspace_Kurs_Low_Layer/08_02_Kurs_STM32_LL_SPI_Master_IT/Drivers/STM32G0xx_LL_Driver/Inc/stm32g0xx_ll_spi.h:832:22:LL_SPI_SetNSSMode	16	static
D:/STM32_Workspace_Kurs_Low_Layer/08_02_Kurs_STM32_LL_SPI_Master_IT/Drivers/STM32G0xx_LL_Driver/Inc/stm32g0xx_ll_spi.h:905:26:LL_SPI_IsActiveFlag_RXNE	16	static
D:/STM32_Workspace_Kurs_Low_Layer/08_02_Kurs_STM32_LL_SPI_Master_IT/Drivers/STM32G0xx_LL_Driver/Inc/stm32g0xx_ll_spi.h:916:26:LL_SPI_IsActiveFlag_TXE	16	static
D:/STM32_Workspace_Kurs_Low_Layer/08_02_Kurs_STM32_LL_SPI_Master_IT/Drivers/STM32G0xx_LL_Driver/Inc/stm32g0xx_ll_spi.h:967:26:LL_SPI_IsActiveFlag_BSY	16	static
D:/STM32_Workspace_Kurs_Low_Layer/08_02_Kurs_STM32_LL_SPI_Master_IT/Drivers/STM32G0xx_LL_Driver/Inc/stm32g0xx_ll_spi.h:993:26:LL_SPI_GetRxFIFOLevel	16	static
D:/STM32_Workspace_Kurs_Low_Layer/08_02_Kurs_STM32_LL_SPI_Master_IT/Drivers/STM32G0xx_LL_Driver/Inc/stm32g0xx_ll_spi.h:1008:26:LL_SPI_GetTxFIFOLevel	16	static
D:/STM32_Workspace_Kurs_Low_Layer/08_02_Kurs_STM32_LL_SPI_Master_IT/Drivers/STM32G0xx_LL_Driver/Inc/stm32g0xx_ll_spi.h:1048:22:LL_SPI_ClearFlag_OVR	24	static
D:/STM32_Workspace_Kurs_Low_Layer/08_02_Kurs_STM32_LL_SPI_Master_IT/Drivers/STM32G0xx_LL_Driver/Inc/stm32g0xx_ll_spi.h:1097:22:LL_SPI_EnableIT_RXNE	16	static
D:/STM32_Workspace_Kurs_Low_Layer/08_02_Kurs_STM32_LL_SPI_Master_IT/Drivers/STM32G0xx_LL_Driver/Inc/stm32g0xx_ll_spi.h:1108:22:LL_SPI_EnableIT_TXE	16	static
D:/STM32_Workspace_Kurs_Low_Layer/08_02_Kurs_STM32_LL_SPI_Master_IT/Drivers/STM32G0xx_LL_Driver/Inc/stm32g0xx_ll_spi.h:1131:22:LL_SPI_DisableIT_RXNE	16	static
D:/STM32_Workspace_Kurs_Low_Layer/08_02_Kurs_STM32_LL_SPI_Master_IT/Drivers/STM32G0xx_LL_Driver/Inc/stm32g0xx_ll_spi.h:1142:22:LL_SPI_DisableIT_TXE	16	static
D:/STM32_Workspace_Kurs_Low_Layer/08_02_Kurs_STM32_LL_SPI_Master_IT/Drivers/STM32G0xx_LL_Driver/Inc/stm32g0xx_ll_spi.h:1164:26:LL_SPI_IsEnabledIT_RXNE	16	static
D:/STM32_Workspace_Kurs_Low_Layer/08_02_Kurs_STM32_LL_SPI_Master_IT/Drivers/STM32G0xx_LL_Driver/Inc/stm32g0xx_ll_spi.h:1333:25:LL_SPI_ReceiveData8	16	static
D:/STM32_Workspace_Kurs_Low_Layer/08_02_Kurs_STM32_LL_SPI_Master_IT/Drivers/STM32G0xx_LL_Driver/Inc/stm32g0xx_ll_spi.h:1356:22:LL_SPI_TransmitData8	24	static
../Src/spi.c:17:6:spi_init	8	static
../Src/spi.c:63:6:spi_cs_set_high	8	static
../Src/spi.c:68:6:spi_cs_set_low	8	static
../Src/spi.c:73:6:spi_write_data	24	static
../Src/spi.c:105:6:spi_read_data	32	static
../Src/spi.c:142:6:spi_write_data_it	16	static
../Src/spi.c:151:6:spi_read_data_it	16	static
../Src/spi.c:163:6:spi_it_transmit_callback	8	static
../Src/spi.c:205:6:spi_it_receive_callback	16	static
../Src/spi.c:240:28:spi_transfer_cplt_callback	16	static
