D:/STM32_Workspace_Kurs_Low_Layer/08_01_Kurs_STM32_LL_SPI_Master_TX_Polling/Drivers/STM32G0xx_LL_Driver/Inc/stm32g0xx_ll_gpio.h:776:26:LL_GPIO_IsInputPinSet	16	static
D:/STM32_Workspace_Kurs_Low_Layer/08_01_Kurs_STM32_LL_SPI_Master_TX_Polling/Drivers/STM32G0xx_LL_Driver/Inc/stm32g0xx_ll_gpio.h:857:22:LL_GPIO_SetOutputPin	16	static
D:/STM32_Workspace_Kurs_Low_Layer/08_01_Kurs_STM32_LL_SPI_Master_TX_Polling/Drivers/STM32G0xx_LL_Driver/Inc/stm32g0xx_ll_gpio.h:886:22:LL_GPIO_ResetOutputPin	16	static
../User/e-Paper/EPD_5in83b_V2.c:37:13:EPD_5IN83B_V2_Reset	8	static
../User/e-Paper/EPD_5in83b_V2.c:52:13:EPD_5IN83B_V2_SendCommand	16	static
../User/e-Paper/EPD_5in83b_V2.c:65:13:EPD_5IN83B_V2_SendData	16	static
../User/e-Paper/EPD_5in83b_V2.c:77:6:EPD_5IN83B_V2_WaitUntilIdle	16	static
../User/e-Paper/EPD_5in83b_V2.c:96:13:EPD_5IN83B_V2_TurnOnDisplay	8	static
../User/e-Paper/EPD_5in83b_V2.c:107:7:EPD_5IN83B_V2_Init	8	static
../User/e-Paper/EPD_5in83b_V2.c:147:6:EPD_5IN83B_V2_Clear	16	static
../User/e-Paper/EPD_5in83b_V2.c:170:6:EPD_5IN83B_V2_Clear_C	32	static
../User/e-Paper/EPD_5in83b_V2.c:219:6:EPD_5IN83B_V2_Display	40	static
../User/e-Paper/EPD_5in83b_V2.c:241:6:EPD_5IN83B_V2_DisplayPicture	88	static
../User/e-Paper/EPD_5in83b_V2.c:306:6:EPD_5IN83B_V2_Sleep	8	static
