D:/STM32_Workspace_Kurs_Low_Layer/08_01_Kurs_STM32_LL_SPI_Master_TX_Polling/Drivers/STM32G0xx_LL_Driver/Inc/stm32g0xx_ll_gpio.h:776:26:LL_GPIO_IsInputPinSet	16	static
D:/STM32_Workspace_Kurs_Low_Layer/08_01_Kurs_STM32_LL_SPI_Master_TX_Polling/Drivers/STM32G0xx_LL_Driver/Inc/stm32g0xx_ll_gpio.h:857:22:LL_GPIO_SetOutputPin	16	static
D:/STM32_Workspace_Kurs_Low_Layer/08_01_Kurs_STM32_LL_SPI_Master_TX_Polling/Drivers/STM32G0xx_LL_Driver/Inc/stm32g0xx_ll_gpio.h:886:22:LL_GPIO_ResetOutputPin	16	static
../User/e-Paper/EPD_5in65f.c:37:13:EPD_5IN65F_Reset	8	static
../User/e-Paper/EPD_5in65f.c:52:13:EPD_5IN65F_SendCommand	16	static
../User/e-Paper/EPD_5in65f.c:65:13:EPD_5IN65F_SendData	16	static
../User/e-Paper/EPD_5in65f.c:74:13:EPD_5IN65F_BusyHigh	8	static
../User/e-Paper/EPD_5in65f.c:79:13:EPD_5IN65F_BusyLow	8	static
../User/e-Paper/EPD_5in65f.c:88:6:EPD_5IN65F_Init	8	static
../User/e-Paper/EPD_5in65f.c:131:6:EPD_5IN65F_Clear	24	static
../User/e-Paper/EPD_5in65f.c:156:6:EPD_5IN65F_Display	24	static
../User/e-Paper/EPD_5in65f.c:183:6:EPD_5IN65F_Display_part	40	static
../User/e-Paper/EPD_5in65f.c:217:6:EPD_5IN65F_Sleep	8	static
