D:/STM32_Workspace_Kurs_Low_Layer/08_01_Kurs_STM32_LL_SPI_Master_TX_Polling/Drivers/STM32G0xx_LL_Driver/Inc/stm32g0xx_ll_gpio.h:776:26:LL_GPIO_IsInputPinSet	16	static
D:/STM32_Workspace_Kurs_Low_Layer/08_01_Kurs_STM32_LL_SPI_Master_TX_Polling/Drivers/STM32G0xx_LL_Driver/Inc/stm32g0xx_ll_gpio.h:857:22:LL_GPIO_SetOutputPin	16	static
D:/STM32_Workspace_Kurs_Low_Layer/08_01_Kurs_STM32_LL_SPI_Master_TX_Polling/Drivers/STM32G0xx_LL_Driver/Inc/stm32g0xx_ll_gpio.h:886:22:LL_GPIO_ResetOutputPin	16	static
../User/e-Paper/EPD_2in66.c:57:13:EPD_2IN66_Reset	8	static
../User/e-Paper/EPD_2in66.c:72:13:EPD_2IN66_SendCommand	16	static
../User/e-Paper/EPD_2in66.c:85:13:EPD_2IN66_SendData	16	static
../User/e-Paper/EPD_2in66.c:97:6:EPD_2IN66_ReadBusy	8	static
../User/e-Paper/EPD_2in66.c:113:13:EPD_2IN66_TurnOnDisplay	8	static
../User/e-Paper/EPD_2in66.c:124:13:EPD_2IN66_SetLUA	16	static
../User/e-Paper/EPD_2in66.c:138:6:EPD_2IN66_Init	8	static
../User/e-Paper/EPD_2in66.c:166:6:EPD_2IN66_Init_Partial	8	static
../User/e-Paper/EPD_2in66.c:213:6:EPD_2IN66_Clear	16	static
../User/e-Paper/EPD_2in66.c:231:6:EPD_2IN66_Display	40	static
../User/e-Paper/EPD_2in66.c:254:6:EPD_2IN66_Sleep	8	static
