D:/STM32_Workspace_Kurs_Low_Layer/08_01_Kurs_STM32_LL_SPI_Master_TX_Polling/Drivers/STM32G0xx_LL_Driver/Inc/stm32g0xx_ll_gpio.h:776:26:LL_GPIO_IsInputPinSet	16	static
D:/STM32_Workspace_Kurs_Low_Layer/08_01_Kurs_STM32_LL_SPI_Master_TX_Polling/Drivers/STM32G0xx_LL_Driver/Inc/stm32g0xx_ll_gpio.h:857:22:LL_GPIO_SetOutputPin	16	static
D:/STM32_Workspace_Kurs_Low_Layer/08_01_Kurs_STM32_LL_SPI_Master_TX_Polling/Drivers/STM32G0xx_LL_Driver/Inc/stm32g0xx_ll_gpio.h:886:22:LL_GPIO_ResetOutputPin	16	static
../User/e-Paper/EPD_2in9d.c:112:13:EPD_2IN9D_Reset	8	static
../User/e-Paper/EPD_2in9d.c:135:13:EPD_2IN9D_SendCommand	16	static
../User/e-Paper/EPD_2in9d.c:148:13:EPD_2IN9D_SendData	16	static
../User/e-Paper/EPD_2in9d.c:160:6:EPD_2IN9D_ReadBusy	16	static
../User/e-Paper/EPD_2in9d.c:177:13:EPD_2IN9D_SetPartReg	16	static
../User/e-Paper/EPD_2in9d.c:243:13:EPD_2IN9D_TurnOnDisplay	8	static
../User/e-Paper/EPD_2in9d.c:255:6:EPD_2IN9D_Init	8	static
../User/e-Paper/EPD_2in9d.c:278:6:EPD_2IN9D_Clear	24	static
../User/e-Paper/EPD_2in9d.c:304:6:EPD_2IN9D_Display	40	static
../User/e-Paper/EPD_2in9d.c:331:6:EPD_2IN9D_DisplayPart	32	static
../User/e-Paper/EPD_2in9d.c:365:6:EPD_2IN9D_Sleep	8	static
