D:/STM32_Workspace_Kurs_Low_Layer/08_01_Kurs_STM32_LL_SPI_Master_TX_Polling/Drivers/STM32G0xx_LL_Driver/Inc/stm32g0xx_ll_gpio.h:776:26:LL_GPIO_IsInputPinSet	16	static
D:/STM32_Workspace_Kurs_Low_Layer/08_01_Kurs_STM32_LL_SPI_Master_TX_Polling/Drivers/STM32G0xx_LL_Driver/Inc/stm32g0xx_ll_gpio.h:857:22:LL_GPIO_SetOutputPin	16	static
D:/STM32_Workspace_Kurs_Low_Layer/08_01_Kurs_STM32_LL_SPI_Master_TX_Polling/Drivers/STM32G0xx_LL_Driver/Inc/stm32g0xx_ll_gpio.h:886:22:LL_GPIO_ResetOutputPin	16	static
../User/e-Paper/EPD_2in9bc.c:91:13:EPD_2IN9BC_Reset	8	static
../User/e-Paper/EPD_2in9bc.c:106:13:EPD_2IN9BC_SendCommand	16	static
../User/e-Paper/EPD_2in9bc.c:119:13:EPD_2IN9BC_SendData	16	static
../User/e-Paper/EPD_2in9bc.c:131:6:EPD_2IN9BC_ReadBusy	8	static
../User/e-Paper/EPD_2in9bc.c:144:6:EPD_2IN9BC_Init	8	static
../User/e-Paper/EPD_2in9bc.c:175:6:EPD_2IN9BC_Clear	24	static
../User/e-Paper/EPD_2in9bc.c:204:6:EPD_2IN9BC_Display	40	static
../User/e-Paper/EPD_2in9bc.c:234:6:EPD_2IN9BC_Sleep	8	static
