D:/STM32_Workspace_Kurs_Low_Layer/08_01_Kurs_STM32_LL_SPI_Master_TX_Polling/Drivers/STM32G0xx_LL_Driver/Inc/stm32g0xx_ll_gpio.h:776:26:LL_GPIO_IsInputPinSet	16	static
D:/STM32_Workspace_Kurs_Low_Layer/08_01_Kurs_STM32_LL_SPI_Master_TX_Polling/Drivers/STM32G0xx_LL_Driver/Inc/stm32g0xx_ll_gpio.h:857:22:LL_GPIO_SetOutputPin	16	static
D:/STM32_Workspace_Kurs_Low_Layer/08_01_Kurs_STM32_LL_SPI_Master_TX_Polling/Drivers/STM32G0xx_LL_Driver/Inc/stm32g0xx_ll_gpio.h:886:22:LL_GPIO_ResetOutputPin	16	static
../User/e-Paper/EPD_2in13d.c:172:13:EPD_2IN13D_Reset	8	static
../User/e-Paper/EPD_2in13d.c:187:13:EPD_2IN13D_SendCommand	16	static
../User/e-Paper/EPD_2in13d.c:200:13:EPD_2IN13D_SendData	16	static
../User/e-Paper/EPD_2in13d.c:212:13:EPD_2IN13D_ReadBusy	16	static
../User/e-Paper/EPD_2in13d.c:229:13:EPD_2IN13D_SetFullReg	16	static
../User/e-Paper/EPD_2in13d.c:265:13:EPD_2IN13D_SetPartReg	16	static
../User/e-Paper/EPD_2in13d.c:303:13:EPD_2IN13D_TurnOnDisplay	8	static
../User/e-Paper/EPD_2in13d.c:315:6:EPD_2IN13D_Init	8	static
../User/e-Paper/EPD_2in13d.c:354:6:EPD_2IN13D_Clear	24	static
../User/e-Paper/EPD_2in13d.c:382:6:EPD_2IN13D_Display	40	static
../User/e-Paper/EPD_2in13d.c:412:6:EPD_2IN13D_DisplayPart	40	static
../User/e-Paper/EPD_2in13d.c:454:6:EPD_2IN13D_Sleep	8	static
