D:/STM32_Workspace_Kurs_Low_Layer/08_01_Kurs_STM32_LL_SPI_Master_TX_Polling/Drivers/STM32G0xx_LL_Driver/Inc/stm32g0xx_ll_gpio.h:776:26:LL_GPIO_IsInputPinSet	16	static
D:/STM32_Workspace_Kurs_Low_Layer/08_01_Kurs_STM32_LL_SPI_Master_TX_Polling/Drivers/STM32G0xx_LL_Driver/Inc/stm32g0xx_ll_gpio.h:857:22:LL_GPIO_SetOutputPin	16	static
D:/STM32_Workspace_Kurs_Low_Layer/08_01_Kurs_STM32_LL_SPI_Master_TX_Polling/Drivers/STM32G0xx_LL_Driver/Inc/stm32g0xx_ll_gpio.h:886:22:LL_GPIO_ResetOutputPin	16	static
../User/e-Paper/EPD_2in9_V2.c:84:13:EPD_2IN9_V2_Reset	8	static
../User/e-Paper/EPD_2in9_V2.c:99:13:EPD_2IN9_V2_SendCommand	16	static
../User/e-Paper/EPD_2in9_V2.c:112:13:EPD_2IN9_V2_SendData	16	static
../User/e-Paper/EPD_2in9_V2.c:124:6:EPD_2IN9_V2_ReadBusy	8	static
../User/e-Paper/EPD_2in9_V2.c:137:13:EPD_2IN9_V2_LUT	32	static
../User/e-Paper/EPD_2in9_V2.c:146:13:EPD_2IN9_V2_LUT_by_host	16	static
../User/e-Paper/EPD_2in9_V2.c:166:13:EPD_2IN9_V2_TurnOnDisplay	8	static
../User/e-Paper/EPD_2in9_V2.c:174:13:EPD_2IN9_V2_TurnOnDisplay_Partial	8	static
../User/e-Paper/EPD_2in9_V2.c:186:13:EPD_2IN9_V2_SetWindows	24	static
../User/e-Paper/EPD_2in9_V2.c:203:13:EPD_2IN9_V2_SetCursor	16	static
../User/e-Paper/EPD_2in9_V2.c:217:6:EPD_2IN9_V2_Init	8	static
../User/e-Paper/EPD_2in9_V2.c:256:6:EPD_2IN9_V2_Clear	16	static
../User/e-Paper/EPD_2in9_V2.c:271:6:EPD_2IN9_V2_Display	32	static
../User/e-Paper/EPD_2in9_V2.c:282:6:EPD_2IN9_V2_Display_Base	32	static
../User/e-Paper/EPD_2in9_V2.c:299:6:EPD_2IN9_V2_Display_Partial	32	static
../User/e-Paper/EPD_2in9_V2.c:345:6:EPD_2IN9_V2_Sleep	8	static
