D:/STM32_Workspace_Kurs_Low_Layer/08_01_Kurs_STM32_LL_SPI_Master_TX_Polling/Drivers/STM32G0xx_LL_Driver/Inc/stm32g0xx_ll_gpio.h:776:26:LL_GPIO_IsInputPinSet	16	static
D:/STM32_Workspace_Kurs_Low_Layer/08_01_Kurs_STM32_LL_SPI_Master_TX_Polling/Drivers/STM32G0xx_LL_Driver/Inc/stm32g0xx_ll_gpio.h:857:22:LL_GPIO_SetOutputPin	16	static
D:/STM32_Workspace_Kurs_Low_Layer/08_01_Kurs_STM32_LL_SPI_Master_TX_Polling/Drivers/STM32G0xx_LL_Driver/Inc/stm32g0xx_ll_gpio.h:886:22:LL_GPIO_ResetOutputPin	16	static
../User/e-Paper/EPD_2in7_V2.c:61:13:EPD_2IN7_V2_Reset	8	static
../User/e-Paper/EPD_2in7_V2.c:76:13:EPD_2IN7_V2_SendCommand	16	static
../User/e-Paper/EPD_2in7_V2.c:89:13:EPD_2IN7_V2_SendData	16	static
../User/e-Paper/EPD_2in7_V2.c:101:13:EPD_2IN7_V2_ReadBusy	8	static
../User/e-Paper/EPD_2in7_V2.c:116:13:EPD_2IN7_V2_TurnOnDisplay	8	static
../User/e-Paper/EPD_2in7_V2.c:124:13:EPD_2IN7_V2_TurnOnDisplay_Fast	8	static
../User/e-Paper/EPD_2in7_V2.c:132:13:EPD_2IN7_V2_TurnOnDisplay_Partial	8	static
../User/e-Paper/EPD_2in7_V2.c:140:13:EPD_2IN7_V2_TurnOnDisplay_4GRAY	8	static
../User/e-Paper/EPD_2in7_V2.c:151:13:EPD_2IN7_V2_Lut	16	static
../User/e-Paper/EPD_2in7_V2.c:165:6:EPD_2IN7_V2_Init	8	static
../User/e-Paper/EPD_2in7_V2.c:187:6:EPD_2IN7_V2_Init_Fast	8	static
../User/e-Paper/EPD_2in7_V2.c:225:6:EPD_2IN7_V2_Init_4GRAY	8	static
../User/e-Paper/EPD_2in7_V2.c:291:6:EPD_2IN7_V2_Clear	16	static
../User/e-Paper/EPD_2in7_V2.c:311:6:EPD_2IN7_V2_Display	32	static
../User/e-Paper/EPD_2in7_V2.c:327:6:EPD_2IN7_V2_Display_Fast	32	static
../User/e-Paper/EPD_2in7_V2.c:342:6:EPD_2IN7_V2_Display_Base	40	static
../User/e-Paper/EPD_2in7_V2.c:363:6:EPD_2IN7_V2_Display_Base_color	32	static
../User/e-Paper/EPD_2in7_V2.c:384:6:EPD_2IN7_V2_Display_Partial	48	static
../User/e-Paper/EPD_2in7_V2.c:434:6:EPD_2IN7_V2_4GrayDisplay	40	static
../User/e-Paper/EPD_2in7_V2.c:522:6:EPD_2IN7_V2_Sleep	8	static
