D:/STM32_Workspace_Kurs_Low_Layer/08_01_Kurs_STM32_LL_SPI_Master_TX_Polling/Drivers/STM32G0xx_LL_Driver/Inc/stm32g0xx_ll_gpio.h:776:26:LL_GPIO_IsInputPinSet	16	static
D:/STM32_Workspace_Kurs_Low_Layer/08_01_Kurs_STM32_LL_SPI_Master_TX_Polling/Drivers/STM32G0xx_LL_Driver/Inc/stm32g0xx_ll_gpio.h:857:22:LL_GPIO_SetOutputPin	16	static
D:/STM32_Workspace_Kurs_Low_Layer/08_01_Kurs_STM32_LL_SPI_Master_TX_Polling/Drivers/STM32G0xx_LL_Driver/Inc/stm32g0xx_ll_gpio.h:886:22:LL_GPIO_ResetOutputPin	16	static
../User/e-Paper/EPD_2in9.c:102:13:EPD_2IN9_Reset	8	static
../User/e-Paper/EPD_2in9.c:117:13:EPD_2IN9_SendCommand	16	static
../User/e-Paper/EPD_2in9.c:130:13:EPD_2IN9_SendData	16	static
../User/e-Paper/EPD_2in9.c:142:6:EPD_2IN9_ReadBusy	8	static
../User/e-Paper/EPD_2in9.c:155:13:EPD_2IN9_SetWindows	24	static
../User/e-Paper/EPD_2in9.c:172:13:EPD_2IN9_SetCursor	16	static
../User/e-Paper/EPD_2in9.c:186:13:EPD_2IN9_TurnOnDisplay	8	static
../User/e-Paper/EPD_2in9.c:200:6:EPD_2IN9_Init	32	static
../User/e-Paper/EPD_2in9.c:247:6:EPD_2IN9_Clear	16	static
../User/e-Paper/EPD_2in9.c:267:6:EPD_2IN9_Display	40	static
../User/e-Paper/EPD_2in9.c:291:6:EPD_2IN9_Sleep	8	static
