D:/STM32_Workspace_Kurs_Low_Layer/08_01_Kurs_STM32_LL_SPI_Master_TX_Polling/Drivers/STM32G0xx_LL_Driver/Inc/stm32g0xx_ll_gpio.h:776:26:LL_GPIO_IsInputPinSet	16	static
D:/STM32_Workspace_Kurs_Low_Layer/08_01_Kurs_STM32_LL_SPI_Master_TX_Polling/Drivers/STM32G0xx_LL_Driver/Inc/stm32g0xx_ll_gpio.h:857:22:LL_GPIO_SetOutputPin	16	static
D:/STM32_Workspace_Kurs_Low_Layer/08_01_Kurs_STM32_LL_SPI_Master_TX_Polling/Drivers/STM32G0xx_LL_Driver/Inc/stm32g0xx_ll_gpio.h:886:22:LL_GPIO_ResetOutputPin	16	static
../User/e-Paper/EPD_1in54_V2.c:85:13:EPD_1IN54_V2_Reset	8	static
../User/e-Paper/EPD_1in54_V2.c:100:13:EPD_1IN54_V2_SendCommand	16	static
../User/e-Paper/EPD_1in54_V2.c:113:13:EPD_1IN54_V2_SendData	16	static
../User/e-Paper/EPD_1in54_V2.c:125:13:EPD_1IN54_V2_ReadBusy	8	static
../User/e-Paper/EPD_1in54_V2.c:138:13:EPD_1IN54_V2_TurnOnDisplay	8	static
../User/e-Paper/EPD_1in54_V2.c:150:13:EPD_1IN54_V2_TurnOnDisplayPart	8	static
../User/e-Paper/EPD_1in54_V2.c:158:13:EPD_1IN54_V2_Lut	32	static
../User/e-Paper/EPD_1in54_V2.c:166:13:EPD_1IN54_V2_SetLut	16	static
../User/e-Paper/EPD_1in54_V2.c:185:13:EPD_1IN54_V2_SetWindows	24	static
../User/e-Paper/EPD_1in54_V2.c:198:13:EPD_1IN54_V2_SetCursor	16	static
../User/e-Paper/EPD_1in54_V2.c:212:6:EPD_1IN54_V2_Init	8	static
../User/e-Paper/EPD_1in54_V2.c:250:6:EPD_1IN54_V2_Init_Partial	8	static
../User/e-Paper/EPD_1in54_V2.c:281:6:EPD_1IN54_V2_Clear	24	static
../User/e-Paper/EPD_1in54_V2.c:306:6:EPD_1IN54_V2_Display	40	static
../User/e-Paper/EPD_1in54_V2.c:328:6:EPD_1IN54_V2_DisplayPartBaseImage	40	static
../User/e-Paper/EPD_1in54_V2.c:356:6:EPD_1IN54_V2_DisplayPart	40	static
../User/e-Paper/EPD_1in54_V2.c:376:6:EPD_1IN54_V2_Sleep	8	static
