D:/STM32_Workspace_Kurs_Low_Layer/08_01_Kurs_STM32_LL_SPI_Master_TX_Polling/Drivers/STM32G0xx_LL_Driver/Inc/stm32g0xx_ll_gpio.h:776:26:LL_GPIO_IsInputPinSet	16	static
D:/STM32_Workspace_Kurs_Low_Layer/08_01_Kurs_STM32_LL_SPI_Master_TX_Polling/Drivers/STM32G0xx_LL_Driver/Inc/stm32g0xx_ll_gpio.h:857:22:LL_GPIO_SetOutputPin	16	static
D:/STM32_Workspace_Kurs_Low_Layer/08_01_Kurs_STM32_LL_SPI_Master_TX_Polling/Drivers/STM32G0xx_LL_Driver/Inc/stm32g0xx_ll_gpio.h:886:22:LL_GPIO_ResetOutputPin	16	static
../User/e-Paper/EPD_2in7b.c:151:13:EPD_2IN7B_Reset	8	static
../User/e-Paper/EPD_2in7b.c:166:13:EPD_2IN7B_SendCommand	16	static
../User/e-Paper/EPD_2in7b.c:179:13:EPD_2IN7B_SendData	16	static
../User/e-Paper/EPD_2in7b.c:191:13:EPD_2IN7B_ReadBusy	8	static
../User/e-Paper/EPD_2in7b.c:204:13:EPD_2IN7B_SetLut	16	static
../User/e-Paper/EPD_2in7b.c:237:6:EPD_2IN7B_Init	8	static
../User/e-Paper/EPD_2in7b.c:302:6:EPD_2IN7B_Clear	24	static
../User/e-Paper/EPD_2in7b.c:332:6:EPD_2IN7B_Display	40	static
../User/e-Paper/EPD_2in7b.c:362:6:EPD_2IN7B_Sleep	8	static
