D:/STM32_Workspace_Kurs_Low_Layer/08_01_Kurs_STM32_LL_SPI_Master_TX_Polling/Drivers/STM32G0xx_LL_Driver/Inc/stm32g0xx_ll_gpio.h:776:26:LL_GPIO_IsInputPinSet	16	static
D:/STM32_Workspace_Kurs_Low_Layer/08_01_Kurs_STM32_LL_SPI_Master_TX_Polling/Drivers/STM32G0xx_LL_Driver/Inc/stm32g0xx_ll_gpio.h:857:22:LL_GPIO_SetOutputPin	16	static
D:/STM32_Workspace_Kurs_Low_Layer/08_01_Kurs_STM32_LL_SPI_Master_TX_Polling/Drivers/STM32G0xx_LL_Driver/Inc/stm32g0xx_ll_gpio.h:886:22:LL_GPIO_ResetOutputPin	16	static
../User/e-Paper/EPD_2in7b_V2.c:39:13:EPD_2IN7B_V2_Reset	8	static
../User/e-Paper/EPD_2in7b_V2.c:54:13:EPD_2IN7B_V2_SendCommand	16	static
../User/e-Paper/EPD_2in7b_V2.c:67:13:EPD_2IN7B_V2_SendData	16	static
../User/e-Paper/EPD_2in7b_V2.c:79:13:EPD_2IN7B_V2_ReadBusy	8	static
../User/e-Paper/EPD_2in7b_V2.c:88:13:EPD_2IN7B_V2_TurnOnDisplay	8	static
../User/e-Paper/EPD_2in7b_V2.c:98:13:EPD_2IN7B_V2_SetWindows	24	static
../User/e-Paper/EPD_2in7b_V2.c:115:13:EPD_2IN7B_V2_SetCursor	16	static
../User/e-Paper/EPD_2in7b_V2.c:129:6:EPD_2IN7B_V2_Init	8	static
../User/e-Paper/EPD_2in7b_V2.c:153:6:EPD_2IN7B_V2_Clear	24	static
../User/e-Paper/EPD_2in7b_V2.c:180:6:EPD_2IN7B_V2_Display	40	static
../User/e-Paper/EPD_2in7b_V2.c:207:6:EPD_2IN7B_V2_Sleep	8	static
