D:/STM32_Workspace_Kurs_Low_Layer/08_01_Kurs_STM32_LL_SPI_Master_TX_Polling/Drivers/STM32G0xx_LL_Driver/Inc/stm32g0xx_ll_gpio.h:776:26:LL_GPIO_IsInputPinSet	16	static
D:/STM32_Workspace_Kurs_Low_Layer/08_01_Kurs_STM32_LL_SPI_Master_TX_Polling/Drivers/STM32G0xx_LL_Driver/Inc/stm32g0xx_ll_gpio.h:857:22:LL_GPIO_SetOutputPin	16	static
D:/STM32_Workspace_Kurs_Low_Layer/08_01_Kurs_STM32_LL_SPI_Master_TX_Polling/Drivers/STM32G0xx_LL_Driver/Inc/stm32g0xx_ll_gpio.h:886:22:LL_GPIO_ResetOutputPin	16	static
../User/e-Paper/EPD_1in54c.c:88:13:EPD_1IN54C_Reset	8	static
../User/e-Paper/EPD_1in54c.c:103:13:EPD_1IN54C_SendCommand	16	static
../User/e-Paper/EPD_1in54c.c:116:13:EPD_1IN54C_SendData	16	static
../User/e-Paper/EPD_1in54c.c:128:13:EPD_1IN54C_ReadBusy	16	static
../User/e-Paper/EPD_1in54c.c:143:6:EPD_1IN54C_Init	8	static
../User/e-Paper/EPD_1in54c.c:172:6:EPD_1IN54C_Clear	24	static
../User/e-Paper/EPD_1in54c.c:203:6:EPD_1IN54C_Display	40	static
../User/e-Paper/EPD_1in54c.c:234:6:EPD_1IN54C_Sleep	8	static
