D:/STM32_Workspace_Kurs_Low_Layer/08_01_Kurs_STM32_LL_SPI_Master_TX_Polling/Drivers/STM32G0xx_LL_Driver/Inc/stm32g0xx_ll_gpio.h:776:26:LL_GPIO_IsInputPinSet	16	static
D:/STM32_Workspace_Kurs_Low_Layer/08_01_Kurs_STM32_LL_SPI_Master_TX_Polling/Drivers/STM32G0xx_LL_Driver/Inc/stm32g0xx_ll_gpio.h:857:22:LL_GPIO_SetOutputPin	16	static
D:/STM32_Workspace_Kurs_Low_Layer/08_01_Kurs_STM32_LL_SPI_Master_TX_Polling/Drivers/STM32G0xx_LL_Driver/Inc/stm32g0xx_ll_gpio.h:886:22:LL_GPIO_ResetOutputPin	16	static
../User/e-Paper/EPD_4in2.c:278:13:EPD_4IN2_Reset	8	static
../User/e-Paper/EPD_4in2.c:301:13:EPD_4IN2_SendCommand	16	static
../User/e-Paper/EPD_4in2.c:314:13:EPD_4IN2_SendData	16	static
../User/e-Paper/EPD_4in2.c:326:6:EPD_4IN2_ReadBusy	8	static
../User/e-Paper/EPD_4in2.c:341:13:EPD_4IN2_TurnOnDisplay	8	static
../User/e-Paper/EPD_4in2.c:352:13:EPD_4IN2_Partial_SetLut	16	static
../User/e-Paper/EPD_4in2.c:376:13:EPD_4IN2_SetLut	16	static
../User/e-Paper/EPD_4in2.c:401:13:EPD_4IN2_4Gray_lut	16	static
../User/e-Paper/EPD_4in2.c:435:6:EPD_4IN2_Init_Partial	8	static
../User/e-Paper/EPD_4in2.c:475:6:EPD_4IN2_Init_Fast	8	static
../User/e-Paper/EPD_4in2.c:516:6:EPD_4IN2_Init_4Gray	8	static
../User/e-Paper/EPD_4in2.c:556:6:EPD_4IN2_Clear	24	static
../User/e-Paper/EPD_4in2.c:585:6:EPD_4IN2_Display	40	static
../User/e-Paper/EPD_4in2.c:610:6:EPD_4IN2_PartialDisplay	48	static
../User/e-Paper/EPD_4in2.c:655:6:EPD_4IN2_4GrayDisplay	48	static
../User/e-Paper/EPD_4in2.c:756:6:EPD_4IN2_Sleep	8	static
