D:/STM32_Workspace_Kurs_Low_Layer/08_01_Kurs_STM32_LL_SPI_Master_TX_Polling/Drivers/STM32G0xx_LL_Driver/Inc/stm32g0xx_ll_gpio.h:776:26:LL_GPIO_IsInputPinSet	16	static
D:/STM32_Workspace_Kurs_Low_Layer/08_01_Kurs_STM32_LL_SPI_Master_TX_Polling/Drivers/STM32G0xx_LL_Driver/Inc/stm32g0xx_ll_gpio.h:857:22:LL_GPIO_SetOutputPin	16	static
D:/STM32_Workspace_Kurs_Low_Layer/08_01_Kurs_STM32_LL_SPI_Master_TX_Polling/Drivers/STM32G0xx_LL_Driver/Inc/stm32g0xx_ll_gpio.h:886:22:LL_GPIO_ResetOutputPin	16	static
../User/e-Paper/EPD_2in13b_V4.c:38:13:EPD_2IN13B_V4_Reset	8	static
../User/e-Paper/EPD_2in13b_V4.c:53:13:EPD_2IN13B_V4_SendCommand	16	static
../User/e-Paper/EPD_2in13b_V4.c:66:13:EPD_2IN13B_V4_SendData	16	static
../User/e-Paper/EPD_2in13b_V4.c:78:6:EPD_2IN13B_V4_ReadBusy	8	static
../User/e-Paper/EPD_2in13b_V4.c:95:13:EPD_2IN13B_V4_TurnOnDisplay	8	static
../User/e-Paper/EPD_2in13b_V4.c:105:13:EPD_2IN13B_V4_SetWindows	24	static
../User/e-Paper/EPD_2in13b_V4.c:122:13:EPD_2IN13B_V4_SetCursor	16	static
../User/e-Paper/EPD_2in13b_V4.c:136:6:EPD_2IN13B_V4_Init	8	static
../User/e-Paper/EPD_2in13b_V4.c:173:6:EPD_2IN13B_V4_Clear	24	static
../User/e-Paper/EPD_2in13b_V4.c:198:6:EPD_2IN13B_V4_Display	40	static
../User/e-Paper/EPD_2in13b_V4.c:223:6:EPD_2IN13B_V4_Sleep	8	static
