Archive member included to satisfy reference by file (symbol)

c:/st/stm32cubeide_1.4.0/stm32cubeide/plugins/com.st.stm32cube.ide.mcu.externaltools.gnu-tools-for-stm32.10.3-2021.10.win32_1.0.0.202111181127/tools/bin/../lib/gcc/arm-none-eabi/10.3.1/../../../../arm-none-eabi/lib/thumb/v6-m/nofp\libc_nano.a(lib_a-errno.o)
                              ./Src/syscalls.o (__errno)
c:/st/stm32cubeide_1.4.0/stm32cubeide/plugins/com.st.stm32cube.ide.mcu.externaltools.gnu-tools-for-stm32.10.3-2021.10.win32_1.0.0.202111181127/tools/bin/../lib/gcc/arm-none-eabi/10.3.1/../../../../arm-none-eabi/lib/thumb/v6-m/nofp\libc_nano.a(lib_a-exit.o)
                              c:/st/stm32cubeide_1.4.0/stm32cubeide/plugins/com.st.stm32cube.ide.mcu.externaltools.gnu-tools-for-stm32.10.3-2021.10.win32_1.0.0.202111181127/tools/bin/../lib/gcc/arm-none-eabi/10.3.1/../../../../arm-none-eabi/lib/thumb/v6-m/nofp/crt0.o (exit)
c:/st/stm32cubeide_1.4.0/stm32cubeide/plugins/com.st.stm32cube.ide.mcu.externaltools.gnu-tools-for-stm32.10.3-2021.10.win32_1.0.0.202111181127/tools/bin/../lib/gcc/arm-none-eabi/10.3.1/../../../../arm-none-eabi/lib/thumb/v6-m/nofp\libc_nano.a(lib_a-impure.o)
                              c:/st/stm32cubeide_1.4.0/stm32cubeide/plugins/com.st.stm32cube.ide.mcu.externaltools.gnu-tools-for-stm32.10.3-2021.10.win32_1.0.0.202111181127/tools/bin/../lib/gcc/arm-none-eabi/10.3.1/../../../../arm-none-eabi/lib/thumb/v6-m/nofp\libc_nano.a(lib_a-exit.o) (_global_impure_ptr)
c:/st/stm32cubeide_1.4.0/stm32cubeide/plugins/com.st.stm32cube.ide.mcu.externaltools.gnu-tools-for-stm32.10.3-2021.10.win32_1.0.0.202111181127/tools/bin/../lib/gcc/arm-none-eabi/10.3.1/../../../../arm-none-eabi/lib/thumb/v6-m/nofp\libc_nano.a(lib_a-init.o)
                              c:/st/stm32cubeide_1.4.0/stm32cubeide/plugins/com.st.stm32cube.ide.mcu.externaltools.gnu-tools-for-stm32.10.3-2021.10.win32_1.0.0.202111181127/tools/bin/../lib/gcc/arm-none-eabi/10.3.1/../../../../arm-none-eabi/lib/thumb/v6-m/nofp/crt0.o (__libc_init_array)
c:/st/stm32cubeide_1.4.0/stm32cubeide/plugins/com.st.stm32cube.ide.mcu.externaltools.gnu-tools-for-stm32.10.3-2021.10.win32_1.0.0.202111181127/tools/bin/../lib/gcc/arm-none-eabi/10.3.1/../../../../arm-none-eabi/lib/thumb/v6-m/nofp\libc_nano.a(lib_a-memset.o)
                              c:/st/stm32cubeide_1.4.0/stm32cubeide/plugins/com.st.stm32cube.ide.mcu.externaltools.gnu-tools-for-stm32.10.3-2021.10.win32_1.0.0.202111181127/tools/bin/../lib/gcc/arm-none-eabi/10.3.1/../../../../arm-none-eabi/lib/thumb/v6-m/nofp/crt0.o (memset)
c:/st/stm32cubeide_1.4.0/stm32cubeide/plugins/com.st.stm32cube.ide.mcu.externaltools.gnu-tools-for-stm32.10.3-2021.10.win32_1.0.0.202111181127/tools/bin/../lib/gcc/arm-none-eabi/10.3.1/../../../../arm-none-eabi/lib/thumb/v6-m/nofp\libc_nano.a(lib_a-printf.o)
                              ./User/GUI/GUI_Paint.o (printf)
c:/st/stm32cubeide_1.4.0/stm32cubeide/plugins/com.st.stm32cube.ide.mcu.externaltools.gnu-tools-for-stm32.10.3-2021.10.win32_1.0.0.202111181127/tools/bin/../lib/gcc/arm-none-eabi/10.3.1/../../../../arm-none-eabi/lib/thumb/v6-m/nofp\libc_nano.a(lib_a-puts.o)
                              ./User/GUI/GUI_Paint.o (puts)
c:/st/stm32cubeide_1.4.0/stm32cubeide/plugins/com.st.stm32cube.ide.mcu.externaltools.gnu-tools-for-stm32.10.3-2021.10.win32_1.0.0.202111181127/tools/bin/../lib/gcc/arm-none-eabi/10.3.1/../../../../arm-none-eabi/lib/thumb/v6-m/nofp\libc_nano.a(lib_a-wbuf.o)
                              c:/st/stm32cubeide_1.4.0/stm32cubeide/plugins/com.st.stm32cube.ide.mcu.externaltools.gnu-tools-for-stm32.10.3-2021.10.win32_1.0.0.202111181127/tools/bin/../lib/gcc/arm-none-eabi/10.3.1/../../../../arm-none-eabi/lib/thumb/v6-m/nofp\libc_nano.a(lib_a-puts.o) (__swbuf_r)
c:/st/stm32cubeide_1.4.0/stm32cubeide/plugins/com.st.stm32cube.ide.mcu.externaltools.gnu-tools-for-stm32.10.3-2021.10.win32_1.0.0.202111181127/tools/bin/../lib/gcc/arm-none-eabi/10.3.1/../../../../arm-none-eabi/lib/thumb/v6-m/nofp\libc_nano.a(lib_a-wsetup.o)
                              c:/st/stm32cubeide_1.4.0/stm32cubeide/plugins/com.st.stm32cube.ide.mcu.externaltools.gnu-tools-for-stm32.10.3-2021.10.win32_1.0.0.202111181127/tools/bin/../lib/gcc/arm-none-eabi/10.3.1/../../../../arm-none-eabi/lib/thumb/v6-m/nofp\libc_nano.a(lib_a-puts.o) (__swsetup_r)
c:/st/stm32cubeide_1.4.0/stm32cubeide/plugins/com.st.stm32cube.ide.mcu.externaltools.gnu-tools-for-stm32.10.3-2021.10.win32_1.0.0.202111181127/tools/bin/../lib/gcc/arm-none-eabi/10.3.1/../../../../arm-none-eabi/lib/thumb/v6-m/nofp\libc_nano.a(lib_a-fflush.o)
                              c:/st/stm32cubeide_1.4.0/stm32cubeide/plugins/com.st.stm32cube.ide.mcu.externaltools.gnu-tools-for-stm32.10.3-2021.10.win32_1.0.0.202111181127/tools/bin/../lib/gcc/arm-none-eabi/10.3.1/../../../../arm-none-eabi/lib/thumb/v6-m/nofp\libc_nano.a(lib_a-wbuf.o) (_fflush_r)
[...]
Memory Configuration

Name             Origin             Length             Attributes
RAM              0x0000000020000000 0x0000000000009000 xrw
FLASH            0x0000000008000000 0x0000000000020000 xr
*default*        0x0000000000000000 0xffffffffffffffff

Linker script and memory map

LOAD c:/st/stm32cubeide_1.4.0/stm32cubeide/plugins/com.st.stm32cube.ide.mcu.externaltools.gnu-tools-for-stm32.10.3-2021.10.win32_1.0.0.202111181127/tools/bin/../lib/gcc/arm-none-eabi/10.3.1/thumb/v6-m/nofp/crti.o
LOAD c:/st/stm32cubeide_1.4.0/stm32cubeide/plugins/com.st.stm32cube.ide.mcu.externaltools.gnu-tools-for-stm32.10.3-2021.10.win32_1.0.0.202111181127/tools/bin/../lib/gcc/arm-none-eabi/10.3.1/thumb/v6-m/nofp/crtbegin.o
LOAD c:/st/stm32cubeide_1.4.0/stm32cubeide/plugins/com.st.stm32cube.ide.mcu.externaltools.gnu-tools-for-stm32.10.3-2021.10.win32_1.0.0.202111181127/tools/bin/../lib/gcc/arm-none-eabi/10.3.1/../../../../arm-none-eabi/lib/thumb/v6-m/nofp/crt0.o
LOAD ./Drivers/STM32G0xx_LL_Driver/Src/stm32g0xx_ll_adc.o
LOAD ./Drivers/STM32G0xx_LL_Driver/Src/stm32g0xx_ll_comp.o
LOAD ./Drivers/STM32G0xx_LL_Driver/Src/stm32g0xx_ll_crc.o
LOAD ./Drivers/STM32G0xx_LL_Driver/Src/stm32g0xx_ll_crs.o
LOAD ./Drivers/STM32G0xx_LL_Driver/Src/stm32g0xx_ll_dac.o
LOAD ./Drivers/STM32G0xx_LL_Driver/Src/stm32g0xx_ll_dma.o
LOAD ./Drivers/STM32G0xx_LL_Driver/Src/stm32g0xx_ll_exti.o
LOAD ./Drivers/STM32G0xx_LL_Driver/Src/stm32g0xx_ll_gpio.o
LOAD ./Drivers/STM32G0xx_LL_Driver/Src/stm32g0xx_ll_i2c.o
LOAD ./Drivers/STM32G0xx_LL_Driver/Src/stm32g0xx_ll_lptim.o
LOAD ./Drivers/STM32G0xx_LL_Driver/Src/stm32g0xx_ll_lpuart.o
LOAD ./Drivers/STM32G0xx_LL_Driver/Src/stm32g0xx_ll_pwr.o
LOAD ./Drivers/STM32G0xx_LL_Driver/Src/stm32g0xx_ll_rcc.o
LOAD ./Drivers/STM32G0xx_LL_Driver/Src/stm32g0xx_ll_rng.o
LOAD ./Drivers/STM32G0xx_LL_Driver/Src/stm32g0xx_ll_rtc.o
LOAD ./Drivers/STM32G0xx_LL_Driver/Src/stm32g0xx_ll_spi.o
LOAD ./Drivers/STM32G0xx_LL_Driver/Src/stm32g0xx_ll_tim.o
LOAD ./Drivers/STM32G0xx_LL_Driver/Src/stm32g0xx_ll_ucpd.o
LOAD ./Drivers/STM32G0xx_LL_Driver/Src/stm32g0xx_ll_usart.o
LOAD ./Drivers/STM32G0xx_LL_Driver/Src/stm32g0xx_ll_utils.o
LOAD ./Src/logo.o
LOAD ./Src/main.o
LOAD ./Src/software_timer.o
LOAD ./Src/spi.o
LOAD ./Src/stm32g0xx_it.o
LOAD ./Src/syscalls.o
LOAD ./Src/sysmem.o
LOAD ./Src/system_stm32g0xx.o
LOAD ./Startup/startup_stm32g071rbtx.o
LOAD ./User/Config/DEV_Config.o
LOAD ./User/Fonts/font12.o
LOAD ./User/Fonts/font12CN.o
LOAD ./User/Fonts/font16.o
LOAD ./User/Fonts/font20.o
LOAD ./User/Fonts/font24.o
LOAD ./User/Fonts/font24CN.o
LOAD ./User/Fonts/font8.o
LOAD ./User/GUI/GUI_Paint.o
LOAD ./User/e-Paper/EPD_1in02d.o
LOAD ./User/e-Paper/EPD_1in54.o
LOAD ./User/e-Paper/EPD_1in54_V2.o
LOAD ./User/e-Paper/EPD_1in54b.o
LOAD ./User/e-Paper/EPD_1in54b_V2.o
LOAD ./User/e-Paper/EPD_1in54c.o
LOAD ./User/e-Paper/EPD_1in64g.o
LOAD ./User/e-Paper/EPD_2in13.o
LOAD ./User/e-Paper/EPD_2in13_V2.o
LOAD ./User/e-Paper/EPD_2in13_V3.o
LOAD ./User/e-Paper/EPD_2in13b_V3.o
LOAD ./User/e-Paper/EPD_2in13b_V4.o
LOAD ./User/e-Paper/EPD_2in13bc.o
LOAD ./User/e-Paper/EPD_2in13d.o
LOAD ./User/e-Paper/EPD_2in36g.o
LOAD ./User/e-Paper/EPD_2in66.o
LOAD ./User/e-Paper/EPD_2in66b.o
LOAD ./User/e-Paper/EPD_2in7.o
LOAD ./User/e-Paper/EPD_2in7_V2.o
LOAD ./User/e-Paper/EPD_2in7b.o
LOAD ./User/e-Paper/EPD_2in7b_V2.o
LOAD ./User/e-Paper/EPD_2in9.o
LOAD ./User/e-Paper/EPD_2in9_V2.o
LOAD ./User/e-Paper/EPD_2in9b_V3.o
LOAD ./User/e-Paper/EPD_2in9bc.o
LOAD ./User/e-Paper/EPD_2in9d.o
LOAD ./User/e-Paper/EPD_3in0g.o
LOAD ./User/e-Paper/EPD_3in52.o
LOAD ./User/e-Paper/EPD_3in7.o
LOAD ./User/e-Paper/EPD_4in01f.o
LOAD ./User/e-Paper/EPD_4in2.o
LOAD ./User/e-Paper/EPD_4in2b_V2.o
LOAD ./User/e-Paper/EPD_4in2bc.o
LOAD ./User/e-Paper/EPD_4in37g.o
LOAD ./User/e-Paper/EPD_5in65f.o
LOAD ./User/e-Paper/EPD_5in83.o
LOAD ./User/e-Paper/EPD_5in83_V2.o
LOAD ./User/e-Paper/EPD_5in83b_V2.o
LOAD ./User/e-Paper/EPD_5in83bc.o
LOAD ./User/e-Paper/EPD_7in3f.o
LOAD ./User/e-Paper/EPD_7in3g.o
LOAD ./User/e-Paper/EPD_7in5.o
LOAD ./User/e-Paper/EPD_7in5_HD.o
LOAD ./User/e-Paper/EPD_7in5_V2.o
LOAD ./User/e-Paper/EPD_7in5b_HD.o
LOAD ./User/e-Paper/EPD_7in5b_V2.o
LOAD ./User/e-Paper/EPD_7in5bc.o
START GROUP
LOAD c:/st/stm32cubeide_1.4.0/stm32cubeide/plugins/com.st.stm32cube.ide.mcu.externaltools.gnu-tools-for-stm32.10.3-2021.10.win32_1.0.0.202111181127/tools/bin/../lib/gcc/arm-none-eabi/10.3.1/../../../../arm-none-eabi/lib/thumb/v6-m/nofp\libc_nano.a
LOAD c:/st/stm32cubeide_1.4.0/stm32cubeide/plugins/com.st.stm32cube.ide.mcu.externaltools.gnu-tools-for-stm32.10.3-2021.10.win32_1.0.0.202111181127/tools/bin/../lib/gcc/arm-none-eabi/10.3.1/../../../../arm-none-eabi/lib/thumb/v6-m/nofp\libm.a
END GROUP
START GROUP
LOAD c:/st/stm32cubeide_1.4.0/stm32cubeide/plugins/com.st.stm32cube.ide.mcu.externaltools.gnu-tools-for-stm32.10.3-2021.10.win32_1.0.0.202111181127/tools/bin/../lib/gcc/arm-none-eabi/10.3.1/thumb/v6-m/nofp\libgcc.a
LOAD c:/st/stm32cubeide_1.4.0/stm32cubeide/plugins/com.st.stm32cube.ide.mcu.externaltools.gnu-tools-for-stm32.10.3-2021.10.win32_1.0.0.202111181127/tools/bin/../lib/gcc/arm-none-eabi/10.3.1/../../../../arm-none-eabi/lib/thumb/v6-m/nofp\libc_nano.a
END GROUP
START GROUP
LOAD c:/st/stm32cubeide_1.4.0/stm32cubeide/plugins/com.st.stm32cube.ide.mcu.externaltools.gnu-tools-for-stm32.10.3-2021.10.win32_1.0.0.202111181127/tools/bin/../lib/gcc/arm-none-eabi/10.3.1/thumb/v6-m/nofp\libgcc.a
LOAD c:/st/stm32cubeide_1.4.0/stm32cubeide/plugins/com.st.stm32cube.ide.mcu.externaltools.gnu-tools-for-stm32.10.3-2021.10.win32_1.0.0.202111181127/tools/bin/../lib/gcc/arm-none-eabi/10.3.1/../../../../arm-none-eabi/lib/thumb/v6-m/nofp\libc_nano.a
LOAD c:/st/stm32cubeide_1.4.0/stm32cubeide/plugins/com.st.stm32cube.ide.mcu.externaltools.gnu-tools-for-stm32.10.3-2021.10.win32_1.0.0.202111181127/tools/bin/../lib/gcc/arm-none-eabi/10.3.1/../../../../arm-none-eabi/lib/thumb/v6-m/nofp\libnosys.a
END GROUP
START GROUP
LOAD c:/st/stm32cubeide_1.4.0/stm32cubeide/plugins/com.st.stm32cube.ide.mcu.externaltools.gnu-tools-for-stm32.10.3-2021.10.win32_1.0.0.202111181127/tools/bin/../lib/gcc/arm-none-eabi/10.3.1/thumb/v6-m/nofp\libgcc.a
LOAD c:/st/stm32cubeide_1.4.0/stm32cubeide/plugins/com.st.stm32cube.ide.mcu.externaltools.gnu-tools-for-stm32.10.3-2021.10.win32_1.0.0.202111181127/tools/bin/../lib/gcc/arm-none-eabi/10.3.1/../../../../arm-none-eabi/lib/thumb/v6-m/nofp\libc_nano.a
LOAD c:/st/stm32cubeide_1.4.0/stm32cubeide/plugins/com.st.stm32cube.ide.mcu.externaltools.gnu-tools-for-stm32.10.3-2021.10.win32_1.0.0.202111181127/tools/bin/../lib/gcc/arm-none-eabi/10.3.1/../../../../arm-none-eabi/lib/thumb/v6-m/nofp\libnosys.a
END GROUP
LOAD c:/st/stm32cubeide_1.4.0/stm32cubeide/plugins/com.st.stm32cube.ide.mcu.externaltools.gnu-tools-for-stm32.10.3-2021.10.win32_1.0.0.202111181127/tools/bin/../lib/gcc/arm-none-eabi/10.3.1/thumb/v6-m/nofp/crtend.o
LOAD c:/st/stm32cubeide_1.4.0/stm32cubeide/plugins/com.st.stm32cube.ide.mcu.externaltools.gnu-tools-for-stm32.10.3-2021.10.win32_1.0.0.202111181127/tools/bin/../lib/gcc/arm-none-eabi/10.3.1/thumb/v6-m/nofp/crtn.o
                0x0000000020009000                _estack = (ORIGIN (RAM) + LENGTH (RAM))
                0x0000000000000200                _Min_Heap_Size = 0x200
                0x0000000000000400                _Min_Stack_Size = 0x400

.isr_vector     0x0000000008000000       0xbc
                0x0000000008000000                . = ALIGN (0x4)
 *(.isr_vector)
 .isr_vector    0x0000000008000000       0xbc ./Startup/startup_stm32g071rbtx.o
                0x0000000008000000                g_pfnVectors
                0x00000000080000bc                . = ALIGN (0x4)

.text           0x00000000080000bc     0x2a60
                0x00000000080000bc                . = ALIGN (0x4)
 *(.text)
 .text          0x00000000080000bc       0x48 c:/st/stm32cubeide_1.4.0/stm32cubeide/plugins/com.st.stm32cube.ide.mcu.externaltools.gnu-tools-for-stm32.10.3-2021.10.win32_1.0.0.202111181127/tools/bin/../lib/gcc/arm-none-eabi/10.3.1/thumb/v6-m/nofp/crtbegin.o
 .text          0x0000000008000104      0x114 c:/st/stm32cubeide_1.4.0/stm32cubeide/plugins/com.st.stm32cube.ide.mcu.externaltools.gnu-tools-for-stm32.10.3-2021.10.win32_1.0.0.202111181127/tools/bin/../lib/gcc/arm-none-eabi/10.3.1/thumb/v6-m/nofp\libgcc.a(_udivsi3.o)
                0x0000000008000104                __aeabi_uidiv
                0x0000000008000104                __udivsi3
                0x0000000008000210                __aeabi_uidivmod
 .text          0x0000000008000218        0x4 c:/st/stm32cubeide_1.4.0/stm32cubeide/plugins/com.st.stm32cube.ide.mcu.externaltools.gnu-tools-for-stm32.10.3-2021.10.win32_1.0.0.202111181127/tools/bin/../lib/gcc/arm-none-eabi/10.3.1/thumb/v6-m/nofp\libgcc.a(_dvmd_tls.o)
                0x0000000008000218                __aeabi_idiv0
                0x0000000008000218                __aeabi_ldiv0
 *(.text*)
 .text.LL_InitTick
                0x000000000800021c       0x34 ./Drivers/STM32G0xx_LL_Driver/Src/stm32g0xx_ll_utils.o
 .text.LL_Init1msTick
                0x0000000008000250       0x1e ./Drivers/STM32G0xx_LL_Driver/Src/stm32g0xx_ll_utils.o
                0x0000000008000250                LL_Init1msTick
 *fill*         0x000000000800026e        0x2 
 .text.LL_mDelay
                0x0000000008000270       0x48 ./Drivers/STM32G0xx_LL_Driver/Src/stm32g0xx_ll_utils.o
                0x0000000008000270                LL_mDelay
 .text.LL_SetSystemCoreClock
                0x00000000080002b8       0x1c ./Drivers/STM32G0xx_LL_Driver/Src/stm32g0xx_ll_utils.o
                0x00000000080002b8                LL_SetSystemCoreClock
 .text.LL_RCC_HSI_Enable
                0x00000000080002d4       0x1c ./Src/main.o
 .text.LL_RCC_HSI_IsReady
                0x00000000080002f0       0x28 ./Src/main.o
 .text.LL_RCC_SetSysClkSource
                0x0000000008000318       0x28 ./Src/main.o
 .text.LL_RCC_GetSysClkSource
                0x0000000008000340       0x18 ./Src/main.o
 .text.LL_RCC_SetAHBPrescaler
                0x0000000008000358       0x2c ./Src/main.o
 .text.LL_RCC_SetAPB1Prescaler
                0x0000000008000384       0x2c ./Src/main.o
 .text.LL_RCC_PLL_Enable
                0x00000000080003b0       0x1c ./Src/main.o
 .text.LL_RCC_PLL_IsReady
                0x00000000080003cc       0x28 ./Src/main.o
 .text.LL_RCC_PLL_ConfigDomain_SYS
                0x00000000080003f4       0x40 ./Src/main.o
 .text.LL_RCC_PLL_EnableDomain_SYS
                0x0000000008000434       0x1c ./Src/main.o
 .text.LL_IOP_GRP1_EnableClock
                0x0000000008000450       0x2c ./Src/main.o
 .text.LL_FLASH_SetLatency
                0x000000000800047c       0x28 ./Src/main.o
 .text.LL_SYSTICK_EnableIT
                0x00000000080004a4       0x1c ./Src/main.o
 .text.LL_GPIO_SetPinMode
                0x00000000080004c0       0x38 ./Src/main.o
 .text.LL_GPIO_SetPinOutputType
                0x00000000080004f8       0x2a ./Src/main.o
 .text.LL_GPIO_SetPinSpeed
                0x0000000008000522       0x38 ./Src/main.o
 .text.LL_GPIO_SetPinPull
                0x000000000800055a       0x38 ./Src/main.o
 *fill*         0x0000000008000592        0x2 
 .text.main     0x0000000008000594      0x164 ./Src/main.o
                0x0000000008000594                main
 .text.rcc_init
                0x00000000080006f8       0x78 ./Src/main.o
                0x00000000080006f8                rcc_init
 .text.software_timer_task_init
                0x0000000008000770       0x22 ./Src/software_timer.o
                0x0000000008000770                software_timer_task_init
 *fill*         0x0000000008000792        0x2 
 .text.software_timer_inc_ms_tick
                0x0000000008000794       0x18 ./Src/software_timer.o
                0x0000000008000794                software_timer_inc_ms_tick
 .text.software_timer_get_ms_tick
                0x00000000080007ac       0x14 ./Src/software_timer.o
                0x00000000080007ac                software_timer_get_ms_tick
 .text.LL_APB2_GRP1_EnableClock
                0x00000000080007c0       0x2c ./Src/spi.o
 .text.LL_IOP_GRP1_EnableClock
                0x00000000080007ec       0x2c ./Src/spi.o
 .text.LL_GPIO_SetPinMode
                0x0000000008000818       0x38 ./Src/spi.o
 .text.LL_GPIO_SetPinOutputType
                0x0000000008000850       0x2a ./Src/spi.o
 .text.LL_GPIO_SetPinSpeed
                0x000000000800087a       0x38 ./Src/spi.o
 .text.LL_GPIO_SetPinPull
                0x00000000080008b2       0x38 ./Src/spi.o
 .text.LL_GPIO_SetAFPin_0_7
                0x00000000080008ea       0x46 ./Src/spi.o
 .text.LL_SPI_Enable
                0x0000000008000930       0x1c ./Src/spi.o
 .text.LL_SPI_Disable
                0x000000000800094c       0x1e ./Src/spi.o
 *fill*         0x000000000800096a        0x2 
 .text.LL_SPI_SetMode
                0x000000000800096c       0x28 ./Src/spi.o
 .text.LL_SPI_SetStandard
                0x0000000008000994       0x24 ./Src/spi.o
 .text.LL_SPI_SetClockPhase
                0x00000000080009b8       0x24 ./Src/spi.o
 .text.LL_SPI_SetClockPolarity
                0x00000000080009dc       0x24 ./Src/spi.o
 .text.LL_SPI_SetBaudRatePrescaler
                0x0000000008000a00       0x24 ./Src/spi.o
 .text.LL_SPI_SetTransferBitOrder
                0x0000000008000a24       0x24 ./Src/spi.o
 .text.LL_SPI_SetTransferDirection
                0x0000000008000a48       0x28 ./Src/spi.o
 .text.LL_SPI_SetDataWidth
                0x0000000008000a70       0x28 ./Src/spi.o
 .text.LL_SPI_SetRxFIFOThreshold
                0x0000000008000a98       0x28 ./Src/spi.o
 .text.LL_SPI_SetNSSMode
                0x0000000008000ac0       0x3c ./Src/spi.o
 .text.LL_SPI_IsActiveFlag_TXE
                0x0000000008000afc       0x22 ./Src/spi.o
 .text.LL_SPI_IsActiveFlag_BSY
                0x0000000008000b1e       0x22 ./Src/spi.o
 .text.LL_SPI_GetRxFIFOLevel
                0x0000000008000b40       0x1a ./Src/spi.o
 .text.LL_SPI_GetTxFIFOLevel
                0x0000000008000b5a       0x1a ./Src/spi.o
 .text.LL_SPI_ClearFlag_OVR
                0x0000000008000b74       0x20 ./Src/spi.o
 .text.LL_SPI_ReceiveData8
                0x0000000008000b94       0x18 ./Src/spi.o
 .text.LL_SPI_TransmitData8
                0x0000000008000bac       0x24 ./Src/spi.o
 .text.spi_init
                0x0000000008000bd0      0x1bc ./Src/spi.o
                0x0000000008000bd0                spi_init
 .text.spi_write_data
                0x0000000008000d8c       0xa4 ./Src/spi.o
                0x0000000008000d8c                spi_write_data
 .text.SysTick_Handler
                0x0000000008000e30        0xe ./Src/stm32g0xx_it.o
                0x0000000008000e30                SysTick_Handler
 .text._read    0x0000000008000e3e       0x3a ./Src/syscalls.o
                0x0000000008000e3e                _read
 .text._write   0x0000000008000e78       0x38 ./Src/syscalls.o
                0x0000000008000e78                _write
 .text._close   0x0000000008000eb0       0x14 ./Src/syscalls.o
                0x0000000008000eb0                _close
 .text._fstat   0x0000000008000ec4       0x1c ./Src/syscalls.o
                0x0000000008000ec4                _fstat
 .text._isatty  0x0000000008000ee0       0x12 ./Src/syscalls.o
                0x0000000008000ee0                _isatty
 .text._lseek   0x0000000008000ef2       0x16 ./Src/syscalls.o
                0x0000000008000ef2                _lseek
 .text._sbrk    0x0000000008000f08       0x6c ./Src/sysmem.o
                0x0000000008000f08                _sbrk
 .text.SystemInit
                0x0000000008000f74        0xa ./Src/system_stm32g0xx.o
                0x0000000008000f74                SystemInit
 *fill*         0x0000000008000f7e        0x2 
 .text.Reset_Handler
                0x0000000008000f80       0x50 ./Startup/startup_stm32g071rbtx.o
                0x0000000008000f80                Reset_Handler
 .text.Default_Handler
                0x0000000008000fd0        0x2 ./Startup/startup_stm32g071rbtx.o
                0x0000000008000fd0                TIM1_CC_IRQHandler
                0x0000000008000fd0                HardFault_Handler
                0x0000000008000fd0                RTC_STAMP_IRQHandler
                0x0000000008000fd0                PVD_IRQHandler
                0x0000000008000fd0                PendSV_Handler
                0x0000000008000fd0                NMI_Handler
                0x0000000008000fd0                I2C1_IRQHandler
                0x0000000008000fd0                TIM7_LPTIM2_IRQHandler
                0x0000000008000fd0                UCPD1_UCPD2_IRQHandler
                0x0000000008000fd0                SPI1_IRQHandler
                0x0000000008000fd0                TIM1_BRK_UP_TRG_COMP_IRQHandler
                0x0000000008000fd0                DMA_Channel1_IRQHandler
                0x0000000008000fd0                EXTI2_3_IRQHandler
                0x0000000008000fd0                I2C2_IRQHandler
                0x0000000008000fd0                TIM17_IRQHandler
                0x0000000008000fd0                DMA_Channel4_5_6_7_IRQHandler
                0x0000000008000fd0                TIM16_IRQHandler
                0x0000000008000fd0                TIM3_IRQHandler
                0x0000000008000fd0                EXTI4_15_IRQHandler
                0x0000000008000fd0                RCC_IRQHandler
                0x0000000008000fd0                Default_Handler
                0x0000000008000fd0                CEC_IRQHandler
                0x0000000008000fd0                TIM14_IRQHandler
                0x0000000008000fd0                TIM15_IRQHandler
                0x0000000008000fd0                EXTI0_1_IRQHandler
                0x0000000008000fd0                SPI2_IRQHandler
                0x0000000008000fd0                SVC_Handler
                0x0000000008000fd0                TIM6_DAC_LPTIM1_IRQHandler
                0x0000000008000fd0                WWDG_IRQHandler
                0x0000000008000fd0                TIM2_IRQHandler
                0x0000000008000fd0                ADC_COMP_IRQHandler
                0x0000000008000fd0                USART2_IRQHandler
                0x0000000008000fd0                DMA_Channel2_3_IRQHandler
                0x0000000008000fd0                FLASH_IRQHandler
                0x0000000008000fd0                USART1_IRQHandler
                0x0000000008000fd0                USART3_USART4_LPUART1_IRQHandler
 .text.LL_GPIO_SetOutputPin
                0x0000000008000fd2       0x18 ./User/Config/DEV_Config.o
 .text.LL_GPIO_ResetOutputPin
                0x0000000008000fea       0x18 ./User/Config/DEV_Config.o
 .text.DEV_SPI_WriteByte
                0x0000000008001002       0x1e ./User/Config/DEV_Config.o
                0x0000000008001002                DEV_SPI_WriteByte
 .text.DEV_Module_Init
                0x0000000008001020       0x30 ./User/Config/DEV_Config.o
                0x0000000008001020                DEV_Module_Init
 .text.Paint_NewImage
                0x0000000008001050       0xdc ./User/GUI/GUI_Paint.o
                0x0000000008001050                Paint_NewImage
 .text.Paint_SelectImage
                0x000000000800112c       0x1c ./User/GUI/GUI_Paint.o
                0x000000000800112c                Paint_SelectImage
 .text.Paint_SetPixel
                0x0000000008001148      0x348 ./User/GUI/GUI_Paint.o
                0x0000000008001148                Paint_SetPixel
 .text.Paint_Clear
                0x0000000008001490      0x1ac ./User/GUI/GUI_Paint.o
                0x0000000008001490                Paint_Clear
 .text.Paint_DrawChar
                0x000000000800163c      0x1c8 ./User/GUI/GUI_Paint.o
                0x000000000800163c                Paint_DrawChar
 .text.Paint_DrawString_EN
                0x0000000008001804       0xfc ./User/GUI/GUI_Paint.o
                0x0000000008001804                Paint_DrawString_EN
 .text.Paint_DrawBitMap
                0x0000000008001900       0x88 ./User/GUI/GUI_Paint.o
                0x0000000008001900                Paint_DrawBitMap
 .text.LL_GPIO_IsInputPinSet
                0x0000000008001988       0x26 ./User/e-Paper/EPD_1in54b.o
 .text.LL_GPIO_SetOutputPin
                0x00000000080019ae       0x18 ./User/e-Paper/EPD_1in54b.o
 .text.LL_GPIO_ResetOutputPin
                0x00000000080019c6       0x18 ./User/e-Paper/EPD_1in54b.o
 *fill*         0x00000000080019de        0x2 
 .text.EPD_1IN54B_Reset
                0x00000000080019e0       0x40 ./User/e-Paper/EPD_1in54b.o
 .text.EPD_1IN54B_SendCommand
                0x0000000008001a20       0x44 ./User/e-Paper/EPD_1in54b.o
 .text.EPD_1IN54B_SendData
                0x0000000008001a64       0x44 ./User/e-Paper/EPD_1in54b.o
 .text.EPD_1IN54B_ReadBusy
                0x0000000008001aa8       0x40 ./User/e-Paper/EPD_1in54b.o
 .text.EPD_1IN54B_SetLutBw
                0x0000000008001ae8      0x10c ./User/e-Paper/EPD_1in54b.o
 .text.EPD_1IN54B_SetLutRed
                0x0000000008001bf4       0xa8 ./User/e-Paper/EPD_1in54b.o
 .text.EPD_1IN54B_Init
                0x0000000008001c9c       0x9e ./User/e-Paper/EPD_1in54b.o
                0x0000000008001c9c                EPD_1IN54B_Init
 .text.EPD_1IN54B_Clear
                0x0000000008001d3a       0xea ./User/e-Paper/EPD_1in54b.o
                0x0000000008001d3a                EPD_1IN54B_Clear
 .text.EPD_1IN54B_Display
                0x0000000008001e24      0x1e6 ./User/e-Paper/EPD_1in54b.o
                0x0000000008001e24                EPD_1IN54B_Display
 *fill*         0x000000000800200a        0x2 
 .text.__errno  0x000000000800200c        0xc c:/st/stm32cubeide_1.4.0/stm32cubeide/plugins/com.st.stm32cube.ide.mcu.externaltools.gnu-tools-for-stm32.10.3-2021.10.win32_1.0.0.202111181127/tools/bin/../lib/gcc/arm-none-eabi/10.3.1/../../../../arm-none-eabi/lib/thumb/v6-m/nofp\libc_nano.a(lib_a-errno.o)
                0x000000000800200c                __errno
 .text.__libc_init_array
                0x0000000008002018       0x48 c:/st/stm32cubeide_1.4.0/stm32cubeide/plugins/com.st.stm32cube.ide.mcu.externaltools.gnu-tools-for-stm32.10.3-2021.10.win32_1.0.0.202111181127/tools/bin/../lib/gcc/arm-none-eabi/10.3.1/../../../../arm-none-eabi/lib/thumb/v6-m/nofp\libc_nano.a(lib_a-init.o)
                0x0000000008002018                __libc_init_array
 .text.memset   0x0000000008002060       0x10 c:/st/stm32cubeide_1.4.0/stm32cubeide/plugins/com.st.stm32cube.ide.mcu.externaltools.gnu-tools-for-stm32.10.3-2021.10.win32_1.0.0.202111181127/tools/bin/../lib/gcc/arm-none-eabi/10.3.1/../../../../arm-none-eabi/lib/thumb/v6-m/nofp\libc_nano.a(lib_a-memset.o)
                0x0000000008002060                memset
 .text._puts_r  0x0000000008002070       0xe4 c:/st/stm32cubeide_1.4.0/stm32cubeide/plugins/com.st.stm32cube.ide.mcu.externaltools.gnu-tools-for-stm32.10.3-2021.10.win32_1.0.0.202111181127/tools/bin/../lib/gcc/arm-none-eabi/10.3.1/../../../../arm-none-eabi/lib/thumb/v6-m/nofp\libc_nano.a(lib_a-puts.o)
                0x0000000008002070                _puts_r
 .text.puts     0x0000000008002154       0x14 c:/st/stm32cubeide_1.4.0/stm32cubeide/plugins/com.st.stm32cube.ide.mcu.externaltools.gnu-tools-for-stm32.10.3-2021.10.win32_1.0.0.202111181127/tools/bin/../lib/gcc/arm-none-eabi/10.3.1/../../../../arm-none-eabi/lib/thumb/v6-m/nofp\libc_nano.a(lib_a-puts.o)
                0x0000000008002154                puts
 .text.__swbuf_r
                0x0000000008002168       0xac c:/st/stm32cubeide_1.4.0/stm32cubeide/plugins/com.st.stm32cube.ide.mcu.externaltools.gnu-tools-for-stm32.10.3-2021.10.win32_1.0.0.202111181127/tools/bin/../lib/gcc/arm-none-eabi/10.3.1/../../../../arm-none-eabi/lib/thumb/v6-m/nofp\libc_nano.a(lib_a-wbuf.o)
                0x0000000008002168                __swbuf_r
 .text.__swsetup_r
                0x0000000008002214       0xf0 c:/st/stm32cubeide_1.4.0/stm32cubeide/plugins/com.st.stm32cube.ide.mcu.externaltools.gnu-tools-for-stm32.10.3-2021.10.win32_1.0.0.202111181127/tools/bin/../lib/gcc/arm-none-eabi/10.3.1/../../../../arm-none-eabi/lib/thumb/v6-m/nofp\libc_nano.a(lib_a-wsetup.o)
                0x0000000008002214                __swsetup_r
 .text.__sflush_r
                0x0000000008002304      0x118 c:/st/stm32cubeide_1.4.0/stm32cubeide/plugins/com.st.stm32cube.ide.mcu.externaltools.gnu-tools-for-stm32.10.3-2021.10.win32_1.0.0.202111181127/tools/bin/../lib/gcc/arm-none-eabi/10.3.1/../../../../arm-none-eabi/lib/thumb/v6-m/nofp\libc_nano.a(lib_a-fflush.o)
                0x0000000008002304                __sflush_r
 .text._fflush_r
                0x000000000800241c       0x80 c:/st/stm32cubeide_1.4.0/stm32cubeide/plugins/com.st.stm32cube.ide.mcu.externaltools.gnu-tools-for-stm32.10.3-2021.10.win32_1.0.0.202111181127/tools/bin/../lib/gcc/arm-none-eabi/10.3.1/../../../../arm-none-eabi/lib/thumb/v6-m/nofp\libc_nano.a(lib_a-fflush.o)
                0x000000000800241c                _fflush_r
 .text.std      0x000000000800249c       0x48 c:/st/stm32cubeide_1.4.0/stm32cubeide/plugins/com.st.stm32cube.ide.mcu.externaltools.gnu-tools-for-stm32.10.3-2021.10.win32_1.0.0.202111181127/tools/bin/../lib/gcc/arm-none-eabi/10.3.1/../../../../arm-none-eabi/lib/thumb/v6-m/nofp\libc_nano.a(lib_a-findfp.o)
 .text._cleanup_r
                0x00000000080024e4       0x10 c:/st/stm32cubeide_1.4.0/stm32cubeide/plugins/com.st.stm32cube.ide.mcu.externaltools.gnu-tools-for-stm32.10.3-2021.10.win32_1.0.0.202111181127/tools/bin/../lib/gcc/arm-none-eabi/10.3.1/../../../../arm-none-eabi/lib/thumb/v6-m/nofp\libc_nano.a(lib_a-findfp.o)
                0x00000000080024e4                _cleanup_r
 .text.__sfmoreglue
                0x00000000080024f4       0x2c c:/st/stm32cubeide_1.4.0/stm32cubeide/plugins/com.st.stm32cube.ide.mcu.externaltools.gnu-tools-for-stm32.10.3-2021.10.win32_1.0.0.202111181127/tools/bin/../lib/gcc/arm-none-eabi/10.3.1/../../../../arm-none-eabi/lib/thumb/v6-m/nofp\libc_nano.a(lib_a-findfp.o)
                0x00000000080024f4                __sfmoreglue
 .text.__sfp_lock_acquire
                0x0000000008002520       0x10 c:/st/stm32cubeide_1.4.0/stm32cubeide/plugins/com.st.stm32cube.ide.mcu.externaltools.gnu-tools-for-stm32.10.3-2021.10.win32_1.0.0.202111181127/tools/bin/../lib/gcc/arm-none-eabi/10.3.1/../../../../arm-none-eabi/lib/thumb/v6-m/nofp\libc_nano.a(lib_a-findfp.o)
                0x0000000008002520                __sfp_lock_acquire
 .text.__sfp_lock_release
                0x0000000008002530       0x10 c:/st/stm32cubeide_1.4.0/stm32cubeide/plugins/com.st.stm32cube.ide.mcu.externaltools.gnu-tools-for-stm32.10.3-2021.10.win32_1.0.0.202111181127/tools/bin/../lib/gcc/arm-none-eabi/10.3.1/../../../../arm-none-eabi/lib/thumb/v6-m/nofp\libc_nano.a(lib_a-findfp.o)
                0x0000000008002530                __sfp_lock_release
 .text.__sinit_lock_acquire
                0x0000000008002540       0x10 c:/st/stm32cubeide_1.4.0/stm32cubeide/plugins/com.st.stm32cube.ide.mcu.externaltools.gnu-tools-for-stm32.10.3-2021.10.win32_1.0.0.202111181127/tools/bin/../lib/gcc/arm-none-eabi/10.3.1/../../../../arm-none-eabi/lib/thumb/v6-m/nofp\libc_nano.a(lib_a-findfp.o)
                0x0000000008002540                __sinit_lock_acquire
 .text.__sinit_lock_release
                0x0000000008002550       0x10 c:/st/stm32cubeide_1.4.0/stm32cubeide/plugins/com.st.stm32cube.ide.mcu.externaltools.gnu-tools-for-stm32.10.3-2021.10.win32_1.0.0.202111181127/tools/bin/../lib/gcc/arm-none-eabi/10.3.1/../../../../arm-none-eabi/lib/thumb/v6-m/nofp\libc_nano.a(lib_a-findfp.o)
                0x0000000008002550                __sinit_lock_release
 .text.__sinit  0x0000000008002560       0x70 c:/st/stm32cubeide_1.4.0/stm32cubeide/plugins/com.st.stm32cube.ide.mcu.externaltools.gnu-tools-for-stm32.10.3-2021.10.win32_1.0.0.202111181127/tools/bin/../lib/gcc/arm-none-eabi/10.3.1/../../../../arm-none-eabi/lib/thumb/v6-m/nofp\libc_nano.a(lib_a-findfp.o)
                0x0000000008002560                __sinit
 .text.__sfp    0x00000000080025d0       0x90 c:/st/stm32cubeide_1.4.0/stm32cubeide/plugins/com.st.stm32cube.ide.mcu.externaltools.gnu-tools-for-stm32.10.3-2021.10.win32_1.0.0.202111181127/tools/bin/../lib/gcc/arm-none-eabi/10.3.1/../../../../arm-none-eabi/lib/thumb/v6-m/nofp\libc_nano.a(lib_a-findfp.o)
                0x00000000080025d0                __sfp
 .text._fwalk_reent
                0x0000000008002660       0x40 c:/st/stm32cubeide_1.4.0/stm32cubeide/plugins/com.st.stm32cube.ide.mcu.externaltools.gnu-tools-for-stm32.10.3-2021.10.win32_1.0.0.202111181127/tools/bin/../lib/gcc/arm-none-eabi/10.3.1/../../../../arm-none-eabi/lib/thumb/v6-m/nofp\libc_nano.a(lib_a-fwalk.o)
                0x0000000008002660                _fwalk_reent
 .text.__retarget_lock_init_recursive
                0x00000000080026a0        0x2 c:/st/stm32cubeide_1.4.0/stm32cubeide/plugins/com.st.stm32cube.ide.mcu.externaltools.gnu-tools-for-stm32.10.3-2021.10.win32_1.0.0.202111181127/tools/bin/../lib/gcc/arm-none-eabi/10.3.1/../../../../arm-none-eabi/lib/thumb/v6-m/nofp\libc_nano.a(lib_a-lock.o)
                0x00000000080026a0                __retarget_lock_init_recursive
 .text.__retarget_lock_acquire_recursive
                0x00000000080026a2        0x2 c:/st/stm32cubeide_1.4.0/stm32cubeide/plugins/com.st.stm32cube.ide.mcu.externaltools.gnu-tools-for-stm32.10.3-2021.10.win32_1.0.0.202111181127/tools/bin/../lib/gcc/arm-none-eabi/10.3.1/../../../../arm-none-eabi/lib/thumb/v6-m/nofp\libc_nano.a(lib_a-lock.o)
                0x00000000080026a2                __retarget_lock_acquire_recursive
 .text.__retarget_lock_release_recursive
                0x00000000080026a4        0x2 c:/st/stm32cubeide_1.4.0/stm32cubeide/plugins/com.st.stm32cube.ide.mcu.externaltools.gnu-tools-for-stm32.10.3-2021.10.win32_1.0.0.202111181127/tools/bin/../lib/gcc/arm-none-eabi/10.3.1/../../../../arm-none-eabi/lib/thumb/v6-m/nofp\libc_nano.a(lib_a-lock.o)
                0x00000000080026a4                __retarget_lock_release_recursive
 *fill*         0x00000000080026a6        0x2 
 .text.__swhatbuf_r
                0x00000000080026a8       0x50 c:/st/stm32cubeide_1.4.0/stm32cubeide/plugins/com.st.stm32cube.ide.mcu.externaltools.gnu-tools-for-stm32.10.3-2021.10.win32_1.0.0.202111181127/tools/bin/../lib/gcc/arm-none-eabi/10.3.1/../../../../arm-none-eabi/lib/thumb/v6-m/nofp\libc_nano.a(lib_a-makebuf.o)
                0x00000000080026a8                __swhatbuf_r
 .text.__smakebuf_r
                0x00000000080026f8       0x88 c:/st/stm32cubeide_1.4.0/stm32cubeide/plugins/com.st.stm32cube.ide.mcu.externaltools.gnu-tools-for-stm32.10.3-2021.10.win32_1.0.0.202111181127/tools/bin/../lib/gcc/arm-none-eabi/10.3.1/../../../../arm-none-eabi/lib/thumb/v6-m/nofp\libc_nano.a(lib_a-makebuf.o)
                0x00000000080026f8                __smakebuf_r
 .text._free_r  0x0000000008002780       0x94 c:/st/stm32cubeide_1.4.0/stm32cubeide/plugins/com.st.stm32cube.ide.mcu.externaltools.gnu-tools-for-stm32.10.3-2021.10.win32_1.0.0.202111181127/tools/bin/../lib/gcc/arm-none-eabi/10.3.1/../../../../arm-none-eabi/lib/thumb/v6-m/nofp\libc_nano.a(lib_a-nano-freer.o)
                0x0000000008002780                _free_r
 .text.sbrk_aligned
                0x0000000008002814       0x44 c:/st/stm32cubeide_1.4.0/stm32cubeide/plugins/com.st.stm32cube.ide.mcu.externaltools.gnu-tools-for-stm32.10.3-2021.10.win32_1.0.0.202111181127/tools/bin/../lib/gcc/arm-none-eabi/10.3.1/../../../../arm-none-eabi/lib/thumb/v6-m/nofp\libc_nano.a(lib_a-nano-mallocr.o)
 .text._malloc_r
                0x0000000008002858       0xec c:/st/stm32cubeide_1.4.0/stm32cubeide/plugins/com.st.stm32cube.ide.mcu.externaltools.gnu-tools-for-stm32.10.3-2021.10.win32_1.0.0.202111181127/tools/bin/../lib/gcc/arm-none-eabi/10.3.1/../../../../arm-none-eabi/lib/thumb/v6-m/nofp\libc_nano.a(lib_a-nano-mallocr.o)
                0x0000000008002858                _malloc_r
 .text._sbrk_r  0x0000000008002944       0x24 c:/st/stm32cubeide_1.4.0/stm32cubeide/plugins/com.st.stm32cube.ide.mcu.externaltools.gnu-tools-for-stm32.10.3-2021.10.win32_1.0.0.202111181127/tools/bin/../lib/gcc/arm-none-eabi/10.3.1/../../../../arm-none-eabi/lib/thumb/v6-m/nofp\libc_nano.a(lib_a-sbrkr.o)
                0x0000000008002944                _sbrk_r
 .text.__sread  0x0000000008002968       0x28 c:/st/stm32cubeide_1.4.0/stm32cubeide/plugins/com.st.stm32cube.ide.mcu.externaltools.gnu-tools-for-stm32.10.3-2021.10.win32_1.0.0.202111181127/tools/bin/../lib/gcc/arm-none-eabi/10.3.1/../../../../arm-none-eabi/lib/thumb/v6-m/nofp\libc_nano.a(lib_a-stdio.o)
                0x0000000008002968                __sread
 .text.__swrite
                0x0000000008002990       0x38 c:/st/stm32cubeide_1.4.0/stm32cubeide/plugins/com.st.stm32cube.ide.mcu.externaltools.gnu-tools-for-stm32.10.3-2021.10.win32_1.0.0.202111181127/tools/bin/../lib/gcc/arm-none-eabi/10.3.1/../../../../arm-none-eabi/lib/thumb/v6-m/nofp\libc_nano.a(lib_a-stdio.o)
                0x0000000008002990                __swrite
 .text.__sseek  0x00000000080029c8       0x2c c:/st/stm32cubeide_1.4.0/stm32cubeide/plugins/com.st.stm32cube.ide.mcu.externaltools.gnu-tools-for-stm32.10.3-2021.10.win32_1.0.0.202111181127/tools/bin/../lib/gcc/arm-none-eabi/10.3.1/../../../../arm-none-eabi/lib/thumb/v6-m/nofp\libc_nano.a(lib_a-stdio.o)
                0x00000000080029c8                __sseek
 .text.__sclose
                0x00000000080029f4        0xc c:/st/stm32cubeide_1.4.0/stm32cubeide/plugins/com.st.stm32cube.ide.mcu.externaltools.gnu-tools-for-stm32.10.3-2021.10.win32_1.0.0.202111181127/tools/bin/../lib/gcc/arm-none-eabi/10.3.1/../../../../arm-none-eabi/lib/thumb/v6-m/nofp\libc_nano.a(lib_a-stdio.o)
                0x00000000080029f4                __sclose
 .text._write_r
                0x0000000008002a00       0x28 c:/st/stm32cubeide_1.4.0/stm32cubeide/plugins/com.st.stm32cube.ide.mcu.externaltools.gnu-tools-for-stm32.10.3-2021.10.win32_1.0.0.202111181127/tools/bin/../lib/gcc/arm-none-eabi/10.3.1/../../../../arm-none-eabi/lib/thumb/v6-m/nofp\libc_nano.a(lib_a-writer.o)
                0x0000000008002a00                _write_r
 .text._close_r
                0x0000000008002a28       0x24 c:/st/stm32cubeide_1.4.0/stm32cubeide/plugins/com.st.stm32cube.ide.mcu.externaltools.gnu-tools-for-stm32.10.3-2021.10.win32_1.0.0.202111181127/tools/bin/../lib/gcc/arm-none-eabi/10.3.1/../../../../arm-none-eabi/lib/thumb/v6-m/nofp\libc_nano.a(lib_a-closer.o)
                0x0000000008002a28                _close_r
 .text._fstat_r
                0x0000000008002a4c       0x24 c:/st/stm32cubeide_1.4.0/stm32cubeide/plugins/com.st.stm32cube.ide.mcu.externaltools.gnu-tools-for-stm32.10.3-2021.10.win32_1.0.0.202111181127/tools/bin/../lib/gcc/arm-none-eabi/10.3.1/../../../../arm-none-eabi/lib/thumb/v6-m/nofp\libc_nano.a(lib_a-fstatr.o)
                0x0000000008002a4c                _fstat_r
 .text._isatty_r
                0x0000000008002a70       0x24 c:/st/stm32cubeide_1.4.0/stm32cubeide/plugins/com.st.stm32cube.ide.mcu.externaltools.gnu-tools-for-stm32.10.3-2021.10.win32_1.0.0.202111181127/tools/bin/../lib/gcc/arm-none-eabi/10.3.1/../../../../arm-none-eabi/lib/thumb/v6-m/nofp\libc_nano.a(lib_a-isattyr.o)
                0x0000000008002a70                _isatty_r
 .text._lseek_r
                0x0000000008002a94       0x28 c:/st/stm32cubeide_1.4.0/stm32cubeide/plugins/com.st.stm32cube.ide.mcu.externaltools.gnu-tools-for-stm32.10.3-2021.10.win32_1.0.0.202111181127/tools/bin/../lib/gcc/arm-none-eabi/10.3.1/../../../../arm-none-eabi/lib/thumb/v6-m/nofp\libc_nano.a(lib_a-lseekr.o)
                0x0000000008002a94                _lseek_r
 .text.__malloc_lock
                0x0000000008002abc       0x10 c:/st/stm32cubeide_1.4.0/stm32cubeide/plugins/com.st.stm32cube.ide.mcu.externaltools.gnu-tools-for-stm32.10.3-2021.10.win32_1.0.0.202111181127/tools/bin/../lib/gcc/arm-none-eabi/10.3.1/../../../../arm-none-eabi/lib/thumb/v6-m/nofp\libc_nano.a(lib_a-mlock.o)
                0x0000000008002abc                __malloc_lock
 .text.__malloc_unlock
                0x0000000008002acc       0x10 c:/st/stm32cubeide_1.4.0/stm32cubeide/plugins/com.st.stm32cube.ide.mcu.externaltools.gnu-tools-for-stm32.10.3-2021.10.win32_1.0.0.202111181127/tools/bin/../lib/gcc/arm-none-eabi/10.3.1/../../../../arm-none-eabi/lib/thumb/v6-m/nofp\libc_nano.a(lib_a-mlock.o)
                0x0000000008002acc                __malloc_unlock
 .text._read_r  0x0000000008002adc       0x28 c:/st/stm32cubeide_1.4.0/stm32cubeide/plugins/com.st.stm32cube.ide.mcu.externaltools.gnu-tools-for-stm32.10.3-2021.10.win32_1.0.0.202111181127/tools/bin/../lib/gcc/arm-none-eabi/10.3.1/../../../../arm-none-eabi/lib/thumb/v6-m/nofp\libc_nano.a(lib_a-readr.o)
                0x0000000008002adc                _read_r
 *(.glue_7)
 .glue_7        0x0000000008002b04        0x0 linker stubs
 *(.glue_7t)
 .glue_7t       0x0000000008002b04        0x0 linker stubs
 *(.eh_frame)
 .eh_frame      0x0000000008002b04        0x0 c:/st/stm32cubeide_1.4.0/stm32cubeide/plugins/com.st.stm32cube.ide.mcu.externaltools.gnu-tools-for-stm32.10.3-2021.10.win32_1.0.0.202111181127/tools/bin/../lib/gcc/arm-none-eabi/10.3.1/thumb/v6-m/nofp/crtbegin.o
 *(.init)
 .init          0x0000000008002b04        0x4 c:/st/stm32cubeide_1.4.0/stm32cubeide/plugins/com.st.stm32cube.ide.mcu.externaltools.gnu-tools-for-stm32.10.3-2021.10.win32_1.0.0.202111181127/tools/bin/../lib/gcc/arm-none-eabi/10.3.1/thumb/v6-m/nofp/crti.o
                0x0000000008002b04                _init
 .init          0x0000000008002b08        0x8 c:/st/stm32cubeide_1.4.0/stm32cubeide/plugins/com.st.stm32cube.ide.mcu.externaltools.gnu-tools-for-stm32.10.3-2021.10.win32_1.0.0.202111181127/tools/bin/../lib/gcc/arm-none-eabi/10.3.1/thumb/v6-m/nofp/crtn.o
 *(.fini)
 .fini          0x0000000008002b10        0x4 c:/st/stm32cubeide_1.4.0/stm32cubeide/plugins/com.st.stm32cube.ide.mcu.externaltools.gnu-tools-for-stm32.10.3-2021.10.win32_1.0.0.202111181127/tools/bin/../lib/gcc/arm-none-eabi/10.3.1/thumb/v6-m/nofp/crti.o
                0x0000000008002b10                _fini
 .fini          0x0000000008002b14        0x8 c:/st/stm32cubeide_1.4.0/stm32cubeide/plugins/com.st.stm32cube.ide.mcu.externaltools.gnu-tools-for-stm32.10.3-2021.10.win32_1.0.0.202111181127/tools/bin/../lib/gcc/arm-none-eabi/10.3.1/thumb/v6-m/nofp/crtn.o
                0x0000000008002b1c                . = ALIGN (0x4)
                0x0000000008002b1c                _etext = .

.vfp11_veneer   0x0000000008002b1c        0x0
 .vfp11_veneer  0x0000000008002b1c        0x0 linker stubs

.v4_bx          0x0000000008002b1c        0x0
 .v4_bx         0x0000000008002b1c        0x0 linker stubs

.iplt           0x0000000008002b1c        0x0
 .iplt          0x0000000008002b1c        0x0 c:/st/stm32cubeide_1.4.0/stm32cubeide/plugins/com.st.stm32cube.ide.mcu.externaltools.gnu-tools-for-stm32.10.3-2021.10.win32_1.0.0.202111181127/tools/bin/../lib/gcc/arm-none-eabi/10.3.1/thumb/v6-m/nofp/crtbegin.o

.rodata         0x0000000008002b1c     0x23f0
                0x0000000008002b1c                . = ALIGN (0x4)
 *(.rodata)
 .rodata        0x0000000008002b1c       0x12 ./Src/main.o
 *fill*         0x0000000008002b2e        0x2 
 .rodata        0x0000000008002b30      0x356 ./User/GUI/GUI_Paint.o
 *fill*         0x0000000008002e86        0x2 
 .rodata        0x0000000008002e88       0x35 ./User/e-Paper/EPD_1in54b.o
 *(.rodata*)
 *fill*         0x0000000008002ebd        0x3 
 .rodata.logo   0x0000000008002ec0     0x1388 ./Src/logo.o
                0x0000000008002ec0                logo
 .rodata.Font16_Table
                0x0000000008004248      0xbe0 ./User/Fonts/font16.o
                0x0000000008004248                Font16_Table
 .rodata.EPD_1IN54B_lut_vcom0
                0x0000000008004e28        0xf ./User/e-Paper/EPD_1in54b.o
                0x0000000008004e28                EPD_1IN54B_lut_vcom0
 *fill*         0x0000000008004e37        0x1 
 .rodata.EPD_1IN54B_lut_w
                0x0000000008004e38        0xf ./User/e-Paper/EPD_1in54b.o
                0x0000000008004e38                EPD_1IN54B_lut_w
 *fill*         0x0000000008004e47        0x1 
 .rodata.EPD_1IN54B_lut_b
                0x0000000008004e48        0xf ./User/e-Paper/EPD_1in54b.o
                0x0000000008004e48                EPD_1IN54B_lut_b
 *fill*         0x0000000008004e57        0x1 
 .rodata.EPD_1IN54B_lut_g1
                0x0000000008004e58        0xf ./User/e-Paper/EPD_1in54b.o
                0x0000000008004e58                EPD_1IN54B_lut_g1
 *fill*         0x0000000008004e67        0x1 
 .rodata.EPD_1IN54B_lut_g2
                0x0000000008004e68        0xf ./User/e-Paper/EPD_1in54b.o
                0x0000000008004e68                EPD_1IN54B_lut_g2
 *fill*         0x0000000008004e77        0x1 
 .rodata.EPD_1IN54B_lut_vcom1
                0x0000000008004e78        0xf ./User/e-Paper/EPD_1in54b.o
                0x0000000008004e78                EPD_1IN54B_lut_vcom1
 *fill*         0x0000000008004e87        0x1 
 .rodata.EPD_1IN54B_lut_red0
                0x0000000008004e88        0xf ./User/e-Paper/EPD_1in54b.o
                0x0000000008004e88                EPD_1IN54B_lut_red0
 *fill*         0x0000000008004e97        0x1 
 .rodata.EPD_1IN54B_lut_red1
                0x0000000008004e98        0xf ./User/e-Paper/EPD_1in54b.o
                0x0000000008004e98                EPD_1IN54B_lut_red1
 *fill*         0x0000000008004ea7        0x1 
 .rodata._global_impure_ptr
                0x0000000008004ea8        0x4 c:/st/stm32cubeide_1.4.0/stm32cubeide/plugins/com.st.stm32cube.ide.mcu.externaltools.gnu-tools-for-stm32.10.3-2021.10.win32_1.0.0.202111181127/tools/bin/../lib/gcc/arm-none-eabi/10.3.1/../../../../arm-none-eabi/lib/thumb/v6-m/nofp\libc_nano.a(lib_a-impure.o)
                0x0000000008004ea8                _global_impure_ptr
 .rodata.__sf_fake_stderr
                0x0000000008004eac       0x20 c:/st/stm32cubeide_1.4.0/stm32cubeide/plugins/com.st.stm32cube.ide.mcu.externaltools.gnu-tools-for-stm32.10.3-2021.10.win32_1.0.0.202111181127/tools/bin/../lib/gcc/arm-none-eabi/10.3.1/../../../../arm-none-eabi/lib/thumb/v6-m/nofp\libc_nano.a(lib_a-findfp.o)
                0x0000000008004eac                __sf_fake_stderr
 .rodata.__sf_fake_stdin
                0x0000000008004ecc       0x20 c:/st/stm32cubeide_1.4.0/stm32cubeide/plugins/com.st.stm32cube.ide.mcu.externaltools.gnu-tools-for-stm32.10.3-2021.10.win32_1.0.0.202111181127/tools/bin/../lib/gcc/arm-none-eabi/10.3.1/../../../../arm-none-eabi/lib/thumb/v6-m/nofp\libc_nano.a(lib_a-findfp.o)
                0x0000000008004ecc                __sf_fake_stdin
 .rodata.__sf_fake_stdout
                0x0000000008004eec       0x20 c:/st/stm32cubeide_1.4.0/stm32cubeide/plugins/com.st.stm32cube.ide.mcu.externaltools.gnu-tools-for-stm32.10.3-2021.10.win32_1.0.0.202111181127/tools/bin/../lib/gcc/arm-none-eabi/10.3.1/../../../../arm-none-eabi/lib/thumb/v6-m/nofp\libc_nano.a(lib_a-findfp.o)
                0x0000000008004eec                __sf_fake_stdout
                0x0000000008004f0c                . = ALIGN (0x4)

.rel.dyn        0x0000000008004f0c        0x0
 .rel.iplt      0x0000000008004f0c        0x0 c:/st/stm32cubeide_1.4.0/stm32cubeide/plugins/com.st.stm32cube.ide.mcu.externaltools.gnu-tools-for-stm32.10.3-2021.10.win32_1.0.0.202111181127/tools/bin/../lib/gcc/arm-none-eabi/10.3.1/thumb/v6-m/nofp/crtbegin.o

.ARM.extab      0x0000000008004f0c        0x0
                0x0000000008004f0c                . = ALIGN (0x4)
 *(.ARM.extab* .gnu.linkonce.armextab.*)
                0x0000000008004f0c                . = ALIGN (0x4)

.ARM            0x0000000008004f0c        0x0
                0x0000000008004f0c                . = ALIGN (0x4)
                0x0000000008004f0c                __exidx_start = .
 *(.ARM.exidx*)
                0x0000000008004f0c                __exidx_end = .
                0x0000000008004f0c                . = ALIGN (0x4)

.preinit_array  0x0000000008004f0c        0x0
                0x0000000008004f0c                . = ALIGN (0x4)
                0x0000000008004f0c                PROVIDE (__preinit_array_start = .)
 *(.preinit_array*)
                0x0000000008004f0c                PROVIDE (__preinit_array_end = .)
                0x0000000008004f0c                . = ALIGN (0x4)

.init_array     0x0000000008004f0c        0x4
                0x0000000008004f0c                . = ALIGN (0x4)
                0x0000000008004f0c                PROVIDE (__init_array_start = .)
 *(SORT_BY_NAME(.init_array.*))
 *(.init_array*)
 .init_array    0x0000000008004f0c        0x4 c:/st/stm32cubeide_1.4.0/stm32cubeide/plugins/com.st.stm32cube.ide.mcu.externaltools.gnu-tools-for-stm32.10.3-2021.10.win32_1.0.0.202111181127/tools/bin/../lib/gcc/arm-none-eabi/10.3.1/thumb/v6-m/nofp/crtbegin.o
                0x0000000008004f10                PROVIDE (__init_array_end = .)
                0x0000000008004f10                . = ALIGN (0x4)

.fini_array     0x0000000008004f10        0x4
                0x0000000008004f10                . = ALIGN (0x4)
                [!provide]                        PROVIDE (__fini_array_start = .)
 *(SORT_BY_NAME(.fini_array.*))
 *(.fini_array*)
 .fini_array    0x0000000008004f10        0x4 c:/st/stm32cubeide_1.4.0/stm32cubeide/plugins/com.st.stm32cube.ide.mcu.externaltools.gnu-tools-for-stm32.10.3-2021.10.win32_1.0.0.202111181127/tools/bin/../lib/gcc/arm-none-eabi/10.3.1/thumb/v6-m/nofp/crtbegin.o
                [!provide]                        PROVIDE (__fini_array_end = .)
                0x0000000008004f14                . = ALIGN (0x4)
                0x0000000008004f14                _sidata = LOADADDR (.data)

.data           0x0000000020000000       0x74 load address 0x0000000008004f14
                0x0000000020000000                . = ALIGN (0x4)
                0x0000000020000000                _sdata = .
 *(.data)
 *(.data*)
 .data.spi      0x0000000020000000        0x4 ./Src/spi.o
                0x0000000020000000                spi
 .data.SystemCoreClock
                0x0000000020000004        0x4 ./Src/system_stm32g0xx.o
                0x0000000020000004                SystemCoreClock
 .data.Font16   0x0000000020000008        0x8 ./User/Fonts/font16.o
                0x0000000020000008                Font16
 .data._impure_ptr
                0x0000000020000010        0x4 c:/st/stm32cubeide_1.4.0/stm32cubeide/plugins/com.st.stm32cube.ide.mcu.externaltools.gnu-tools-for-stm32.10.3-2021.10.win32_1.0.0.202111181127/tools/bin/../lib/gcc/arm-none-eabi/10.3.1/../../../../arm-none-eabi/lib/thumb/v6-m/nofp\libc_nano.a(lib_a-impure.o)
                0x0000000020000010                _impure_ptr
 .data.impure_data
                0x0000000020000014       0x60 c:/st/stm32cubeide_1.4.0/stm32cubeide/plugins/com.st.stm32cube.ide.mcu.externaltools.gnu-tools-for-stm32.10.3-2021.10.win32_1.0.0.202111181127/tools/bin/../lib/gcc/arm-none-eabi/10.3.1/../../../../arm-none-eabi/lib/thumb/v6-m/nofp\libc_nano.a(lib_a-impure.o)
 *(.RamFunc)
 *(.RamFunc*)
                0x0000000020000074                . = ALIGN (0x4)
                0x0000000020000074                _edata = .

.igot.plt       0x0000000020000074        0x0 load address 0x0000000008004f88
 .igot.plt      0x0000000020000074        0x0 c:/st/stm32cubeide_1.4.0/stm32cubeide/plugins/com.st.stm32cube.ide.mcu.externaltools.gnu-tools-for-stm32.10.3-2021.10.win32_1.0.0.202111181127/tools/bin/../lib/gcc/arm-none-eabi/10.3.1/thumb/v6-m/nofp/crtbegin.o
                0x0000000020000074                . = ALIGN (0x4)

.bss            0x0000000020000074     0x2764 load address 0x0000000008004f88
                0x0000000020000074                _sbss = .
                0x0000000020000074                __bss_start__ = _sbss
 *(.bss)
 .bss           0x0000000020000074       0x1c c:/st/stm32cubeide_1.4.0/stm32cubeide/plugins/com.st.stm32cube.ide.mcu.externaltools.gnu-tools-for-stm32.10.3-2021.10.win32_1.0.0.202111181127/tools/bin/../lib/gcc/arm-none-eabi/10.3.1/thumb/v6-m/nofp/crtbegin.o
 *(.bss*)
 .bss.spi_timer
                0x0000000020000090        0x8 ./Src/main.o
 .bss.black_image
                0x0000000020000098     0x1388 ./Src/main.o
                0x0000000020000098                black_image
 .bss.red_image
                0x0000000020001420     0x1388 ./Src/main.o
                0x0000000020001420                red_image
 .bss.ms_tick   0x00000000200027a8        0x4 ./Src/software_timer.o
 .bss.__sbrk_heap_end
                0x00000000200027ac        0x4 ./Src/sysmem.o
 .bss.Paint     0x00000000200027b0       0x18 ./User/GUI/GUI_Paint.o
                0x00000000200027b0                Paint
 .bss.__lock___malloc_recursive_mutex
                0x00000000200027c8        0x1 c:/st/stm32cubeide_1.4.0/stm32cubeide/plugins/com.st.stm32cube.ide.mcu.externaltools.gnu-tools-for-stm32.10.3-2021.10.win32_1.0.0.202111181127/tools/bin/../lib/gcc/arm-none-eabi/10.3.1/../../../../arm-none-eabi/lib/thumb/v6-m/nofp\libc_nano.a(lib_a-lock.o)
                0x00000000200027c8                __lock___malloc_recursive_mutex
 .bss.__lock___sfp_recursive_mutex
                0x00000000200027c9        0x1 c:/st/stm32cubeide_1.4.0/stm32cubeide/plugins/com.st.stm32cube.ide.mcu.externaltools.gnu-tools-for-stm32.10.3-2021.10.win32_1.0.0.202111181127/tools/bin/../lib/gcc/arm-none-eabi/10.3.1/../../../../arm-none-eabi/lib/thumb/v6-m/nofp\libc_nano.a(lib_a-lock.o)
                0x00000000200027c9                __lock___sfp_recursive_mutex
 .bss.__lock___sinit_recursive_mutex
                0x00000000200027ca        0x1 c:/st/stm32cubeide_1.4.0/stm32cubeide/plugins/com.st.stm32cube.ide.mcu.externaltools.gnu-tools-for-stm32.10.3-2021.10.win32_1.0.0.202111181127/tools/bin/../lib/gcc/arm-none-eabi/10.3.1/../../../../arm-none-eabi/lib/thumb/v6-m/nofp\libc_nano.a(lib_a-lock.o)
                0x00000000200027ca                __lock___sinit_recursive_mutex
 *fill*         0x00000000200027cb        0x1 
 .bss.__malloc_free_list
                0x00000000200027cc        0x4 c:/st/stm32cubeide_1.4.0/stm32cubeide/plugins/com.st.stm32cube.ide.mcu.externaltools.gnu-tools-for-stm32.10.3-2021.10.win32_1.0.0.202111181127/tools/bin/../lib/gcc/arm-none-eabi/10.3.1/../../../../arm-none-eabi/lib/thumb/v6-m/nofp\libc_nano.a(lib_a-nano-mallocr.o)
                0x00000000200027cc                __malloc_free_list
 .bss.__malloc_sbrk_start
                0x00000000200027d0        0x4 c:/st/stm32cubeide_1.4.0/stm32cubeide/plugins/com.st.stm32cube.ide.mcu.externaltools.gnu-tools-for-stm32.10.3-2021.10.win32_1.0.0.202111181127/tools/bin/../lib/gcc/arm-none-eabi/10.3.1/../../../../arm-none-eabi/lib/thumb/v6-m/nofp\libc_nano.a(lib_a-nano-mallocr.o)
                0x00000000200027d0                __malloc_sbrk_start
 .bss.errno     0x00000000200027d4        0x4 c:/st/stm32cubeide_1.4.0/stm32cubeide/plugins/com.st.stm32cube.ide.mcu.externaltools.gnu-tools-for-stm32.10.3-2021.10.win32_1.0.0.202111181127/tools/bin/../lib/gcc/arm-none-eabi/10.3.1/../../../../arm-none-eabi/lib/thumb/v6-m/nofp\libc_nano.a(lib_a-reent.o)
                0x00000000200027d4                errno
 *(COMMON)
                0x00000000200027d8                . = ALIGN (0x4)
                0x00000000200027d8                _ebss = .
                0x00000000200027d8                __bss_end__ = _ebss

._user_heap_stack
                0x00000000200027d8      0x600 load address 0x0000000008004f88
                0x00000000200027d8                . = ALIGN (0x8)
                [!provide]                        PROVIDE (end = .)
                0x00000000200027d8                PROVIDE (_end = .)
                0x00000000200029d8                . = (. + _Min_Heap_Size)
 *fill*         0x00000000200027d8      0x200 
                0x0000000020002dd8                . = (. + _Min_Stack_Size)
 *fill*         0x00000000200029d8      0x400 
                0x0000000020002dd8                . = ALIGN (0x8)

/DISCARD/
 libc.a(*)
 libm.a(*)
 libgcc.a(*)

.ARM.attributes
                0x0000000000000000       0x28
 *(.ARM.attributes)
 .ARM.attributes
                0x0000000000000000       0x1e c:/st/stm32cubeide_1.4.0/stm32cubeide/plugins/com.st.stm32cube.ide.mcu.externaltools.gnu-tools-for-stm32.10.3-2021.10.win32_1.0.0.202111181127/tools/bin/../lib/gcc/arm-none-eabi/10.3.1/thumb/v6-m/nofp/crti.o
 .ARM.attributes
                0x000000000000001e       0x2c c:/st/stm32cubeide_1.4.0/stm32cubeide/plugins/com.st.stm32cube.ide.mcu.externaltools.gnu-tools-for-stm32.10.3-2021.10.win32_1.0.0.202111181127/tools/bin/../lib/gcc/arm-none-eabi/10.3.1/thumb/v6-m/nofp/crtbegin.o
 .ARM.attributes
                0x000000000000004a       0x2c ./Drivers/STM32G0xx_LL_Driver/Src/stm32g0xx_ll_utils.o
 .ARM.attributes
                0x0000000000000076       0x2c ./Src/logo.o
 .ARM.attributes
                0x00000000000000a2       0x2c ./Src/main.o
 .ARM.attributes
                0x00000000000000ce       0x2c ./Src/software_timer.o
 .ARM.attributes
                0x00000000000000fa       0x2c ./Src/spi.o
 .ARM.attributes
                0x0000000000000126       0x2c ./Src/stm32g0xx_it.o
 .ARM.attributes
                0x0000000000000152       0x2c ./Src/syscalls.o
 .ARM.attributes
                0x000000000000017e       0x2c ./Src/sysmem.o
 .ARM.attributes
                0x00000000000001aa       0x2c ./Src/system_stm32g0xx.o
 .ARM.attributes
                0x00000000000001d6       0x22 ./Startup/startup_stm32g071rbtx.o
 .ARM.attributes
                0x00000000000001f8       0x2c ./User/Config/DEV_Config.o
 .ARM.attributes
                0x0000000000000224       0x2c ./User/Fonts/font16.o
 .ARM.attributes
                0x0000000000000250       0x2c ./User/GUI/GUI_Paint.o
 .ARM.attributes
                0x000000000000027c       0x2c ./User/e-Paper/EPD_1in54b.o
 .ARM.attributes
                0x00000000000002a8       0x2c c:/st/stm32cubeide_1.4.0/stm32cubeide/plugins/com.st.stm32cube.ide.mcu.externaltools.gnu-tools-for-stm32.10.3-2021.10.win32_1.0.0.202111181127/tools/bin/../lib/gcc/arm-none-eabi/10.3.1/../../../../arm-none-eabi/lib/thumb/v6-m/nofp\libc_nano.a(lib_a-errno.o)
 .ARM.attributes
                0x00000000000002d4       0x2c c:/st/stm32cubeide_1.4.0/stm32cubeide/plugins/com.st.stm32cube.ide.mcu.externaltools.gnu-tools-for-stm32.10.3-2021.10.win32_1.0.0.202111181127/tools/bin/../lib/gcc/arm-none-eabi/10.3.1/../../../../arm-none-eabi/lib/thumb/v6-m/nofp\libc_nano.a(lib_a-impure.o)
 .ARM.attributes
                0x0000000000000300       0x2c c:/st/stm32cubeide_1.4.0/stm32cubeide/plugins/com.st.stm32cube.ide.mcu.externaltools.gnu-tools-for-stm32.10.3-2021.10.win32_1.0.0.202111181127/tools/bin/../lib/gcc/arm-none-eabi/10.3.1/../../../../arm-none-eabi/lib/thumb/v6-m/nofp\libc_nano.a(lib_a-init.o)
 .ARM.attributes
                0x000000000000032c       0x2c c:/st/stm32cubeide_1.4.0/stm32cubeide/plugins/com.st.stm32cube.ide.mcu.externaltools.gnu-tools-for-stm32.10.3-2021.10.win32_1.0.0.202111181127/tools/bin/../lib/gcc/arm-none-eabi/10.3.1/../../../../arm-none-eabi/lib/thumb/v6-m/nofp\libc_nano.a(lib_a-memset.o)
 .ARM.attributes
                0x0000000000000358       0x2c c:/st/stm32cubeide_1.4.0/stm32cubeide/plugins/com.st.stm32cube.ide.mcu.externaltools.gnu-tools-for-stm32.10.3-2021.10.win32_1.0.0.202111181127/tools/bin/../lib/gcc/arm-none-eabi/10.3.1/../../../../arm-none-eabi/lib/thumb/v6-m/nofp\libc_nano.a(lib_a-puts.o)
 .ARM.attributes
                0x0000000000000384       0x2c c:/st/stm32cubeide_1.4.0/stm32cubeide/plugins/com.st.stm32cube.ide.mcu.externaltools.gnu-tools-for-stm32.10.3-2021.10.win32_1.0.0.202111181127/tools/bin/../lib/gcc/arm-none-eabi/10.3.1/../../../../arm-none-eabi/lib/thumb/v6-m/nofp\libc_nano.a(lib_a-wbuf.o)
 .ARM.attributes
                0x00000000000003b0       0x2c c:/st/stm32cubeide_1.4.0/stm32cubeide/plugins/com.st.stm32cube.ide.mcu.externaltools.gnu-tools-for-stm32.10.3-2021.10.win32_1.0.0.202111181127/tools/bin/../lib/gcc/arm-none-eabi/10.3.1/../../../../arm-none-eabi/lib/thumb/v6-m/nofp\libc_nano.a(lib_a-wsetup.o)
 .ARM.attributes
                0x00000000000003dc       0x2c c:/st/stm32cubeide_1.4.0/stm32cubeide/plugins/com.st.stm32cube.ide.mcu.externaltools.gnu-tools-for-stm32.10.3-2021.10.win32_1.0.0.202111181127/tools/bin/../lib/gcc/arm-none-eabi/10.3.1/../../../../arm-none-eabi/lib/thumb/v6-m/nofp\libc_nano.a(lib_a-fflush.o)
 .ARM.attributes
                0x0000000000000408       0x2c c:/st/stm32cubeide_1.4.0/stm32cubeide/plugins/com.st.stm32cube.ide.mcu.externaltools.gnu-tools-for-stm32.10.3-2021.10.win32_1.0.0.202111181127/tools/bin/../lib/gcc/arm-none-eabi/10.3.1/../../../../arm-none-eabi/lib/thumb/v6-m/nofp\libc_nano.a(lib_a-findfp.o)
 .ARM.attributes
                0x0000000000000434       0x2c c:/st/stm32cubeide_1.4.0/stm32cubeide/plugins/com.st.stm32cube.ide.mcu.externaltools.gnu-tools-for-stm32.10.3-2021.10.win32_1.0.0.202111181127/tools/bin/../lib/gcc/arm-none-eabi/10.3.1/../../../../arm-none-eabi/lib/thumb/v6-m/nofp\libc_nano.a(lib_a-fwalk.o)
 .ARM.attributes
                0x0000000000000460       0x2c c:/st/stm32cubeide_1.4.0/stm32cubeide/plugins/com.st.stm32cube.ide.mcu.externaltools.gnu-tools-for-stm32.10.3-2021.10.win32_1.0.0.202111181127/tools/bin/../lib/gcc/arm-none-eabi/10.3.1/../../../../arm-none-eabi/lib/thumb/v6-m/nofp\libc_nano.a(lib_a-lock.o)
 .ARM.attributes
                0x000000000000048c       0x2c c:/st/stm32cubeide_1.4.0/stm32cubeide/plugins/com.st.stm32cube.ide.mcu.externaltools.gnu-tools-for-stm32.10.3-2021.10.win32_1.0.0.202111181127/tools/bin/../lib/gcc/arm-none-eabi/10.3.1/../../../../arm-none-eabi/lib/thumb/v6-m/nofp\libc_nano.a(lib_a-makebuf.o)
 .ARM.attributes
                0x00000000000004b8       0x2c c:/st/stm32cubeide_1.4.0/stm32cubeide/plugins/com.st.stm32cube.ide.mcu.externaltools.gnu-tools-for-stm32.10.3-2021.10.win32_1.0.0.202111181127/tools/bin/../lib/gcc/arm-none-eabi/10.3.1/../../../../arm-none-eabi/lib/thumb/v6-m/nofp\libc_nano.a(lib_a-nano-freer.o)
 .ARM.attributes
                0x00000000000004e4       0x2c c:/st/stm32cubeide_1.4.0/stm32cubeide/plugins/com.st.stm32cube.ide.mcu.externaltools.gnu-tools-for-stm32.10.3-2021.10.win32_1.0.0.202111181127/tools/bin/../lib/gcc/arm-none-eabi/10.3.1/../../../../arm-none-eabi/lib/thumb/v6-m/nofp\libc_nano.a(lib_a-nano-mallocr.o)
 .ARM.attributes
                0x0000000000000510       0x2c c:/st/stm32cubeide_1.4.0/stm32cubeide/plugins/com.st.stm32cube.ide.mcu.externaltools.gnu-tools-for-stm32.10.3-2021.10.win32_1.0.0.202111181127/tools/bin/../lib/gcc/arm-none-eabi/10.3.1/../../../../arm-none-eabi/lib/thumb/v6-m/nofp\libc_nano.a(lib_a-sbrkr.o)
 .ARM.attributes
                0x000000000000053c       0x2c c:/st/stm32cubeide_1.4.0/stm32cubeide/plugins/com.st.stm32cube.ide.mcu.externaltools.gnu-tools-for-stm32.10.3-2021.10.win32_1.0.0.202111181127/tools/bin/../lib/gcc/arm-none-eabi/10.3.1/../../../../arm-none-eabi/lib/thumb/v6-m/nofp\libc_nano.a(lib_a-stdio.o)
 .ARM.attributes
                0x0000000000000568       0x2c c:/st/stm32cubeide_1.4.0/stm32cubeide/plugins/com.st.stm32cube.ide.mcu.externaltools.gnu-tools-for-stm32.10.3-2021.10.win32_1.0.0.202111181127/tools/bin/../lib/gcc/arm-none-eabi/10.3.1/../../../../arm-none-eabi/lib/thumb/v6-m/nofp\libc_nano.a(lib_a-writer.o)
 .ARM.attributes
                0x0000000000000594       0x2c c:/st/stm32cubeide_1.4.0/stm32cubeide/plugins/com.st.stm32cube.ide.mcu.externaltools.gnu-tools-for-stm32.10.3-2021.10.win32_1.0.0.202111181127/tools/bin/../lib/gcc/arm-none-eabi/10.3.1/../../../../arm-none-eabi/lib/thumb/v6-m/nofp\libc_nano.a(lib_a-closer.o)
 .ARM.attributes
                0x00000000000005c0       0x2c c:/st/stm32cubeide_1.4.0/stm32cubeide/plugins/com.st.stm32cube.ide.mcu.externaltools.gnu-tools-for-stm32.10.3-2021.10.win32_1.0.0.202111181127/tools/bin/../lib/gcc/arm-none-eabi/10.3.1/../../../../arm-none-eabi/lib/thumb/v6-m/nofp\libc_nano.a(lib_a-fstatr.o)
 .ARM.attributes
                0x00000000000005ec       0x2c c:/st/stm32cubeide_1.4.0/stm32cubeide/plugins/com.st.stm32cube.ide.mcu.externaltools.gnu-tools-for-stm32.10.3-2021.10.win32_1.0.0.202111181127/tools/bin/../lib/gcc/arm-none-eabi/10.3.1/../../../../arm-none-eabi/lib/thumb/v6-m/nofp\libc_nano.a(lib_a-isattyr.o)
 .ARM.attributes
                0x0000000000000618       0x2c c:/st/stm32cubeide_1.4.0/stm32cubeide/plugins/com.st.stm32cube.ide.mcu.externaltools.gnu-tools-for-stm32.10.3-2021.10.win32_1.0.0.202111181127/tools/bin/../lib/gcc/arm-none-eabi/10.3.1/../../../../arm-none-eabi/lib/thumb/v6-m/nofp\libc_nano.a(lib_a-lseekr.o)
 .ARM.attributes
                0x0000000000000644       0x2c c:/st/stm32cubeide_1.4.0/stm32cubeide/plugins/com.st.stm32cube.ide.mcu.externaltools.gnu-tools-for-stm32.10.3-2021.10.win32_1.0.0.202111181127/tools/bin/../lib/gcc/arm-none-eabi/10.3.1/../../../../arm-none-eabi/lib/thumb/v6-m/nofp\libc_nano.a(lib_a-mlock.o)
 .ARM.attributes
                0x0000000000000670       0x2c c:/st/stm32cubeide_1.4.0/stm32cubeide/plugins/com.st.stm32cube.ide.mcu.externaltools.gnu-tools-for-stm32.10.3-2021.10.win32_1.0.0.202111181127/tools/bin/../lib/gcc/arm-none-eabi/10.3.1/../../../../arm-none-eabi/lib/thumb/v6-m/nofp\libc_nano.a(lib_a-readr.o)
 .ARM.attributes
                0x000000000000069c       0x2c c:/st/stm32cubeide_1.4.0/stm32cubeide/plugins/com.st.stm32cube.ide.mcu.externaltools.gnu-tools-for-stm32.10.3-2021.10.win32_1.0.0.202111181127/tools/bin/../lib/gcc/arm-none-eabi/10.3.1/../../../../arm-none-eabi/lib/thumb/v6-m/nofp\libc_nano.a(lib_a-reent.o)
 .ARM.attributes
                0x00000000000006c8       0x1e c:/st/stm32cubeide_1.4.0/stm32cubeide/plugins/com.st.stm32cube.ide.mcu.externaltools.gnu-tools-for-stm32.10.3-2021.10.win32_1.0.0.202111181127/tools/bin/../lib/gcc/arm-none-eabi/10.3.1/thumb/v6-m/nofp\libgcc.a(_udivsi3.o)
 .ARM.attributes
                0x00000000000006e6       0x1e c:/st/stm32cubeide_1.4.0/stm32cubeide/plugins/com.st.stm32cube.ide.mcu.externaltools.gnu-tools-for-stm32.10.3-2021.10.win32_1.0.0.202111181127/tools/bin/../lib/gcc/arm-none-eabi/10.3.1/thumb/v6-m/nofp\libgcc.a(_dvmd_tls.o)
 .ARM.attributes
                0x0000000000000704       0x1e c:/st/stm32cubeide_1.4.0/stm32cubeide/plugins/com.st.stm32cube.ide.mcu.externaltools.gnu-tools-for-stm32.10.3-2021.10.win32_1.0.0.202111181127/tools/bin/../lib/gcc/arm-none-eabi/10.3.1/thumb/v6-m/nofp/crtn.o
OUTPUT(08_01_Kurs_STM32_LL_SPI_Master_TX_Polling.elf elf32-littlearm)
LOAD linker stubs
LOAD c:/st/stm32cubeide_1.4.0/stm32cubeide/plugins/com.st.stm32cube.ide.mcu.externaltools.gnu-tools-for-stm32.10.3-2021.10.win32_1.0.0.202111181127/tools/bin/../lib/gcc/arm-none-eabi/10.3.1/../../../../arm-none-eabi/lib/thumb/v6-m/nofp\libc.a
LOAD c:/st/stm32cubeide_1.4.0/stm32cubeide/plugins/com.st.stm32cube.ide.mcu.externaltools.gnu-tools-for-stm32.10.3-2021.10.win32_1.0.0.202111181127/tools/bin/../lib/gcc/arm-none-eabi/10.3.1/../../../../arm-none-eabi/lib/thumb/v6-m/nofp\libm.a
LOAD c:/st/stm32cubeide_1.4.0/stm32cubeide/plugins/com.st.stm32cube.ide.mcu.externaltools.gnu-tools-for-stm32.10.3-2021.10.win32_1.0.0.202111181127/tools/bin/../lib/gcc/arm-none-eabi/10.3.1/thumb/v6-m/nofp\libgcc.a

.debug_info     0x0000000000000000     0x47ac
 .debug_info    0x0000000000000000      0x8f6 ./Drivers/STM32G0xx_LL_Driver/Src/stm32g0xx_ll_utils.o
 .debug_info    0x00000000000008f6       0x5d ./Src/logo.o
 .debug_info    0x0000000000000953      0xa21 ./Src/main.o
 .debug_info    0x0000000000001374      0x1d2 ./Src/software_timer.o
 .debug_info    0x0000000000001546      0xa80 ./Src/spi.o
 .debug_info    0x0000000000001fc6      0x116 ./Src/stm32g0xx_it.o
 .debug_info    0x00000000000020dc      0x6e0 ./Src/syscalls.o
 .debug_info    0x00000000000027bc      0x171 ./Src/sysmem.o
 .debug_info    0x000000000000292d      0x302 ./Src/system_stm32g0xx.o
 .debug_info    0x0000000000002c2f       0x22 ./Startup/startup_stm32g071rbtx.o
 .debug_info    0x0000000000002c51      0x2bd ./User/Config/DEV_Config.o
 .debug_info    0x0000000000002f0e      0x12e ./User/Fonts/font16.o
 .debug_info    0x000000000000303c     0x1177 ./User/GUI/GUI_Paint.o
 .debug_info    0x00000000000041b3      0x5f9 ./User/e-Paper/EPD_1in54b.o

.debug_abbrev   0x0000000000000000     0x11b6
 .debug_abbrev  0x0000000000000000      0x21f ./Drivers/STM32G0xx_LL_Driver/Src/stm32g0xx_ll_utils.o
 .debug_abbrev  0x000000000000021f       0x4a ./Src/logo.o
 .debug_abbrev  0x0000000000000269      0x22b ./Src/main.o
 .debug_abbrev  0x0000000000000494      0x105 ./Src/software_timer.o
 .debug_abbrev  0x0000000000000599      0x191 ./Src/spi.o
 .debug_abbrev  0x000000000000072a       0x93 ./Src/stm32g0xx_it.o
 .debug_abbrev  0x00000000000007bd      0x1b3 ./Src/syscalls.o
 .debug_abbrev  0x0000000000000970       0xbb ./Src/sysmem.o
 .debug_abbrev  0x0000000000000a2b      0x116 ./Src/system_stm32g0xx.o
 .debug_abbrev  0x0000000000000b41       0x12 ./Startup/startup_stm32g071rbtx.o
 .debug_abbrev  0x0000000000000b53      0x178 ./User/Config/DEV_Config.o
 .debug_abbrev  0x0000000000000ccb       0xb1 ./User/Fonts/font16.o
 .debug_abbrev  0x0000000000000d7c      0x205 ./User/GUI/GUI_Paint.o
 .debug_abbrev  0x0000000000000f81      0x235 ./User/e-Paper/EPD_1in54b.o

.debug_aranges  0x0000000000000000      0x5b8
 .debug_aranges
                0x0000000000000000       0xe8 ./Drivers/STM32G0xx_LL_Driver/Src/stm32g0xx_ll_utils.o
 .debug_aranges
                0x00000000000000e8       0x18 ./Src/logo.o
 .debug_aranges
                0x0000000000000100       0xb0 ./Src/main.o
 .debug_aranges
                0x00000000000001b0       0x30 ./Src/software_timer.o
 .debug_aranges
                0x00000000000001e0      0x108 ./Src/spi.o
 .debug_aranges
                0x00000000000002e8       0x20 ./Src/stm32g0xx_it.o
 .debug_aranges
                0x0000000000000308       0xa8 ./Src/syscalls.o
 .debug_aranges
                0x00000000000003b0       0x20 ./Src/sysmem.o
 .debug_aranges
                0x00000000000003d0       0x28 ./Src/system_stm32g0xx.o
 .debug_aranges
                0x00000000000003f8       0x28 ./Startup/startup_stm32g071rbtx.o
 .debug_aranges
                0x0000000000000420       0x40 ./User/Config/DEV_Config.o
 .debug_aranges
                0x0000000000000460       0x18 ./User/Fonts/font16.o
 .debug_aranges
                0x0000000000000478       0xc0 ./User/GUI/GUI_Paint.o
 .debug_aranges
                0x0000000000000538       0x80 ./User/e-Paper/EPD_1in54b.o

.debug_ranges   0x0000000000000000      0x4d0
 .debug_ranges  0x0000000000000000       0xd8 ./Drivers/STM32G0xx_LL_Driver/Src/stm32g0xx_ll_utils.o
 .debug_ranges  0x00000000000000d8       0xa0 ./Src/main.o
 .debug_ranges  0x0000000000000178       0x20 ./Src/software_timer.o
 .debug_ranges  0x0000000000000198       0xf8 ./Src/spi.o
 .debug_ranges  0x0000000000000290       0x10 ./Src/stm32g0xx_it.o
 .debug_ranges  0x00000000000002a0       0x98 ./Src/syscalls.o
 .debug_ranges  0x0000000000000338       0x10 ./Src/sysmem.o
 .debug_ranges  0x0000000000000348       0x18 ./Src/system_stm32g0xx.o
 .debug_ranges  0x0000000000000360       0x20 ./Startup/startup_stm32g071rbtx.o
 .debug_ranges  0x0000000000000380       0x30 ./User/Config/DEV_Config.o
 .debug_ranges  0x00000000000003b0       0xb0 ./User/GUI/GUI_Paint.o
 .debug_ranges  0x0000000000000460       0x70 ./User/e-Paper/EPD_1in54b.o

.debug_macro    0x0000000000000000     0x4461
 .debug_macro   0x0000000000000000      0x171 ./Drivers/STM32G0xx_LL_Driver/Src/stm32g0xx_ll_utils.o
 .debug_macro   0x0000000000000171       0x54 ./Drivers/STM32G0xx_LL_Driver/Src/stm32g0xx_ll_utils.o
 .debug_macro   0x00000000000001c5      0x141 ./Drivers/STM32G0xx_LL_Driver/Src/stm32g0xx_ll_utils.o
 .debug_macro   0x0000000000000306      0x1ce ./Drivers/STM32G0xx_LL_Driver/Src/stm32g0xx_ll_utils.o
 .debug_macro   0x00000000000004d4       0x11 ./Src/logo.o
 .debug_macro   0x00000000000004e5      0x2e1 ./Src/main.o
 .debug_macro   0x00000000000007c6       0x5a ./Src/main.o
 .debug_macro   0x0000000000000820      0x131 ./Src/main.o
 .debug_macro   0x0000000000000951      0x96a ./Src/main.o
 .debug_macro   0x00000000000012bb      0x24d ./Src/main.o
 .debug_macro   0x0000000000001508      0x2ea ./Src/main.o
 .debug_macro   0x00000000000017f2       0x58 ./Src/main.o
 .debug_macro   0x000000000000184a       0x52 ./Src/main.o
 .debug_macro   0x000000000000189c       0x18 ./Src/main.o
 .debug_macro   0x00000000000018b4       0x3c ./Src/main.o
 .debug_macro   0x00000000000018f0       0x34 ./Src/main.o
 .debug_macro   0x0000000000001924       0x16 ./Src/main.o
 .debug_macro   0x000000000000193a       0x97 ./Src/main.o
 .debug_macro   0x00000000000019d1      0x341 ./Src/main.o
 .debug_macro   0x0000000000001d12       0xfd ./Src/main.o
 .debug_macro   0x0000000000001e0f       0x10 ./Src/main.o
 .debug_macro   0x0000000000001e1f       0x16 ./Src/main.o
 .debug_macro   0x0000000000001e35       0x43 ./Src/main.o
 .debug_macro   0x0000000000001e78       0x34 ./Src/main.o
 .debug_macro   0x0000000000001eac       0x10 ./Src/main.o
 .debug_macro   0x0000000000001ebc       0x58 ./Src/main.o
 .debug_macro   0x0000000000001f14       0x71 ./Src/main.o
 .debug_macro   0x0000000000001f85       0x1c ./Src/main.o
 .debug_macro   0x0000000000001fa1      0x12a ./Src/main.o
 .debug_macro   0x00000000000020cb       0x10 ./Src/main.o
 .debug_macro   0x00000000000020db       0x1c ./Src/main.o
 .debug_macro   0x00000000000020f7       0x52 ./Src/main.o
 .debug_macro   0x0000000000002149       0x22 ./Src/main.o
 .debug_macro   0x000000000000216b       0x10 ./Src/main.o
 .debug_macro   0x000000000000217b       0x52 ./Src/main.o
 .debug_macro   0x00000000000021cd       0xd5 ./Src/main.o
 .debug_macro   0x00000000000022a2       0x1c ./Src/main.o
 .debug_macro   0x00000000000022be       0x3d ./Src/main.o
 .debug_macro   0x00000000000022fb       0x16 ./Src/main.o
 .debug_macro   0x0000000000002311      0x145 ./Src/main.o
 .debug_macro   0x0000000000002456       0x40 ./Src/main.o
 .debug_macro   0x0000000000002496       0x16 ./Src/main.o
 .debug_macro   0x00000000000024ac       0x1c ./Src/main.o
 .debug_macro   0x00000000000024c8       0x78 ./Src/main.o
 .debug_macro   0x0000000000002540      0x14e ./Src/software_timer.o
 .debug_macro   0x000000000000268e      0x174 ./Src/software_timer.o
 .debug_macro   0x0000000000002802      0x14b ./Src/spi.o
 .debug_macro   0x000000000000294d      0x141 ./Src/stm32g0xx_it.o
 .debug_macro   0x0000000000002a8e      0x24c ./Src/syscalls.o
 .debug_macro   0x0000000000002cda       0x4c ./Src/syscalls.o
 .debug_macro   0x0000000000002d26       0x94 ./Src/syscalls.o
 .debug_macro   0x0000000000002dba       0x57 ./Src/syscalls.o
 .debug_macro   0x0000000000002e11       0x10 ./Src/syscalls.o
 .debug_macro   0x0000000000002e21       0x35 ./Src/syscalls.o
 .debug_macro   0x0000000000002e56       0x10 ./Src/syscalls.o
 .debug_macro   0x0000000000002e66       0x10 ./Src/syscalls.o
 .debug_macro   0x0000000000002e76       0x35 ./Src/syscalls.o
 .debug_macro   0x0000000000002eab      0x12c ./Src/syscalls.o
 .debug_macro   0x0000000000002fd7       0x16 ./Src/syscalls.o
 .debug_macro   0x0000000000002fed       0x16 ./Src/syscalls.o
 .debug_macro   0x0000000000003003       0x29 ./Src/syscalls.o
 .debug_macro   0x000000000000302c       0x10 ./Src/syscalls.o
 .debug_macro   0x000000000000303c      0x241 ./Src/syscalls.o
 .debug_macro   0x000000000000327d       0x1c ./Src/syscalls.o
 .debug_macro   0x0000000000003299       0x10 ./Src/syscalls.o
 .debug_macro   0x00000000000032a9      0x189 ./Src/syscalls.o
 .debug_macro   0x0000000000003432       0x16 ./Src/syscalls.o
 .debug_macro   0x0000000000003448       0xce ./Src/syscalls.o
 .debug_macro   0x0000000000003516       0xff ./Src/sysmem.o
 .debug_macro   0x0000000000003615      0x23b ./Src/sysmem.o
 .debug_macro   0x0000000000003850       0xdb ./Src/system_stm32g0xx.o
 .debug_macro   0x000000000000392b      0x2b4 ./User/Config/DEV_Config.o
 .debug_macro   0x0000000000003bdf       0x6c ./User/Fonts/font16.o
 .debug_macro   0x0000000000003c4b      0x353 ./User/GUI/GUI_Paint.o
 .debug_macro   0x0000000000003f9e       0x16 ./User/GUI/GUI_Paint.o
 .debug_macro   0x0000000000003fb4       0x16 ./User/GUI/GUI_Paint.o
 .debug_macro   0x0000000000003fca       0x20 ./User/GUI/GUI_Paint.o
 .debug_macro   0x0000000000003fea      0x19b ./User/GUI/GUI_Paint.o
 .debug_macro   0x0000000000004185      0x2cc ./User/e-Paper/EPD_1in54b.o
 .debug_macro   0x0000000000004451       0x10 ./User/e-Paper/EPD_1in54b.o

.debug_line     0x0000000000000000     0x7192
 .debug_line    0x0000000000000000      0x9dc ./Drivers/STM32G0xx_LL_Driver/Src/stm32g0xx_ll_utils.o
 .debug_line    0x00000000000009dc       0x2e ./Src/logo.o
 .debug_line    0x0000000000000a0a      0xc22 ./Src/main.o
 .debug_line    0x000000000000162c      0x678 ./Src/software_timer.o
 .debug_line    0x0000000000001ca4      0xa75 ./Src/spi.o
 .debug_line    0x0000000000002719      0x636 ./Src/stm32g0xx_it.o
 .debug_line    0x0000000000002d4f      0x7ea ./Src/syscalls.o
 .debug_line    0x0000000000003539      0x4e0 ./Src/sysmem.o
 .debug_line    0x0000000000003a19      0x50e ./Src/system_stm32g0xx.o
 .debug_line    0x0000000000003f27       0x84 ./Startup/startup_stm32g071rbtx.o
 .debug_line    0x0000000000003fab      0x8a0 ./User/Config/DEV_Config.o
 .debug_line    0x000000000000484b      0x372 ./User/Fonts/font16.o
 .debug_line    0x0000000000004bbd     0x1964 ./User/GUI/GUI_Paint.o
 .debug_line    0x0000000000006521      0xc71 ./User/e-Paper/EPD_1in54b.o

.debug_str      0x0000000000000000    0x637e6
 .debug_str     0x0000000000000000    0x542bf ./Drivers/STM32G0xx_LL_Driver/Src/stm32g0xx_ll_utils.o
                                      0x54498 (size before relaxing)
 .debug_str     0x00000000000542bf       0x13 ./Src/logo.o
                                       0x2c3f (size before relaxing)
 .debug_str     0x00000000000542d2     0xca28 ./Src/main.o
                                      0x5f8c4 (size before relaxing)
 .debug_str     0x0000000000060cfa       0x33 ./Src/software_timer.o
                                      0x5b386 (size before relaxing)
 .debug_str     0x0000000000060d2d      0x273 ./Src/spi.o
                                      0x5b442 (size before relaxing)
 .debug_str     0x0000000000060fa0       0x26 ./Src/stm32g0xx_it.o
                                      0x5b006 (size before relaxing)
 .debug_str     0x0000000000060fc6     0x175e ./Src/syscalls.o
                                       0x89a7 (size before relaxing)
 .debug_str     0x0000000000062724       0x66 ./Src/sysmem.o
                                       0x5ce3 (size before relaxing)
 .debug_str     0x000000000006278a       0xc0 ./Src/system_stm32g0xx.o
                                      0x4f3c8 (size before relaxing)
 .debug_str     0x000000000006284a       0x31 ./Startup/startup_stm32g071rbtx.o
                                         0x83 (size before relaxing)
 .debug_str     0x000000000006287b       0x70 ./User/Config/DEV_Config.o
                                      0x5f2b9 (size before relaxing)
 .debug_str     0x00000000000628eb       0x24 ./User/Fonts/font16.o
                                       0x3bd9 (size before relaxing)
 .debug_str     0x000000000006290f      0xd69 ./User/GUI/GUI_Paint.o
                                      0x602ba (size before relaxing)
 .debug_str     0x0000000000063678      0x16e ./User/e-Paper/EPD_1in54b.o
                                      0x5f4c1 (size before relaxing)

.comment        0x0000000000000000       0x50
 .comment       0x0000000000000000       0x50 ./Drivers/STM32G0xx_LL_Driver/Src/stm32g0xx_ll_utils.o
                                         0x51 (size before relaxing)
 .comment       0x0000000000000050       0x51 ./Src/logo.o
 .comment       0x0000000000000050       0x51 ./Src/main.o
 .comment       0x0000000000000050       0x51 ./Src/software_timer.o
 .comment       0x0000000000000050       0x51 ./Src/spi.o
 .comment       0x0000000000000050       0x51 ./Src/stm32g0xx_it.o
 .comment       0x0000000000000050       0x51 ./Src/syscalls.o
 .comment       0x0000000000000050       0x51 ./Src/sysmem.o
 .comment       0x0000000000000050       0x51 ./Src/system_stm32g0xx.o
 .comment       0x0000000000000050       0x51 ./User/Config/DEV_Config.o
 .comment       0x0000000000000050       0x51 ./User/Fonts/font16.o
 .comment       0x0000000000000050       0x51 ./User/GUI/GUI_Paint.o
 .comment       0x0000000000000050       0x51 ./User/e-Paper/EPD_1in54b.o

.debug_frame    0x0000000000000000     0x18f8
 .debug_frame   0x0000000000000000      0x324 ./Drivers/STM32G0xx_LL_Driver/Src/stm32g0xx_ll_utils.o
 .debug_frame   0x0000000000000324      0x250 ./Src/main.o
 .debug_frame   0x0000000000000574       0x68 ./Src/software_timer.o
 .debug_frame   0x00000000000005dc      0x3cc ./Src/spi.o
 .debug_frame   0x00000000000009a8       0x2c ./Src/stm32g0xx_it.o
 .debug_frame   0x00000000000009d4      0x244 ./Src/syscalls.o
 .debug_frame   0x0000000000000c18       0x30 ./Src/sysmem.o
 .debug_frame   0x0000000000000c48       0x4c ./Src/system_stm32g0xx.o
 .debug_frame   0x0000000000000c94       0xa8 ./User/Config/DEV_Config.o
 .debug_frame   0x0000000000000d3c      0x2dc ./User/GUI/GUI_Paint.o
 .debug_frame   0x0000000000001018      0x1a0 ./User/e-Paper/EPD_1in54b.o
 .debug_frame   0x00000000000011b8       0x20 c:/st/stm32cubeide_1.4.0/stm32cubeide/plugins/com.st.stm32cube.ide.mcu.externaltools.gnu-tools-for-stm32.10.3-2021.10.win32_1.0.0.202111181127/tools/bin/../lib/gcc/arm-none-eabi/10.3.1/../../../../arm-none-eabi/lib/thumb/v6-m/nofp\libc_nano.a(lib_a-errno.o)
 .debug_frame   0x00000000000011d8       0x2c c:/st/stm32cubeide_1.4.0/stm32cubeide/plugins/com.st.stm32cube.ide.mcu.externaltools.gnu-tools-for-stm32.10.3-2021.10.win32_1.0.0.202111181127/tools/bin/../lib/gcc/arm-none-eabi/10.3.1/../../../../arm-none-eabi/lib/thumb/v6-m/nofp\libc_nano.a(lib_a-init.o)
 .debug_frame   0x0000000000001204       0x20 c:/st/stm32cubeide_1.4.0/stm32cubeide/plugins/com.st.stm32cube.ide.mcu.externaltools.gnu-tools-for-stm32.10.3-2021.10.win32_1.0.0.202111181127/tools/bin/../lib/gcc/arm-none-eabi/10.3.1/../../../../arm-none-eabi/lib/thumb/v6-m/nofp\libc_nano.a(lib_a-memset.o)
 .debug_frame   0x0000000000001224       0x44 c:/st/stm32cubeide_1.4.0/stm32cubeide/plugins/com.st.stm32cube.ide.mcu.externaltools.gnu-tools-for-stm32.10.3-2021.10.win32_1.0.0.202111181127/tools/bin/../lib/gcc/arm-none-eabi/10.3.1/../../../../arm-none-eabi/lib/thumb/v6-m/nofp\libc_nano.a(lib_a-puts.o)
 .debug_frame   0x0000000000001268       0x48 c:/st/stm32cubeide_1.4.0/stm32cubeide/plugins/com.st.stm32cube.ide.mcu.externaltools.gnu-tools-for-stm32.10.3-2021.10.win32_1.0.0.202111181127/tools/bin/../lib/gcc/arm-none-eabi/10.3.1/../../../../arm-none-eabi/lib/thumb/v6-m/nofp\libc_nano.a(lib_a-wbuf.o)
 .debug_frame   0x00000000000012b0       0x2c c:/st/stm32cubeide_1.4.0/stm32cubeide/plugins/com.st.stm32cube.ide.mcu.externaltools.gnu-tools-for-stm32.10.3-2021.10.win32_1.0.0.202111181127/tools/bin/../lib/gcc/arm-none-eabi/10.3.1/../../../../arm-none-eabi/lib/thumb/v6-m/nofp\libc_nano.a(lib_a-wsetup.o)
 .debug_frame   0x00000000000012dc       0x68 c:/st/stm32cubeide_1.4.0/stm32cubeide/plugins/com.st.stm32cube.ide.mcu.externaltools.gnu-tools-for-stm32.10.3-2021.10.win32_1.0.0.202111181127/tools/bin/../lib/gcc/arm-none-eabi/10.3.1/../../../../arm-none-eabi/lib/thumb/v6-m/nofp\libc_nano.a(lib_a-fflush.o)
 .debug_frame   0x0000000000001344      0x170 c:/st/stm32cubeide_1.4.0/stm32cubeide/plugins/com.st.stm32cube.ide.mcu.externaltools.gnu-tools-for-stm32.10.3-2021.10.win32_1.0.0.202111181127/tools/bin/../lib/gcc/arm-none-eabi/10.3.1/../../../../arm-none-eabi/lib/thumb/v6-m/nofp\libc_nano.a(lib_a-findfp.o)
 .debug_frame   0x00000000000014b4       0x58 c:/st/stm32cubeide_1.4.0/stm32cubeide/plugins/com.st.stm32cube.ide.mcu.externaltools.gnu-tools-for-stm32.10.3-2021.10.win32_1.0.0.202111181127/tools/bin/../lib/gcc/arm-none-eabi/10.3.1/../../../../arm-none-eabi/lib/thumb/v6-m/nofp\libc_nano.a(lib_a-fwalk.o)
 .debug_frame   0x000000000000150c       0xb0 c:/st/stm32cubeide_1.4.0/stm32cubeide/plugins/com.st.stm32cube.ide.mcu.externaltools.gnu-tools-for-stm32.10.3-2021.10.win32_1.0.0.202111181127/tools/bin/../lib/gcc/arm-none-eabi/10.3.1/../../../../arm-none-eabi/lib/thumb/v6-m/nofp\libc_nano.a(lib_a-lock.o)
 .debug_frame   0x00000000000015bc       0x54 c:/st/stm32cubeide_1.4.0/stm32cubeide/plugins/com.st.stm32cube.ide.mcu.externaltools.gnu-tools-for-stm32.10.3-2021.10.win32_1.0.0.202111181127/tools/bin/../lib/gcc/arm-none-eabi/10.3.1/../../../../arm-none-eabi/lib/thumb/v6-m/nofp\libc_nano.a(lib_a-makebuf.o)
 .debug_frame   0x0000000000001610       0x2c c:/st/stm32cubeide_1.4.0/stm32cubeide/plugins/com.st.stm32cube.ide.mcu.externaltools.gnu-tools-for-stm32.10.3-2021.10.win32_1.0.0.202111181127/tools/bin/../lib/gcc/arm-none-eabi/10.3.1/../../../../arm-none-eabi/lib/thumb/v6-m/nofp\libc_nano.a(lib_a-nano-freer.o)
 .debug_frame   0x000000000000163c       0x50 c:/st/stm32cubeide_1.4.0/stm32cubeide/plugins/com.st.stm32cube.ide.mcu.externaltools.gnu-tools-for-stm32.10.3-2021.10.win32_1.0.0.202111181127/tools/bin/../lib/gcc/arm-none-eabi/10.3.1/../../../../arm-none-eabi/lib/thumb/v6-m/nofp\libc_nano.a(lib_a-nano-mallocr.o)
 .debug_frame   0x000000000000168c       0x2c c:/st/stm32cubeide_1.4.0/stm32cubeide/plugins/com.st.stm32cube.ide.mcu.externaltools.gnu-tools-for-stm32.10.3-2021.10.win32_1.0.0.202111181127/tools/bin/../lib/gcc/arm-none-eabi/10.3.1/../../../../arm-none-eabi/lib/thumb/v6-m/nofp\libc_nano.a(lib_a-sbrkr.o)
 .debug_frame   0x00000000000016b8       0x90 c:/st/stm32cubeide_1.4.0/stm32cubeide/plugins/com.st.stm32cube.ide.mcu.externaltools.gnu-tools-for-stm32.10.3-2021.10.win32_1.0.0.202111181127/tools/bin/../lib/gcc/arm-none-eabi/10.3.1/../../../../arm-none-eabi/lib/thumb/v6-m/nofp\libc_nano.a(lib_a-stdio.o)
 .debug_frame   0x0000000000001748       0x2c c:/st/stm32cubeide_1.4.0/stm32cubeide/plugins/com.st.stm32cube.ide.mcu.externaltools.gnu-tools-for-stm32.10.3-2021.10.win32_1.0.0.202111181127/tools/bin/../lib/gcc/arm-none-eabi/10.3.1/../../../../arm-none-eabi/lib/thumb/v6-m/nofp\libc_nano.a(lib_a-writer.o)
 .debug_frame   0x0000000000001774       0x2c c:/st/stm32cubeide_1.4.0/stm32cubeide/plugins/com.st.stm32cube.ide.mcu.externaltools.gnu-tools-for-stm32.10.3-2021.10.win32_1.0.0.202111181127/tools/bin/../lib/gcc/arm-none-eabi/10.3.1/../../../../arm-none-eabi/lib/thumb/v6-m/nofp\libc_nano.a(lib_a-closer.o)
 .debug_frame   0x00000000000017a0       0x2c c:/st/stm32cubeide_1.4.0/stm32cubeide/plugins/com.st.stm32cube.ide.mcu.externaltools.gnu-tools-for-stm32.10.3-2021.10.win32_1.0.0.202111181127/tools/bin/../lib/gcc/arm-none-eabi/10.3.1/../../../../arm-none-eabi/lib/thumb/v6-m/nofp\libc_nano.a(lib_a-fstatr.o)
 .debug_frame   0x00000000000017cc       0x2c c:/st/stm32cubeide_1.4.0/stm32cubeide/plugins/com.st.stm32cube.ide.mcu.externaltools.gnu-tools-for-stm32.10.3-2021.10.win32_1.0.0.202111181127/tools/bin/../lib/gcc/arm-none-eabi/10.3.1/../../../../arm-none-eabi/lib/thumb/v6-m/nofp\libc_nano.a(lib_a-isattyr.o)
 .debug_frame   0x00000000000017f8       0x2c c:/st/stm32cubeide_1.4.0/stm32cubeide/plugins/com.st.stm32cube.ide.mcu.externaltools.gnu-tools-for-stm32.10.3-2021.10.win32_1.0.0.202111181127/tools/bin/../lib/gcc/arm-none-eabi/10.3.1/../../../../arm-none-eabi/lib/thumb/v6-m/nofp\libc_nano.a(lib_a-lseekr.o)
 .debug_frame   0x0000000000001824       0x40 c:/st/stm32cubeide_1.4.0/stm32cubeide/plugins/com.st.stm32cube.ide.mcu.externaltools.gnu-tools-for-stm32.10.3-2021.10.win32_1.0.0.202111181127/tools/bin/../lib/gcc/arm-none-eabi/10.3.1/../../../../arm-none-eabi/lib/thumb/v6-m/nofp\libc_nano.a(lib_a-mlock.o)
 .debug_frame   0x0000000000001864       0x2c c:/st/stm32cubeide_1.4.0/stm32cubeide/plugins/com.st.stm32cube.ide.mcu.externaltools.gnu-tools-for-stm32.10.3-2021.10.win32_1.0.0.202111181127/tools/bin/../lib/gcc/arm-none-eabi/10.3.1/../../../../arm-none-eabi/lib/thumb/v6-m/nofp\libc_nano.a(lib_a-readr.o)
 .debug_frame   0x0000000000001890       0x48 c:/st/stm32cubeide_1.4.0/stm32cubeide/plugins/com.st.stm32cube.ide.mcu.externaltools.gnu-tools-for-stm32.10.3-2021.10.win32_1.0.0.202111181127/tools/bin/../lib/gcc/arm-none-eabi/10.3.1/../../../../arm-none-eabi/lib/thumb/v6-m/nofp\libc_nano.a(lib_a-reent.o)
 .debug_frame   0x00000000000018d8       0x20 c:/st/stm32cubeide_1.4.0/stm32cubeide/plugins/com.st.stm32cube.ide.mcu.externaltools.gnu-tools-for-stm32.10.3-2021.10.win32_1.0.0.202111181127/tools/bin/../lib/gcc/arm-none-eabi/10.3.1/thumb/v6-m/nofp\libgcc.a(_udivsi3.o)
