D:/STM32_Workspace_Kurs_Low_Layer/04_06_Kurs_STM32_LL_TX_DMA/Drivers/CMSIS/Inc/core_cm0plus.h:741:22:__NVIC_EnableIRQ	16	static,ignoring_inline_asm
D:/STM32_Workspace_Kurs_Low_Layer/04_06_Kurs_STM32_LL_TX_DMA/Drivers/CMSIS/Inc/core_cm0plus.h:850:22:__NVIC_SetPriority	24	static
D:/STM32_Workspace_Kurs_Low_Layer/04_06_Kurs_STM32_LL_TX_DMA/Drivers/STM32G0xx_LL_Driver/Inc/stm32g0xx_ll_rcc.h:1343:22:LL_RCC_HSI_Enable	8	static
D:/STM32_Workspace_Kurs_Low_Layer/04_06_Kurs_STM32_LL_TX_DMA/Drivers/STM32G0xx_LL_Driver/Inc/stm32g0xx_ll_rcc.h:1363:26:LL_RCC_HSI_IsReady	8	static
D:/STM32_Workspace_Kurs_Low_Layer/04_06_Kurs_STM32_LL_TX_DMA/Drivers/STM32G0xx_LL_Driver/Inc/stm32g0xx_ll_rcc.h:1684:22:LL_RCC_SetSysClkSource	16	static
D:/STM32_Workspace_Kurs_Low_Layer/04_06_Kurs_STM32_LL_TX_DMA/Drivers/STM32G0xx_LL_Driver/Inc/stm32g0xx_ll_rcc.h:1699:26:LL_RCC_GetSysClkSource	8	static
D:/STM32_Workspace_Kurs_Low_Layer/04_06_Kurs_STM32_LL_TX_DMA/Drivers/STM32G0xx_LL_Driver/Inc/stm32g0xx_ll_rcc.h:1719:22:LL_RCC_SetAHBPrescaler	16	static
D:/STM32_Workspace_Kurs_Low_Layer/04_06_Kurs_STM32_LL_TX_DMA/Drivers/STM32G0xx_LL_Driver/Inc/stm32g0xx_ll_rcc.h:1735:22:LL_RCC_SetAPB1Prescaler	16	static
D:/STM32_Workspace_Kurs_Low_Layer/04_06_Kurs_STM32_LL_TX_DMA/Drivers/STM32G0xx_LL_Driver/Inc/stm32g0xx_ll_rcc.h:2508:22:LL_RCC_PLL_Enable	8	static
D:/STM32_Workspace_Kurs_Low_Layer/04_06_Kurs_STM32_LL_TX_DMA/Drivers/STM32G0xx_LL_Driver/Inc/stm32g0xx_ll_rcc.h:2529:26:LL_RCC_PLL_IsReady	8	static
D:/STM32_Workspace_Kurs_Low_Layer/04_06_Kurs_STM32_LL_TX_DMA/Drivers/STM32G0xx_LL_Driver/Inc/stm32g0xx_ll_rcc.h:2566:22:LL_RCC_PLL_ConfigDomain_SYS	24	static
D:/STM32_Workspace_Kurs_Low_Layer/04_06_Kurs_STM32_LL_TX_DMA/Drivers/STM32G0xx_LL_Driver/Inc/stm32g0xx_ll_rcc.h:3433:22:LL_RCC_PLL_EnableDomain_SYS	8	static
D:/STM32_Workspace_Kurs_Low_Layer/04_06_Kurs_STM32_LL_TX_DMA/Drivers/STM32G0xx_LL_Driver/Inc/stm32g0xx_ll_bus.h:250:22:LL_AHB1_GRP1_EnableClock	24	static
D:/STM32_Workspace_Kurs_Low_Layer/04_06_Kurs_STM32_LL_TX_DMA/Drivers/STM32G0xx_LL_Driver/Inc/stm32g0xx_ll_bus.h:467:22:LL_APB1_GRP1_EnableClock	24	static
D:/STM32_Workspace_Kurs_Low_Layer/04_06_Kurs_STM32_LL_TX_DMA/Drivers/STM32G0xx_LL_Driver/Inc/stm32g0xx_ll_bus.h:1139:22:LL_IOP_GRP1_EnableClock	24	static
D:/STM32_Workspace_Kurs_Low_Layer/04_06_Kurs_STM32_LL_TX_DMA/Drivers/STM32G0xx_LL_Driver/Inc/stm32g0xx_ll_system.h:1972:22:LL_FLASH_SetLatency	16	static
D:/STM32_Workspace_Kurs_Low_Layer/04_06_Kurs_STM32_LL_TX_DMA/Drivers/STM32G0xx_LL_Driver/Inc/stm32g0xx_ll_cortex.h:257:22:LL_SYSTICK_EnableIT	8	static
D:/STM32_Workspace_Kurs_Low_Layer/04_06_Kurs_STM32_LL_TX_DMA/Drivers/STM32G0xx_LL_Driver/Inc/stm32g0xx_ll_gpio.h:283:22:LL_GPIO_SetPinMode	24	static
D:/STM32_Workspace_Kurs_Low_Layer/04_06_Kurs_STM32_LL_TX_DMA/Drivers/STM32G0xx_LL_Driver/Inc/stm32g0xx_ll_gpio.h:422:22:LL_GPIO_SetPinSpeed	24	static
D:/STM32_Workspace_Kurs_Low_Layer/04_06_Kurs_STM32_LL_TX_DMA/Drivers/STM32G0xx_LL_Driver/Inc/stm32g0xx_ll_gpio.h:491:22:LL_GPIO_SetPinPull	24	static
D:/STM32_Workspace_Kurs_Low_Layer/04_06_Kurs_STM32_LL_TX_DMA/Drivers/STM32G0xx_LL_Driver/Inc/stm32g0xx_ll_gpio.h:554:22:LL_GPIO_SetAFPin_0_7	24	static
D:/STM32_Workspace_Kurs_Low_Layer/04_06_Kurs_STM32_LL_TX_DMA/Drivers/STM32G0xx_LL_Driver/Inc/stm32g0xx_ll_usart.h:628:22:LL_USART_Enable	16	static
D:/STM32_Workspace_Kurs_Low_Layer/04_06_Kurs_STM32_LL_TX_DMA/Drivers/STM32G0xx_LL_Driver/Inc/stm32g0xx_ll_usart.h:874:22:LL_USART_EnableDirectionTx	32	static,ignoring_inline_asm
D:/STM32_Workspace_Kurs_Low_Layer/04_06_Kurs_STM32_LL_TX_DMA/Drivers/STM32G0xx_LL_Driver/Inc/stm32g0xx_ll_usart.h:1346:22:LL_USART_ConfigCharacter	24	static
D:/STM32_Workspace_Kurs_Low_Layer/04_06_Kurs_STM32_LL_TX_DMA/Drivers/STM32G0xx_LL_Driver/Inc/stm32g0xx_ll_usart.h:1875:22:LL_USART_SetBaudRate	32	static
D:/STM32_Workspace_Kurs_Low_Layer/04_06_Kurs_STM32_LL_TX_DMA/Drivers/STM32G0xx_LL_Driver/Inc/stm32g0xx_ll_usart.h:2667:22:LL_USART_ConfigAsyncMode	16	static
D:/STM32_Workspace_Kurs_Low_Layer/04_06_Kurs_STM32_LL_TX_DMA/Drivers/STM32G0xx_LL_Driver/Inc/stm32g0xx_ll_dma.h:603:22:LL_DMA_SetDataTransferDirection	32	static
D:/STM32_Workspace_Kurs_Low_Layer/04_06_Kurs_STM32_LL_TX_DMA/Drivers/STM32G0xx_LL_Driver/Inc/stm32g0xx_ll_dma.h:654:22:LL_DMA_SetMode	32	static
D:/STM32_Workspace_Kurs_Low_Layer/04_06_Kurs_STM32_LL_TX_DMA/Drivers/STM32G0xx_LL_Driver/Inc/stm32g0xx_ll_dma.h:701:22:LL_DMA_SetPeriphIncMode	32	static
D:/STM32_Workspace_Kurs_Low_Layer/04_06_Kurs_STM32_LL_TX_DMA/Drivers/STM32G0xx_LL_Driver/Inc/stm32g0xx_ll_dma.h:748:22:LL_DMA_SetMemoryIncMode	32	static
D:/STM32_Workspace_Kurs_Low_Layer/04_06_Kurs_STM32_LL_TX_DMA/Drivers/STM32G0xx_LL_Driver/Inc/stm32g0xx_ll_dma.h:796:22:LL_DMA_SetPeriphSize	32	static
D:/STM32_Workspace_Kurs_Low_Layer/04_06_Kurs_STM32_LL_TX_DMA/Drivers/STM32G0xx_LL_Driver/Inc/stm32g0xx_ll_dma.h:845:22:LL_DMA_SetMemorySize	32	static
D:/STM32_Workspace_Kurs_Low_Layer/04_06_Kurs_STM32_LL_TX_DMA/Drivers/STM32G0xx_LL_Driver/Inc/stm32g0xx_ll_dma.h:895:22:LL_DMA_SetChannelPriorityLevel	32	static
D:/STM32_Workspace_Kurs_Low_Layer/04_06_Kurs_STM32_LL_TX_DMA/Drivers/STM32G0xx_LL_Driver/Inc/stm32g0xx_ll_dma.h:1270:22:LL_DMA_SetPeriphRequest	32	static
D:/STM32_Workspace_Kurs_Low_Layer/04_06_Kurs_STM32_LL_TX_DMA/Drivers/STM32G0xx_LL_Driver/Inc/stm32g0xx_ll_dma.h:2065:22:LL_DMA_EnableIT_TC	24	static
../Src/main.c:29:5:main	16	static
