../Src/hts221_reg.c:47:9:hts221_read_reg	48	static
../Src/hts221_reg.c:67:9:hts221_write_reg	48	static
../Src/hts221_reg.c:98:9:hts221_humidity_avg_set	32	static
../Src/hts221_reg.c:122:9:hts221_humidity_avg_get	32	static
../Src/hts221_reg.c:179:9:hts221_temperature_avg_set	32	static
../Src/hts221_reg.c:204:9:hts221_temperature_avg_get	32	static
../Src/hts221_reg.c:262:9:hts221_data_rate_set	32	static
../Src/hts221_reg.c:286:9:hts221_data_rate_get	32	static
../Src/hts221_reg.c:327:9:hts221_block_data_update_set	32	static
../Src/hts221_reg.c:351:9:hts221_block_data_update_get	32	static
../Src/hts221_reg.c:370:9:hts221_one_shoot_trigger_set	32	static
../Src/hts221_reg.c:394:9:hts221_one_shoot_trigger_get	32	static
../Src/hts221_reg.c:413:9:hts221_temp_data_ready_get	32	static
../Src/hts221_reg.c:432:9:hts221_hum_data_ready_get	32	static
../Src/hts221_reg.c:451:9:hts221_humidity_raw_get	32	static
../Src/hts221_reg.c:471:9:hts221_temperature_raw_get	32	static
../Src/hts221_reg.c:503:9:hts221_device_id_get	24	static
../Src/hts221_reg.c:520:9:hts221_power_on_set	32	static
../Src/hts221_reg.c:544:9:hts221_power_on_get	32	static
../Src/hts221_reg.c:563:9:hts221_heater_set	32	static
../Src/hts221_reg.c:587:9:hts221_heater_get	32	static
../Src/hts221_reg.c:606:9:hts221_boot_set	32	static
../Src/hts221_reg.c:630:9:hts221_boot_get	32	static
../Src/hts221_reg.c:649:9:hts221_status_get	24	static
../Src/hts221_reg.c:678:9:hts221_drdy_on_int_set	32	static
../Src/hts221_reg.c:702:9:hts221_drdy_on_int_get	32	static
../Src/hts221_reg.c:720:9:hts221_pin_mode_set	32	static
../Src/hts221_reg.c:744:9:hts221_pin_mode_get	32	static
../Src/hts221_reg.c:777:9:hts221_int_polarity_set	32	static
../Src/hts221_reg.c:802:9:hts221_int_polarity_get	32	static
../Src/hts221_reg.c:849:9:hts221_hum_rh_point_0_get	32	static
../Src/hts221_reg.c:868:9:hts221_hum_rh_point_1_get	32	static
../Src/hts221_reg.c:887:9:hts221_temp_deg_point_0_get	40	static
../Src/hts221_reg.c:913:9:hts221_temp_deg_point_1_get	40	static
../Src/hts221_reg.c:939:9:hts221_hum_adc_point_0_get	32	static
../Src/hts221_reg.c:960:9:hts221_hum_adc_point_1_get	32	static
../Src/hts221_reg.c:981:9:hts221_temp_adc_point_0_get	32	static
../Src/hts221_reg.c:1002:9:hts221_temp_adc_point_1_get	32	static
