D:/STM32_Workspace_Kurs_Low_Layer/07_01_Kurs_STM32_LL_I2C_Master_Polling/Drivers/STM32G0xx_LL_Driver/Inc/stm32g0xx_ll_bus.h:467:22:LL_APB1_GRP1_EnableClock	24	static
D:/STM32_Workspace_Kurs_Low_Layer/07_01_Kurs_STM32_LL_I2C_Master_Polling/Drivers/STM32G0xx_LL_Driver/Inc/stm32g0xx_ll_bus.h:1139:22:LL_IOP_GRP1_EnableClock	24	static
D:/STM32_Workspace_Kurs_Low_Layer/07_01_Kurs_STM32_LL_I2C_Master_Polling/Drivers/STM32G0xx_LL_Driver/Inc/stm32g0xx_ll_gpio.h:283:22:LL_GPIO_SetPinMode	24	static
D:/STM32_Workspace_Kurs_Low_Layer/07_01_Kurs_STM32_LL_I2C_Master_Polling/Drivers/STM32G0xx_LL_Driver/Inc/stm32g0xx_ll_gpio.h:351:22:LL_GPIO_SetPinOutputType	24	static
D:/STM32_Workspace_Kurs_Low_Layer/07_01_Kurs_STM32_LL_I2C_Master_Polling/Drivers/STM32G0xx_LL_Driver/Inc/stm32g0xx_ll_gpio.h:422:22:LL_GPIO_SetPinSpeed	24	static
D:/STM32_Workspace_Kurs_Low_Layer/07_01_Kurs_STM32_LL_I2C_Master_Polling/Drivers/STM32G0xx_LL_Driver/Inc/stm32g0xx_ll_gpio.h:491:22:LL_GPIO_SetPinPull	24	static
D:/STM32_Workspace_Kurs_Low_Layer/07_01_Kurs_STM32_LL_I2C_Master_Polling/Drivers/STM32G0xx_LL_Driver/Inc/stm32g0xx_ll_gpio.h:615:22:LL_GPIO_SetAFPin_8_15	24	static
D:/STM32_Workspace_Kurs_Low_Layer/07_01_Kurs_STM32_LL_I2C_Master_Polling/Drivers/STM32G0xx_LL_Driver/Inc/stm32g0xx_ll_i2c.h:429:22:LL_I2C_Enable	16	static
D:/STM32_Workspace_Kurs_Low_Layer/07_01_Kurs_STM32_LL_I2C_Master_Polling/Drivers/STM32G0xx_LL_Driver/Inc/stm32g0xx_ll_i2c.h:443:22:LL_I2C_Disable	16	static
D:/STM32_Workspace_Kurs_Low_Layer/07_01_Kurs_STM32_LL_I2C_Master_Polling/Drivers/STM32G0xx_LL_Driver/Inc/stm32g0xx_ll_i2c.h:475:22:LL_I2C_ConfigFilters	24	static
D:/STM32_Workspace_Kurs_Low_Layer/07_01_Kurs_STM32_LL_I2C_Master_Polling/Drivers/STM32G0xx_LL_Driver/Inc/stm32g0xx_ll_i2c.h:644:22:LL_I2C_EnableClockStretching	16	static
D:/STM32_Workspace_Kurs_Low_Layer/07_01_Kurs_STM32_LL_I2C_Master_Polling/Drivers/STM32G0xx_LL_Driver/Inc/stm32g0xx_ll_i2c.h:922:22:LL_I2C_SetTiming	16	static
D:/STM32_Workspace_Kurs_Low_Layer/07_01_Kurs_STM32_LL_I2C_Master_Polling/Drivers/STM32G0xx_LL_Driver/Inc/stm32g0xx_ll_i2c.h:996:22:LL_I2C_SetMode	16	static
D:/STM32_Workspace_Kurs_Low_Layer/07_01_Kurs_STM32_LL_I2C_Master_Polling/Drivers/STM32G0xx_LL_Driver/Inc/stm32g0xx_ll_i2c.h:1565:26:LL_I2C_IsActiveFlag_TXIS	16	static
D:/STM32_Workspace_Kurs_Low_Layer/07_01_Kurs_STM32_LL_I2C_Master_Polling/Drivers/STM32G0xx_LL_Driver/Inc/stm32g0xx_ll_i2c.h:1578:26:LL_I2C_IsActiveFlag_RXNE	16	static
D:/STM32_Workspace_Kurs_Low_Layer/07_01_Kurs_STM32_LL_I2C_Master_Polling/Drivers/STM32G0xx_LL_Driver/Inc/stm32g0xx_ll_i2c.h:1617:26:LL_I2C_IsActiveFlag_STOP	16	static
D:/STM32_Workspace_Kurs_Low_Layer/07_01_Kurs_STM32_LL_I2C_Master_Polling/Drivers/STM32G0xx_LL_Driver/Inc/stm32g0xx_ll_i2c.h:1630:26:LL_I2C_IsActiveFlag_TC	16	static
D:/STM32_Workspace_Kurs_Low_Layer/07_01_Kurs_STM32_LL_I2C_Master_Polling/Drivers/STM32G0xx_LL_Driver/Inc/stm32g0xx_ll_i2c.h:1774:22:LL_I2C_ClearFlag_STOP	16	static
D:/STM32_Workspace_Kurs_Low_Layer/07_01_Kurs_STM32_LL_I2C_Master_Polling/Drivers/STM32G0xx_LL_Driver/Inc/stm32g0xx_ll_i2c.h:2133:22:LL_I2C_HandleTransfer	24	static
D:/STM32_Workspace_Kurs_Low_Layer/07_01_Kurs_STM32_LL_I2C_Master_Polling/Drivers/STM32G0xx_LL_Driver/Inc/stm32g0xx_ll_i2c.h:2218:25:LL_I2C_ReceiveData8	16	static
D:/STM32_Workspace_Kurs_Low_Layer/07_01_Kurs_STM32_LL_I2C_Master_Polling/Drivers/STM32G0xx_LL_Driver/Inc/stm32g0xx_ll_i2c.h:2230:22:LL_I2C_TransmitData8	16	static
../Src/i2c.c:12:9:i2c_init	8	static
../Src/i2c.c:42:9:i2c_write	32	static
../Src/i2c.c:70:9:i2c_read	32	static
../Src/i2c.c:95:9:i2c_reg_write	48	static
../Src/i2c.c:125:9:i2c_reg_read	48	static
