D:/STM32_Workspace_Kurs_Low_Layer/07_04_Kurs_STM32_LL_I2C_Master_DMA_RX/Drivers/STM32G0xx_LL_Driver/Inc/stm32g0xx_ll_adc.h:1676:22:LL_ADC_SetCommonClock	16	static
D:/STM32_Workspace_Kurs_Low_Layer/07_04_Kurs_STM32_LL_I2C_Master_DMA_RX/Drivers/STM32G0xx_LL_Driver/Inc/stm32g0xx_ll_adc.h:2331:22:LL_ADC_REG_SetTriggerSource	16	static
D:/STM32_Workspace_Kurs_Low_Layer/07_04_Kurs_STM32_LL_I2C_Master_DMA_RX/Drivers/STM32G0xx_LL_Driver/Inc/stm32g0xx_ll_adc.h:2487:26:LL_ADC_REG_GetSequencerConfigurable	16	static
D:/STM32_Workspace_Kurs_Low_Layer/07_04_Kurs_STM32_LL_I2C_Master_DMA_RX/Drivers/STM32G0xx_LL_Driver/Inc/stm32g0xx_ll_adc.h:2559:22:LL_ADC_REG_SetSequencerLength	16	static
D:/STM32_Workspace_Kurs_Low_Layer/07_04_Kurs_STM32_LL_I2C_Master_DMA_RX/Drivers/STM32G0xx_LL_Driver/Inc/stm32g0xx_ll_adc.h:4274:22:LL_ADC_Disable	16	static
D:/STM32_Workspace_Kurs_Low_Layer/07_04_Kurs_STM32_LL_I2C_Master_DMA_RX/Drivers/STM32G0xx_LL_Driver/Inc/stm32g0xx_ll_adc.h:4293:26:LL_ADC_IsEnabled	16	static
D:/STM32_Workspace_Kurs_Low_Layer/07_04_Kurs_STM32_LL_I2C_Master_DMA_RX/Drivers/STM32G0xx_LL_Driver/Inc/stm32g0xx_ll_adc.h:4304:26:LL_ADC_IsDisableOngoing	16	static
D:/STM32_Workspace_Kurs_Low_Layer/07_04_Kurs_STM32_LL_I2C_Master_DMA_RX/Drivers/STM32G0xx_LL_Driver/Inc/stm32g0xx_ll_adc.h:4404:22:LL_ADC_REG_StopConversion	16	static
D:/STM32_Workspace_Kurs_Low_Layer/07_04_Kurs_STM32_LL_I2C_Master_DMA_RX/Drivers/STM32G0xx_LL_Driver/Inc/stm32g0xx_ll_adc.h:4420:26:LL_ADC_REG_IsConversionOngoing	16	static
D:/STM32_Workspace_Kurs_Low_Layer/07_04_Kurs_STM32_LL_I2C_Master_DMA_RX/Drivers/STM32G0xx_LL_Driver/Inc/stm32g0xx_ll_adc.h:4431:26:LL_ADC_REG_IsStopConversionOngoing	16	static
D:/STM32_Workspace_Kurs_Low_Layer/07_04_Kurs_STM32_LL_I2C_Master_DMA_RX/Drivers/STM32G0xx_LL_Driver/Inc/stm32g0xx_ll_adc.h:4554:26:LL_ADC_IsActiveFlag_CCRDY	16	static
D:/STM32_Workspace_Kurs_Low_Layer/07_04_Kurs_STM32_LL_I2C_Master_DMA_RX/Drivers/STM32G0xx_LL_Driver/Inc/stm32g0xx_ll_adc.h:4667:22:LL_ADC_ClearFlag_CCRDY	16	static
D:/STM32_Workspace_Kurs_Low_Layer/07_04_Kurs_STM32_LL_I2C_Master_DMA_RX/Drivers/STM32G0xx_LL_Driver/Inc/stm32g0xx_ll_bus.h:1017:22:LL_APB2_GRP1_ForceReset	16	static
D:/STM32_Workspace_Kurs_Low_Layer/07_04_Kurs_STM32_LL_I2C_Master_DMA_RX/Drivers/STM32G0xx_LL_Driver/Inc/stm32g0xx_ll_bus.h:1047:22:LL_APB2_GRP1_ReleaseReset	16	static
../Drivers/STM32G0xx_LL_Driver/Src/stm32g0xx_ll_adc.c:240:13:LL_ADC_CommonDeInit	16	static
../Drivers/STM32G0xx_LL_Driver/Src/stm32g0xx_ll_adc.c:272:13:LL_ADC_CommonInit	24	static
../Drivers/STM32G0xx_LL_Driver/Src/stm32g0xx_ll_adc.c:309:6:LL_ADC_CommonStructInit	16	static
../Drivers/STM32G0xx_LL_Driver/Src/stm32g0xx_ll_adc.c:333:13:LL_ADC_DeInit	24	static
../Drivers/STM32G0xx_LL_Driver/Src/stm32g0xx_ll_adc.c:543:13:LL_ADC_Init	24	static
../Drivers/STM32G0xx_LL_Driver/Src/stm32g0xx_ll_adc.c:596:6:LL_ADC_StructInit	16	static
../Drivers/STM32G0xx_LL_Driver/Src/stm32g0xx_ll_adc.c:647:13:LL_ADC_REG_Init	24	static
../Drivers/STM32G0xx_LL_Driver/Src/stm32g0xx_ll_adc.c:755:6:LL_ADC_REG_StructInit	16	static
