D:/STM32_Workspace_Kurs_Low_Layer/03_03_Kurs_STM32_LL_GPIO_Input/Drivers/STM32G0xx_LL_Driver/Inc/stm32g0xx_ll_rcc.h:1343:22:LL_RCC_HSI_Enable	8	static
D:/STM32_Workspace_Kurs_Low_Layer/03_03_Kurs_STM32_LL_GPIO_Input/Drivers/STM32G0xx_LL_Driver/Inc/stm32g0xx_ll_rcc.h:1363:26:LL_RCC_HSI_IsReady	8	static
D:/STM32_Workspace_Kurs_Low_Layer/03_03_Kurs_STM32_LL_GPIO_Input/Drivers/STM32G0xx_LL_Driver/Inc/stm32g0xx_ll_rcc.h:1684:22:LL_RCC_SetSysClkSource	16	static
D:/STM32_Workspace_Kurs_Low_Layer/03_03_Kurs_STM32_LL_GPIO_Input/Drivers/STM32G0xx_LL_Driver/Inc/stm32g0xx_ll_rcc.h:1699:26:LL_RCC_GetSysClkSource	8	static
D:/STM32_Workspace_Kurs_Low_Layer/03_03_Kurs_STM32_LL_GPIO_Input/Drivers/STM32G0xx_LL_Driver/Inc/stm32g0xx_ll_rcc.h:1719:22:LL_RCC_SetAHBPrescaler	16	static
D:/STM32_Workspace_Kurs_Low_Layer/03_03_Kurs_STM32_LL_GPIO_Input/Drivers/STM32G0xx_LL_Driver/Inc/stm32g0xx_ll_rcc.h:1735:22:LL_RCC_SetAPB1Prescaler	16	static
D:/STM32_Workspace_Kurs_Low_Layer/03_03_Kurs_STM32_LL_GPIO_Input/Drivers/STM32G0xx_LL_Driver/Inc/stm32g0xx_ll_rcc.h:2508:22:LL_RCC_PLL_Enable	8	static
D:/STM32_Workspace_Kurs_Low_Layer/03_03_Kurs_STM32_LL_GPIO_Input/Drivers/STM32G0xx_LL_Driver/Inc/stm32g0xx_ll_rcc.h:2529:26:LL_RCC_PLL_IsReady	8	static
D:/STM32_Workspace_Kurs_Low_Layer/03_03_Kurs_STM32_LL_GPIO_Input/Drivers/STM32G0xx_LL_Driver/Inc/stm32g0xx_ll_rcc.h:2566:22:LL_RCC_PLL_ConfigDomain_SYS	24	static
D:/STM32_Workspace_Kurs_Low_Layer/03_03_Kurs_STM32_LL_GPIO_Input/Drivers/STM32G0xx_LL_Driver/Inc/stm32g0xx_ll_rcc.h:3433:22:LL_RCC_PLL_EnableDomain_SYS	8	static
D:/STM32_Workspace_Kurs_Low_Layer/03_03_Kurs_STM32_LL_GPIO_Input/Drivers/STM32G0xx_LL_Driver/Inc/stm32g0xx_ll_bus.h:1139:22:LL_IOP_GRP1_EnableClock	24	static
D:/STM32_Workspace_Kurs_Low_Layer/03_03_Kurs_STM32_LL_GPIO_Input/Drivers/STM32G0xx_LL_Driver/Inc/stm32g0xx_ll_system.h:1972:22:LL_FLASH_SetLatency	16	static
D:/STM32_Workspace_Kurs_Low_Layer/03_03_Kurs_STM32_LL_GPIO_Input/Drivers/STM32G0xx_LL_Driver/Inc/stm32g0xx_ll_gpio.h:283:22:LL_GPIO_SetPinMode	24	static
D:/STM32_Workspace_Kurs_Low_Layer/03_03_Kurs_STM32_LL_GPIO_Input/Drivers/STM32G0xx_LL_Driver/Inc/stm32g0xx_ll_gpio.h:351:22:LL_GPIO_SetPinOutputType	24	static
D:/STM32_Workspace_Kurs_Low_Layer/03_03_Kurs_STM32_LL_GPIO_Input/Drivers/STM32G0xx_LL_Driver/Inc/stm32g0xx_ll_gpio.h:422:22:LL_GPIO_SetPinSpeed	24	static
D:/STM32_Workspace_Kurs_Low_Layer/03_03_Kurs_STM32_LL_GPIO_Input/Drivers/STM32G0xx_LL_Driver/Inc/stm32g0xx_ll_gpio.h:491:22:LL_GPIO_SetPinPull	24	static
D:/STM32_Workspace_Kurs_Low_Layer/03_03_Kurs_STM32_LL_GPIO_Input/Drivers/STM32G0xx_LL_Driver/Inc/stm32g0xx_ll_gpio.h:776:26:LL_GPIO_IsInputPinSet	16	static
D:/STM32_Workspace_Kurs_Low_Layer/03_03_Kurs_STM32_LL_GPIO_Input/Drivers/STM32G0xx_LL_Driver/Inc/stm32g0xx_ll_gpio.h:857:22:LL_GPIO_SetOutputPin	16	static
D:/STM32_Workspace_Kurs_Low_Layer/03_03_Kurs_STM32_LL_GPIO_Input/Drivers/STM32G0xx_LL_Driver/Inc/stm32g0xx_ll_gpio.h:886:22:LL_GPIO_ResetOutputPin	16	static
../Src/main.c:28:5:main	8	static
