D:/STM32_Workspace_Kurs_Low_Layer/08_01_Kurs_STM32_LL_SPI_Master_TX_Polling/Drivers/STM32G0xx_LL_Driver/Inc/stm32g0xx_ll_tim.h:1871:22:LL_TIM_SetPrescaler	16	static
D:/STM32_Workspace_Kurs_Low_Layer/08_01_Kurs_STM32_LL_SPI_Master_TX_Polling/Drivers/STM32G0xx_LL_Driver/Inc/stm32g0xx_ll_tim.h:1898:22:LL_TIM_SetAutoReload	16	static
D:/STM32_Workspace_Kurs_Low_Layer/08_01_Kurs_STM32_LL_SPI_Master_TX_Polling/Drivers/STM32G0xx_LL_Driver/Inc/stm32g0xx_ll_tim.h:1926:22:LL_TIM_SetRepetitionCounter	16	static
D:/STM32_Workspace_Kurs_Low_Layer/08_01_Kurs_STM32_LL_SPI_Master_TX_Polling/Drivers/STM32G0xx_LL_Driver/Inc/stm32g0xx_ll_tim.h:2696:22:LL_TIM_OC_SetCompareCH1	16	static
D:/STM32_Workspace_Kurs_Low_Layer/08_01_Kurs_STM32_LL_SPI_Master_TX_Polling/Drivers/STM32G0xx_LL_Driver/Inc/stm32g0xx_ll_tim.h:2713:22:LL_TIM_OC_SetCompareCH2	16	static
D:/STM32_Workspace_Kurs_Low_Layer/08_01_Kurs_STM32_LL_SPI_Master_TX_Polling/Drivers/STM32G0xx_LL_Driver/Inc/stm32g0xx_ll_tim.h:2730:22:LL_TIM_OC_SetCompareCH3	16	static
D:/STM32_Workspace_Kurs_Low_Layer/08_01_Kurs_STM32_LL_SPI_Master_TX_Polling/Drivers/STM32G0xx_LL_Driver/Inc/stm32g0xx_ll_tim.h:2747:22:LL_TIM_OC_SetCompareCH4	16	static
D:/STM32_Workspace_Kurs_Low_Layer/08_01_Kurs_STM32_LL_SPI_Master_TX_Polling/Drivers/STM32G0xx_LL_Driver/Inc/stm32g0xx_ll_tim.h:2761:22:LL_TIM_OC_SetCompareCH5	16	static
D:/STM32_Workspace_Kurs_Low_Layer/08_01_Kurs_STM32_LL_SPI_Master_TX_Polling/Drivers/STM32G0xx_LL_Driver/Inc/stm32g0xx_ll_tim.h:2775:22:LL_TIM_OC_SetCompareCH6	16	static
D:/STM32_Workspace_Kurs_Low_Layer/08_01_Kurs_STM32_LL_SPI_Master_TX_Polling/Drivers/STM32G0xx_LL_Driver/Inc/stm32g0xx_ll_tim.h:3361:22:LL_TIM_SetEncoderMode	16	static
D:/STM32_Workspace_Kurs_Low_Layer/08_01_Kurs_STM32_LL_SPI_Master_TX_Polling/Drivers/STM32G0xx_LL_Driver/Inc/stm32g0xx_ll_tim.h:5137:22:LL_TIM_GenerateEvent_UPDATE	16	static
D:/STM32_Workspace_Kurs_Low_Layer/08_01_Kurs_STM32_LL_SPI_Master_TX_Polling/Drivers/STM32G0xx_LL_Driver/Inc/stm32g0xx_ll_bus.h:678:22:LL_APB1_GRP1_ForceReset	16	static
D:/STM32_Workspace_Kurs_Low_Layer/08_01_Kurs_STM32_LL_SPI_Master_TX_Polling/Drivers/STM32G0xx_LL_Driver/Inc/stm32g0xx_ll_bus.h:746:22:LL_APB1_GRP1_ReleaseReset	16	static
D:/STM32_Workspace_Kurs_Low_Layer/08_01_Kurs_STM32_LL_SPI_Master_TX_Polling/Drivers/STM32G0xx_LL_Driver/Inc/stm32g0xx_ll_bus.h:1017:22:LL_APB2_GRP1_ForceReset	16	static
D:/STM32_Workspace_Kurs_Low_Layer/08_01_Kurs_STM32_LL_SPI_Master_TX_Polling/Drivers/STM32G0xx_LL_Driver/Inc/stm32g0xx_ll_bus.h:1047:22:LL_APB2_GRP1_ReleaseReset	16	static
../Drivers/STM32G0xx_LL_Driver/Src/stm32g0xx_ll_tim.c:222:13:LL_TIM_DeInit	24	static
../Drivers/STM32G0xx_LL_Driver/Src/stm32g0xx_ll_tim.c:307:6:LL_TIM_StructInit	16	static
../Drivers/STM32G0xx_LL_Driver/Src/stm32g0xx_ll_tim.c:326:13:LL_TIM_Init	24	static
../Drivers/STM32G0xx_LL_Driver/Src/stm32g0xx_ll_tim.c:378:6:LL_TIM_OC_StructInit	16	static
../Drivers/STM32G0xx_LL_Driver/Src/stm32g0xx_ll_tim.c:407:13:LL_TIM_OC_Init	40	static
../Drivers/STM32G0xx_LL_Driver/Src/stm32g0xx_ll_tim.c:445:6:LL_TIM_IC_StructInit	16	static
../Drivers/STM32G0xx_LL_Driver/Src/stm32g0xx_ll_tim.c:468:13:LL_TIM_IC_Init	40	static
../Drivers/STM32G0xx_LL_Driver/Src/stm32g0xx_ll_tim.c:499:6:LL_TIM_ENCODER_StructInit	16	static
../Drivers/STM32G0xx_LL_Driver/Src/stm32g0xx_ll_tim.c:522:13:LL_TIM_ENCODER_Init	24	static
../Drivers/STM32G0xx_LL_Driver/Src/stm32g0xx_ll_tim.c:585:6:LL_TIM_HALLSENSOR_StructInit	16	static
../Drivers/STM32G0xx_LL_Driver/Src/stm32g0xx_ll_tim.c:615:13:LL_TIM_HALLSENSOR_Init	32	static
../Drivers/STM32G0xx_LL_Driver/Src/stm32g0xx_ll_tim.c:694:6:LL_TIM_BDTR_StructInit	16	static
../Drivers/STM32G0xx_LL_Driver/Src/stm32g0xx_ll_tim.c:729:13:LL_TIM_BDTR_Init	24	static
../Drivers/STM32G0xx_LL_Driver/Src/stm32g0xx_ll_tim.c:801:20:OC1Config	32	static
../Drivers/STM32G0xx_LL_Driver/Src/stm32g0xx_ll_tim.c:880:20:OC2Config	32	static
../Drivers/STM32G0xx_LL_Driver/Src/stm32g0xx_ll_tim.c:959:20:OC3Config	32	static
../Drivers/STM32G0xx_LL_Driver/Src/stm32g0xx_ll_tim.c:1038:20:OC4Config	32	static
../Drivers/STM32G0xx_LL_Driver/Src/stm32g0xx_ll_tim.c:1108:20:OC5Config	24	static
../Drivers/STM32G0xx_LL_Driver/Src/stm32g0xx_ll_tim.c:1169:20:OC6Config	24	static
../Drivers/STM32G0xx_LL_Driver/Src/stm32g0xx_ll_tim.c:1229:20:IC1Config	16	static
../Drivers/STM32G0xx_LL_Driver/Src/stm32g0xx_ll_tim.c:1262:20:IC2Config	16	static
../Drivers/STM32G0xx_LL_Driver/Src/stm32g0xx_ll_tim.c:1295:20:IC3Config	16	static
../Drivers/STM32G0xx_LL_Driver/Src/stm32g0xx_ll_tim.c:1328:20:IC4Config	16	static
