D:/STM32_Workspace_Kurs_Low_Layer/07_01_Kurs_STM32_LL_I2C_Master_Polling/Drivers/STM32G0xx_LL_Driver/Inc/stm32g0xx_ll_exti.h:334:22:LL_EXTI_EnableIT_0_31	16	static
D:/STM32_Workspace_Kurs_Low_Layer/07_01_Kurs_STM32_LL_I2C_Master_Polling/Drivers/STM32G0xx_LL_Driver/Inc/stm32g0xx_ll_exti.h:356:22:LL_EXTI_EnableIT_32_63	16	static
D:/STM32_Workspace_Kurs_Low_Layer/07_01_Kurs_STM32_LL_I2C_Master_Polling/Drivers/STM32G0xx_LL_Driver/Inc/stm32g0xx_ll_exti.h:402:22:LL_EXTI_DisableIT_0_31	16	static
D:/STM32_Workspace_Kurs_Low_Layer/07_01_Kurs_STM32_LL_I2C_Master_Polling/Drivers/STM32G0xx_LL_Driver/Inc/stm32g0xx_ll_exti.h:424:22:LL_EXTI_DisableIT_32_63	16	static
D:/STM32_Workspace_Kurs_Low_Layer/07_01_Kurs_STM32_LL_I2C_Master_Polling/Drivers/STM32G0xx_LL_Driver/Inc/stm32g0xx_ll_exti.h:542:22:LL_EXTI_EnableEvent_0_31	16	static
D:/STM32_Workspace_Kurs_Low_Layer/07_01_Kurs_STM32_LL_I2C_Master_Polling/Drivers/STM32G0xx_LL_Driver/Inc/stm32g0xx_ll_exti.h:562:22:LL_EXTI_EnableEvent_32_63	16	static
D:/STM32_Workspace_Kurs_Low_Layer/07_01_Kurs_STM32_LL_I2C_Master_Polling/Drivers/STM32G0xx_LL_Driver/Inc/stm32g0xx_ll_exti.h:604:22:LL_EXTI_DisableEvent_0_31	16	static
D:/STM32_Workspace_Kurs_Low_Layer/07_01_Kurs_STM32_LL_I2C_Master_Polling/Drivers/STM32G0xx_LL_Driver/Inc/stm32g0xx_ll_exti.h:623:22:LL_EXTI_DisableEvent_32_63	16	static
D:/STM32_Workspace_Kurs_Low_Layer/07_01_Kurs_STM32_LL_I2C_Master_Polling/Drivers/STM32G0xx_LL_Driver/Inc/stm32g0xx_ll_exti.h:732:22:LL_EXTI_EnableRisingTrig_0_31	16	static
D:/STM32_Workspace_Kurs_Low_Layer/07_01_Kurs_STM32_LL_I2C_Master_Polling/Drivers/STM32G0xx_LL_Driver/Inc/stm32g0xx_ll_exti.h:794:22:LL_EXTI_DisableRisingTrig_0_31	16	static
D:/STM32_Workspace_Kurs_Low_Layer/07_01_Kurs_STM32_LL_I2C_Master_Polling/Drivers/STM32G0xx_LL_Driver/Inc/stm32g0xx_ll_exti.h:911:22:LL_EXTI_EnableFallingTrig_0_31	16	static
D:/STM32_Workspace_Kurs_Low_Layer/07_01_Kurs_STM32_LL_I2C_Master_Polling/Drivers/STM32G0xx_LL_Driver/Inc/stm32g0xx_ll_exti.h:971:22:LL_EXTI_DisableFallingTrig_0_31	16	static
../Drivers/STM32G0xx_LL_Driver/Src/stm32g0xx_ll_exti.c:80:10:LL_EXTI_DeInit	8	static
../Drivers/STM32G0xx_LL_Driver/Src/stm32g0xx_ll_exti.c:143:10:LL_EXTI_Init	24	static
../Drivers/STM32G0xx_LL_Driver/Src/stm32g0xx_ll_exti.c:263:6:LL_EXTI_StructInit	16	static
