D:/STM32_Workspace_Kurs_Low_Layer/04_02_Kurs_STM32_LL_RX_Polling/Drivers/STM32G0xx_LL_Driver/Inc/stm32g0xx_ll_usart.h:2992:26:LL_USART_IsActiveFlag_RXNE_RXFNE	16	static
D:/STM32_Workspace_Kurs_Low_Layer/04_02_Kurs_STM32_LL_RX_Polling/Drivers/STM32G0xx_LL_Driver/Inc/stm32g0xx_ll_usart.h:3019:26:LL_USART_IsActiveFlag_TXE_TXFNF	16	static
D:/STM32_Workspace_Kurs_Low_Layer/04_02_Kurs_STM32_LL_RX_Polling/Drivers/STM32G0xx_LL_Driver/Inc/stm32g0xx_ll_usart.h:4253:25:LL_USART_ReceiveData8	16	static
D:/STM32_Workspace_Kurs_Low_Layer/04_02_Kurs_STM32_LL_RX_Polling/Drivers/STM32G0xx_LL_Driver/Inc/stm32g0xx_ll_usart.h:4276:22:LL_USART_TransmitData8	16	static
../Src/usart_comm.c:16:6:transmit_task_init	8	static
../Src/usart_comm.c:21:6:transmit_task_process	16	static
../Src/usart_comm.c:33:6:transmit_data	24	static
../Src/usart_comm.c:44:6:receive_data	16	static
