../Src/W25Q64_flash.c:32:9:W25Q64_Init	16	static
../Src/W25Q64_flash.c:45:6:W25Q64_ResetFlash	16	static
../Src/W25Q64_flash.c:54:6:W25Q64_WriteEnable	16	static
../Src/W25Q64_flash.c:63:6:W25Q64_write_disable	16	static
../Src/W25Q64_flash.c:72:9:W25Q64_ReadStatusRegister1	16	static
../Src/W25Q64_flash.c:85:9:W25Q64_ReadStatusRegister2	16	static
../Src/W25Q64_flash.c:98:6:W25Q64_WriteStatusRegister	32	static
../Src/W25Q64_flash.c:113:9:W25Q64_ReadDataBytes	40	static
../Src/W25Q64_flash.c:133:9:W25Q64_PageProgram	40	static
../Src/W25Q64_flash.c:154:9:W25Q64_SectorErase	48	static
../Src/W25Q64_flash.c:178:9:W25Q64_ChipErase	24	static
../Src/W25Q64_flash.c:195:6:W25Q64_get_JEDEC_ID	32	static
../Src/W25Q64_flash.c:212:6:W25Q64_WriteEnable_and_WaitForWriteEnableLatch	8	static
../Src/W25Q64_flash.c:220:6:W25Q64_WaitForWriteEnableLatch	8	static
../Src/W25Q64_flash.c:228:6:W25Q64_WaitForWriteInProgressClear	8	static
../Src/W25Q64_flash.c:236:9:W25Q64_SPI_Transmit_Data	32	static
../Src/W25Q64_flash.c:245:9:W25Q64_SPI_Receive_Data	32	static
../Src/W25Q64_flash.c:254:9:W25Q64_SPI_Transmit_Data_DMA	32	static
../Src/W25Q64_flash.c:263:9:W25Q64_SPI_Receive_Data_DMA	32	static
../Src/W25Q64_flash.c:272:6:W25Q64_Set_ChipSelect_Low	8	static
../Src/W25Q64_flash.c:277:6:W25Q64_Set_ChipSelect_High	8	static
