Archive member included to satisfy reference by file (symbol)

c:/st/stm32cubeide_1.4.0/stm32cubeide/plugins/com.st.stm32cube.ide.mcu.externaltools.gnu-tools-for-stm32.10.3-2021.10.win32_1.0.0.202111181127/tools/bin/../lib/gcc/arm-none-eabi/10.3.1/../../../../arm-none-eabi/lib/thumb/v6-m/nofp\libc_nano.a(lib_a-errno.o)
                              ./Src/syscalls.o (__errno)
c:/st/stm32cubeide_1.4.0/stm32cubeide/plugins/com.st.stm32cube.ide.mcu.externaltools.gnu-tools-for-stm32.10.3-2021.10.win32_1.0.0.202111181127/tools/bin/../lib/gcc/arm-none-eabi/10.3.1/../../../../arm-none-eabi/lib/thumb/v6-m/nofp\libc_nano.a(lib_a-exit.o)
                              c:/st/stm32cubeide_1.4.0/stm32cubeide/plugins/com.st.stm32cube.ide.mcu.externaltools.gnu-tools-for-stm32.10.3-2021.10.win32_1.0.0.202111181127/tools/bin/../lib/gcc/arm-none-eabi/10.3.1/../../../../arm-none-eabi/lib/thumb/v6-m/nofp/crt0.o (exit)
c:/st/stm32cubeide_1.4.0/stm32cubeide/plugins/com.st.stm32cube.ide.mcu.externaltools.gnu-tools-for-stm32.10.3-2021.10.win32_1.0.0.202111181127/tools/bin/../lib/gcc/arm-none-eabi/10.3.1/../../../../arm-none-eabi/lib/thumb/v6-m/nofp\libc_nano.a(lib_a-impure.o)
                              c:/st/stm32cubeide_1.4.0/stm32cubeide/plugins/com.st.stm32cube.ide.mcu.externaltools.gnu-tools-for-stm32.10.3-2021.10.win32_1.0.0.202111181127/tools/bin/../lib/gcc/arm-none-eabi/10.3.1/../../../../arm-none-eabi/lib/thumb/v6-m/nofp\libc_nano.a(lib_a-exit.o) (_global_impure_ptr)
c:/st/stm32cubeide_1.4.0/stm32cubeide/plugins/com.st.stm32cube.ide.mcu.externaltools.gnu-tools-for-stm32.10.3-2021.10.win32_1.0.0.202111181127/tools/bin/../lib/gcc/arm-none-eabi/10.3.1/../../../../arm-none-eabi/lib/thumb/v6-m/nofp\libc_nano.a(lib_a-init.o)
                              c:/st/stm32cubeide_1.4.0/stm32cubeide/plugins/com.st.stm32cube.ide.mcu.externaltools.gnu-tools-for-stm32.10.3-2021.10.win32_1.0.0.202111181127/tools/bin/../lib/gcc/arm-none-eabi/10.3.1/../../../../arm-none-eabi/lib/thumb/v6-m/nofp/crt0.o (__libc_init_array)
c:/st/stm32cubeide_1.4.0/stm32cubeide/plugins/com.st.stm32cube.ide.mcu.externaltools.gnu-tools-for-stm32.10.3-2021.10.win32_1.0.0.202111181127/tools/bin/../lib/gcc/arm-none-eabi/10.3.1/../../../../arm-none-eabi/lib/thumb/v6-m/nofp\libc_nano.a(lib_a-memset.o)
                              c:/st/stm32cubeide_1.4.0/stm32cubeide/plugins/com.st.stm32cube.ide.mcu.externaltools.gnu-tools-for-stm32.10.3-2021.10.win32_1.0.0.202111181127/tools/bin/../lib/gcc/arm-none-eabi/10.3.1/../../../../arm-none-eabi/lib/thumb/v6-m/nofp/crt0.o (memset)
c:/st/stm32cubeide_1.4.0/stm32cubeide/plugins/com.st.stm32cube.ide.mcu.externaltools.gnu-tools-for-stm32.10.3-2021.10.win32_1.0.0.202111181127/tools/bin/../lib/gcc/arm-none-eabi/10.3.1/thumb/v6-m/nofp\libgcc.a(_udivsi3.o)
                              ./Drivers/STM32G0xx_LL_Driver/Src/stm32g0xx_ll_utils.o (__aeabi_uidiv)
c:/st/stm32cubeide_1.4.0/stm32cubeide/plugins/com.st.stm32cube.ide.mcu.externaltools.gnu-tools-for-stm32.10.3-2021.10.win32_1.0.0.202111181127/tools/bin/../lib/gcc/arm-none-eabi/10.3.1/thumb/v6-m/nofp\libgcc.a(_dvmd_tls.o)
                              c:/st/stm32cubeide_1.4.0/stm32cubeide/plugins/com.st.stm32cube.ide.mcu.externaltools.gnu-tools-for-stm32.10.3-2021.10.win32_1.0.0.202111181127/tools/bin/../lib/gcc/arm-none-eabi/10.3.1/thumb/v6-m/nofp\libgcc.a(_udivsi3.o) (__aeabi_idiv0)

Discarded input sections

 .text          0x0000000000000000        0x0 c:/st/stm32cubeide_1.4.0/stm32cubeide/plugins/com.st.stm32cube.ide.mcu.externaltools.gnu-tools-for-stm32.10.3-2021.10.win32_1.0.0.202111181127/tools/bin/../lib/gcc/arm-none-eabi/10.3.1/thumb/v6-m/nofp/crti.o
 .data          0x0000000000000000        0x0 c:/st/stm32cubeide_1.4.0/stm32cubeide/plugins/com.st.stm32cube.ide.mcu.externaltools.gnu-tools-for-stm32.10.3-2021.10.win32_1.0.0.202111181127/tools/bin/../lib/gcc/arm-none-eabi/10.3.1/thumb/v6-m/nofp/crti.o
 .bss           0x0000000000000000        0x0 c:/st/stm32cubeide_1.4.0/stm32cubeide/plugins/com.st.stm32cube.ide.mcu.externaltools.gnu-tools-for-stm32.10.3-2021.10.win32_1.0.0.202111181127/tools/bin/../lib/gcc/arm-none-eabi/10.3.1/thumb/v6-m/nofp/crti.o
 .data          0x0000000000000000        0x4 c:/st/stm32cubeide_1.4.0/stm32cubeide/plugins/com.st.stm32cube.ide.mcu.externaltools.gnu-tools-for-stm32.10.3-2021.10.win32_1.0.0.202111181127/tools/bin/../lib/gcc/arm-none-eabi/10.3.1/thumb/v6-m/nofp/crtbegin.o
 .rodata        0x0000000000000000       0x24 c:/st/stm32cubeide_1.4.0/stm32cubeide/plugins/com.st.stm32cube.ide.mcu.externaltools.gnu-tools-for-stm32.10.3-2021.10.win32_1.0.0.202111181127/tools/bin/../lib/gcc/arm-none-eabi/10.3.1/thumb/v6-m/nofp/crtbegin.o
 .text          0x0000000000000000       0x80 c:/st/stm32cubeide_1.4.0/stm32cubeide/plugins/com.st.stm32cube.ide.mcu.externaltools.gnu-tools-for-stm32.10.3-2021.10.win32_1.0.0.202111181127/tools/bin/../lib/gcc/arm-none-eabi/10.3.1/../../../../arm-none-eabi/lib/thumb/v6-m/nofp/crt0.o
[...]
Memory Configuration

Name             Origin             Length             Attributes
RAM              0x0000000020000000 0x0000000000009000 xrw
FLASH            0x0000000008000000 0x0000000000020000 xr
*default*        0x0000000000000000 0xffffffffffffffff

Linker script and memory map

LOAD c:/st/stm32cubeide_1.4.0/stm32cubeide/plugins/com.st.stm32cube.ide.mcu.externaltools.gnu-tools-for-stm32.10.3-2021.10.win32_1.0.0.202111181127/tools/bin/../lib/gcc/arm-none-eabi/10.3.1/thumb/v6-m/nofp/crti.o
LOAD c:/st/stm32cubeide_1.4.0/stm32cubeide/plugins/com.st.stm32cube.ide.mcu.externaltools.gnu-tools-for-stm32.10.3-2021.10.win32_1.0.0.202111181127/tools/bin/../lib/gcc/arm-none-eabi/10.3.1/thumb/v6-m/nofp/crtbegin.o
LOAD c:/st/stm32cubeide_1.4.0/stm32cubeide/plugins/com.st.stm32cube.ide.mcu.externaltools.gnu-tools-for-stm32.10.3-2021.10.win32_1.0.0.202111181127/tools/bin/../lib/gcc/arm-none-eabi/10.3.1/../../../../arm-none-eabi/lib/thumb/v6-m/nofp/crt0.o
LOAD ./Drivers/STM32G0xx_LL_Driver/Src/stm32g0xx_ll_adc.o
LOAD ./Drivers/STM32G0xx_LL_Driver/Src/stm32g0xx_ll_comp.o
LOAD ./Drivers/STM32G0xx_LL_Driver/Src/stm32g0xx_ll_crc.o
LOAD ./Drivers/STM32G0xx_LL_Driver/Src/stm32g0xx_ll_crs.o
LOAD ./Drivers/STM32G0xx_LL_Driver/Src/stm32g0xx_ll_dac.o
LOAD ./Drivers/STM32G0xx_LL_Driver/Src/stm32g0xx_ll_dma.o
LOAD ./Drivers/STM32G0xx_LL_Driver/Src/stm32g0xx_ll_exti.o
LOAD ./Drivers/STM32G0xx_LL_Driver/Src/stm32g0xx_ll_gpio.o
LOAD ./Drivers/STM32G0xx_LL_Driver/Src/stm32g0xx_ll_i2c.o
LOAD ./Drivers/STM32G0xx_LL_Driver/Src/stm32g0xx_ll_lptim.o
LOAD ./Drivers/STM32G0xx_LL_Driver/Src/stm32g0xx_ll_lpuart.o
LOAD ./Drivers/STM32G0xx_LL_Driver/Src/stm32g0xx_ll_pwr.o
LOAD ./Drivers/STM32G0xx_LL_Driver/Src/stm32g0xx_ll_rcc.o
LOAD ./Drivers/STM32G0xx_LL_Driver/Src/stm32g0xx_ll_rng.o
LOAD ./Drivers/STM32G0xx_LL_Driver/Src/stm32g0xx_ll_rtc.o
LOAD ./Drivers/STM32G0xx_LL_Driver/Src/stm32g0xx_ll_spi.o
LOAD ./Drivers/STM32G0xx_LL_Driver/Src/stm32g0xx_ll_tim.o
LOAD ./Drivers/STM32G0xx_LL_Driver/Src/stm32g0xx_ll_ucpd.o
LOAD ./Drivers/STM32G0xx_LL_Driver/Src/stm32g0xx_ll_usart.o
LOAD ./Drivers/STM32G0xx_LL_Driver/Src/stm32g0xx_ll_utils.o
LOAD ./Src/main.o
LOAD ./Src/software_timer.o
LOAD ./Src/stm32g0xx_it.o
LOAD ./Src/syscalls.o
LOAD ./Src/sysmem.o
LOAD ./Src/system_stm32g0xx.o
LOAD ./Src/usart_comm.o
LOAD ./Startup/startup_stm32g071rbtx.o
START GROUP
LOAD c:/st/stm32cubeide_1.4.0/stm32cubeide/plugins/com.st.stm32cube.ide.mcu.externaltools.gnu-tools-for-stm32.10.3-2021.10.win32_1.0.0.202111181127/tools/bin/../lib/gcc/arm-none-eabi/10.3.1/../../../../arm-none-eabi/lib/thumb/v6-m/nofp\libc_nano.a
LOAD c:/st/stm32cubeide_1.4.0/stm32cubeide/plugins/com.st.stm32cube.ide.mcu.externaltools.gnu-tools-for-stm32.10.3-2021.10.win32_1.0.0.202111181127/tools/bin/../lib/gcc/arm-none-eabi/10.3.1/../../../../arm-none-eabi/lib/thumb/v6-m/nofp\libm.a
END GROUP
START GROUP
LOAD c:/st/stm32cubeide_1.4.0/stm32cubeide/plugins/com.st.stm32cube.ide.mcu.externaltools.gnu-tools-for-stm32.10.3-2021.10.win32_1.0.0.202111181127/tools/bin/../lib/gcc/arm-none-eabi/10.3.1/thumb/v6-m/nofp\libgcc.a
LOAD c:/st/stm32cubeide_1.4.0/stm32cubeide/plugins/com.st.stm32cube.ide.mcu.externaltools.gnu-tools-for-stm32.10.3-2021.10.win32_1.0.0.202111181127/tools/bin/../lib/gcc/arm-none-eabi/10.3.1/../../../../arm-none-eabi/lib/thumb/v6-m/nofp\libc_nano.a
END GROUP
START GROUP
LOAD c:/st/stm32cubeide_1.4.0/stm32cubeide/plugins/com.st.stm32cube.ide.mcu.externaltools.gnu-tools-for-stm32.10.3-2021.10.win32_1.0.0.202111181127/tools/bin/../lib/gcc/arm-none-eabi/10.3.1/thumb/v6-m/nofp\libgcc.a
LOAD c:/st/stm32cubeide_1.4.0/stm32cubeide/plugins/com.st.stm32cube.ide.mcu.externaltools.gnu-tools-for-stm32.10.3-2021.10.win32_1.0.0.202111181127/tools/bin/../lib/gcc/arm-none-eabi/10.3.1/../../../../arm-none-eabi/lib/thumb/v6-m/nofp\libc_nano.a
LOAD c:/st/stm32cubeide_1.4.0/stm32cubeide/plugins/com.st.stm32cube.ide.mcu.externaltools.gnu-tools-for-stm32.10.3-2021.10.win32_1.0.0.202111181127/tools/bin/../lib/gcc/arm-none-eabi/10.3.1/../../../../arm-none-eabi/lib/thumb/v6-m/nofp\libnosys.a
END GROUP
START GROUP
LOAD c:/st/stm32cubeide_1.4.0/stm32cubeide/plugins/com.st.stm32cube.ide.mcu.externaltools.gnu-tools-for-stm32.10.3-2021.10.win32_1.0.0.202111181127/tools/bin/../lib/gcc/arm-none-eabi/10.3.1/thumb/v6-m/nofp\libgcc.a
LOAD c:/st/stm32cubeide_1.4.0/stm32cubeide/plugins/com.st.stm32cube.ide.mcu.externaltools.gnu-tools-for-stm32.10.3-2021.10.win32_1.0.0.202111181127/tools/bin/../lib/gcc/arm-none-eabi/10.3.1/../../../../arm-none-eabi/lib/thumb/v6-m/nofp\libc_nano.a
LOAD c:/st/stm32cubeide_1.4.0/stm32cubeide/plugins/com.st.stm32cube.ide.mcu.externaltools.gnu-tools-for-stm32.10.3-2021.10.win32_1.0.0.202111181127/tools/bin/../lib/gcc/arm-none-eabi/10.3.1/../../../../arm-none-eabi/lib/thumb/v6-m/nofp\libnosys.a
END GROUP
LOAD c:/st/stm32cubeide_1.4.0/stm32cubeide/plugins/com.st.stm32cube.ide.mcu.externaltools.gnu-tools-for-stm32.10.3-2021.10.win32_1.0.0.202111181127/tools/bin/../lib/gcc/arm-none-eabi/10.3.1/thumb/v6-m/nofp/crtend.o
LOAD c:/st/stm32cubeide_1.4.0/stm32cubeide/plugins/com.st.stm32cube.ide.mcu.externaltools.gnu-tools-for-stm32.10.3-2021.10.win32_1.0.0.202111181127/tools/bin/../lib/gcc/arm-none-eabi/10.3.1/thumb/v6-m/nofp/crtn.o
                0x0000000020009000                _estack = (ORIGIN (RAM) + LENGTH (RAM))
                0x0000000000000200                _Min_Heap_Size = 0x200
                0x0000000000000400                _Min_Stack_Size = 0x400

.isr_vector     0x0000000008000000       0xbc
                0x0000000008000000                . = ALIGN (0x4)
 *(.isr_vector)
 .isr_vector    0x0000000008000000       0xbc ./Startup/startup_stm32g071rbtx.o
                0x0000000008000000                g_pfnVectors
                0x00000000080000bc                . = ALIGN (0x4)

.text           0x00000000080000bc      0xfc0
                0x00000000080000bc                . = ALIGN (0x4)
 *(.text)
 .text          0x00000000080000bc       0x48 c:/st/stm32cubeide_1.4.0/stm32cubeide/plugins/com.st.stm32cube.ide.mcu.externaltools.gnu-tools-for-stm32.10.3-2021.10.win32_1.0.0.202111181127/tools/bin/../lib/gcc/arm-none-eabi/10.3.1/thumb/v6-m/nofp/crtbegin.o
 .text          0x0000000008000104      0x114 c:/st/stm32cubeide_1.4.0/stm32cubeide/plugins/com.st.stm32cube.ide.mcu.externaltools.gnu-tools-for-stm32.10.3-2021.10.win32_1.0.0.202111181127/tools/bin/../lib/gcc/arm-none-eabi/10.3.1/thumb/v6-m/nofp\libgcc.a(_udivsi3.o)
                0x0000000008000104                __aeabi_uidiv
                0x0000000008000104                __udivsi3
                0x0000000008000210                __aeabi_uidivmod
 .text          0x0000000008000218        0x4 c:/st/stm32cubeide_1.4.0/stm32cubeide/plugins/com.st.stm32cube.ide.mcu.externaltools.gnu-tools-for-stm32.10.3-2021.10.win32_1.0.0.202111181127/tools/bin/../lib/gcc/arm-none-eabi/10.3.1/thumb/v6-m/nofp\libgcc.a(_dvmd_tls.o)
                0x0000000008000218                __aeabi_idiv0
                0x0000000008000218                __aeabi_ldiv0
 *(.text*)
 .text.LL_InitTick
                0x000000000800021c       0x34 ./Drivers/STM32G0xx_LL_Driver/Src/stm32g0xx_ll_utils.o
 .text.LL_Init1msTick
                0x0000000008000250       0x1e ./Drivers/STM32G0xx_LL_Driver/Src/stm32g0xx_ll_utils.o
                0x0000000008000250                LL_Init1msTick
 *fill*         0x000000000800026e        0x2 
 .text.LL_SetSystemCoreClock
                0x0000000008000270       0x1c ./Drivers/STM32G0xx_LL_Driver/Src/stm32g0xx_ll_utils.o
                0x0000000008000270                LL_SetSystemCoreClock
 .text.__NVIC_EnableIRQ
                0x000000000800028c       0x34 ./Src/main.o
 .text.__NVIC_SetPriority
                0x00000000080002c0       0xdc ./Src/main.o
 .text.LL_RCC_HSI_Enable
                0x000000000800039c       0x1c ./Src/main.o
 .text.LL_RCC_HSI_IsReady
                0x00000000080003b8       0x28 ./Src/main.o
 .text.LL_RCC_SetSysClkSource
                0x00000000080003e0       0x28 ./Src/main.o
 .text.LL_RCC_GetSysClkSource
                0x0000000008000408       0x18 ./Src/main.o
 .text.LL_RCC_SetAHBPrescaler
                0x0000000008000420       0x2c ./Src/main.o
 .text.LL_RCC_SetAPB1Prescaler
                0x000000000800044c       0x2c ./Src/main.o
 .text.LL_RCC_PLL_Enable
                0x0000000008000478       0x1c ./Src/main.o
 .text.LL_RCC_PLL_IsReady
                0x0000000008000494       0x28 ./Src/main.o
 .text.LL_RCC_PLL_ConfigDomain_SYS
                0x00000000080004bc       0x40 ./Src/main.o
 .text.LL_RCC_PLL_EnableDomain_SYS
                0x00000000080004fc       0x1c ./Src/main.o
 .text.LL_AHB1_GRP1_EnableClock
                0x0000000008000518       0x2c ./Src/main.o
 .text.LL_APB1_GRP1_EnableClock
                0x0000000008000544       0x2c ./Src/main.o
 .text.LL_IOP_GRP1_EnableClock
                0x0000000008000570       0x2c ./Src/main.o
 .text.LL_FLASH_SetLatency
                0x000000000800059c       0x28 ./Src/main.o
 .text.LL_SYSTICK_EnableIT
                0x00000000080005c4       0x1c ./Src/main.o
 .text.LL_GPIO_SetPinMode
                0x00000000080005e0       0x38 ./Src/main.o
 .text.LL_GPIO_SetPinSpeed
                0x0000000008000618       0x38 ./Src/main.o
 .text.LL_GPIO_SetPinPull
                0x0000000008000650       0x38 ./Src/main.o
 .text.LL_GPIO_SetAFPin_0_7
                0x0000000008000688       0x46 ./Src/main.o
 .text.LL_USART_Enable
                0x00000000080006ce       0x1c ./Src/main.o
 .text.LL_USART_EnableDirectionTx
                0x00000000080006ea       0x3e ./Src/main.o
 .text.LL_USART_ConfigCharacter
                0x0000000008000728       0x44 ./Src/main.o
 .text.LL_USART_SetBaudRate
                0x000000000800076c       0xb4 ./Src/main.o
 .text.LL_USART_ConfigAsyncMode
                0x0000000008000820       0x30 ./Src/main.o
 .text.LL_DMA_SetDataTransferDirection
                0x0000000008000850       0x4c ./Src/main.o
 .text.LL_DMA_SetMode
                0x000000000800089c       0x48 ./Src/main.o
 .text.LL_DMA_SetPeriphIncMode
                0x00000000080008e4       0x48 ./Src/main.o
 .text.LL_DMA_SetMemoryIncMode
                0x000000000800092c       0x48 ./Src/main.o
 .text.LL_DMA_SetPeriphSize
                0x0000000008000974       0x4c ./Src/main.o
 .text.LL_DMA_SetMemorySize
                0x00000000080009c0       0x4c ./Src/main.o
 .text.LL_DMA_SetChannelPriorityLevel
                0x0000000008000a0c       0x4c ./Src/main.o
 .text.LL_DMA_SetPeriphRequest
                0x0000000008000a58       0x58 ./Src/main.o
 .text.LL_DMA_EnableIT_TC
                0x0000000008000ab0       0x40 ./Src/main.o
 .text.main     0x0000000008000af0      0x18c ./Src/main.o
                0x0000000008000af0                main
 .text.software_timer_task_init
                0x0000000008000c7c       0x22 ./Src/software_timer.o
                0x0000000008000c7c                software_timer_task_init
 *fill*         0x0000000008000c9e        0x2 
 .text.software_timer_inc_ms_tick
                0x0000000008000ca0       0x18 ./Src/software_timer.o
                0x0000000008000ca0                software_timer_inc_ms_tick
 .text.software_timer_get_ms_tick
                0x0000000008000cb8       0x14 ./Src/software_timer.o
                0x0000000008000cb8                software_timer_get_ms_tick
 .text.LL_DMA_IsActiveFlag_TC1
                0x0000000008000ccc       0x22 ./Src/stm32g0xx_it.o
 .text.LL_DMA_ClearFlag_TC1
                0x0000000008000cee       0x16 ./Src/stm32g0xx_it.o
 .text.SysTick_Handler
                0x0000000008000d04        0xe ./Src/stm32g0xx_it.o
                0x0000000008000d04                SysTick_Handler
 *fill*         0x0000000008000d12        0x2 
 .text.DMA_Channel1_IRQHandler
                0x0000000008000d14       0x28 ./Src/stm32g0xx_it.o
                0x0000000008000d14                DMA_Channel1_IRQHandler
 .text.SystemInit
                0x0000000008000d3c        0xa ./Src/system_stm32g0xx.o
                0x0000000008000d3c                SystemInit
 .text.LL_USART_EnableDMAReq_TX
                0x0000000008000d46       0x3e ./Src/usart_comm.o
 .text.LL_USART_DMA_GetRegAddr
                0x0000000008000d84       0x28 ./Src/usart_comm.o
 .text.LL_DMA_EnableChannel
                0x0000000008000dac       0x40 ./Src/usart_comm.o
 .text.LL_DMA_DisableChannel
                0x0000000008000dec       0x40 ./Src/usart_comm.o
 .text.LL_DMA_GetDataTransferDirection
                0x0000000008000e2c       0x34 ./Src/usart_comm.o
 .text.LL_DMA_SetDataLength
                0x0000000008000e60       0x44 ./Src/usart_comm.o
 .text.LL_DMA_ConfigAddresses
                0x0000000008000ea4       0x70 ./Src/usart_comm.o
 .text.transmit_task_init
                0x0000000008000f14       0x1c ./Src/usart_comm.o
                0x0000000008000f14                transmit_task_init
 .text.transmit_task_process
                0x0000000008000f30       0x80 ./Src/usart_comm.o
                0x0000000008000f30                transmit_task_process
 .text.DMA1_transmit_complete_callback
                0x0000000008000fb0       0x18 ./Src/usart_comm.o
                0x0000000008000fb0                DMA1_transmit_complete_callback
 .text.Reset_Handler
                0x0000000008000fc8       0x50 ./Startup/startup_stm32g071rbtx.o
                0x0000000008000fc8                Reset_Handler
 .text.Default_Handler
                0x0000000008001018        0x2 ./Startup/startup_stm32g071rbtx.o
                0x0000000008001018                TIM1_CC_IRQHandler
                0x0000000008001018                HardFault_Handler
                0x0000000008001018                RTC_STAMP_IRQHandler
                0x0000000008001018                PVD_IRQHandler
                0x0000000008001018                PendSV_Handler
                0x0000000008001018                NMI_Handler
                0x0000000008001018                I2C1_IRQHandler
                0x0000000008001018                TIM7_LPTIM2_IRQHandler
                0x0000000008001018                UCPD1_UCPD2_IRQHandler
                0x0000000008001018                SPI1_IRQHandler
                0x0000000008001018                TIM1_BRK_UP_TRG_COMP_IRQHandler
                0x0000000008001018                EXTI2_3_IRQHandler
                0x0000000008001018                I2C2_IRQHandler
                0x0000000008001018                TIM17_IRQHandler
                0x0000000008001018                DMA_Channel4_5_6_7_IRQHandler
                0x0000000008001018                TIM16_IRQHandler
                0x0000000008001018                TIM3_IRQHandler
                0x0000000008001018                EXTI4_15_IRQHandler
                0x0000000008001018                RCC_IRQHandler
                0x0000000008001018                Default_Handler
                0x0000000008001018                CEC_IRQHandler
                0x0000000008001018                TIM14_IRQHandler
                0x0000000008001018                TIM15_IRQHandler
                0x0000000008001018                EXTI0_1_IRQHandler
                0x0000000008001018                SPI2_IRQHandler
                0x0000000008001018                SVC_Handler
                0x0000000008001018                TIM6_DAC_LPTIM1_IRQHandler
                0x0000000008001018                WWDG_IRQHandler
                0x0000000008001018                TIM2_IRQHandler
                0x0000000008001018                ADC_COMP_IRQHandler
                0x0000000008001018                USART2_IRQHandler
                0x0000000008001018                DMA_Channel2_3_IRQHandler
                0x0000000008001018                FLASH_IRQHandler
                0x0000000008001018                USART1_IRQHandler
                0x0000000008001018                USART3_USART4_LPUART1_IRQHandler
 *fill*         0x000000000800101a        0x2 
 .text.__libc_init_array
                0x000000000800101c       0x48 c:/st/stm32cubeide_1.4.0/stm32cubeide/plugins/com.st.stm32cube.ide.mcu.externaltools.gnu-tools-for-stm32.10.3-2021.10.win32_1.0.0.202111181127/tools/bin/../lib/gcc/arm-none-eabi/10.3.1/../../../../arm-none-eabi/lib/thumb/v6-m/nofp\libc_nano.a(lib_a-init.o)
                0x000000000800101c                __libc_init_array
 *(.glue_7)
 .glue_7        0x0000000008001064        0x0 linker stubs
 *(.glue_7t)
 .glue_7t       0x0000000008001064        0x0 linker stubs
 *(.eh_frame)
 .eh_frame      0x0000000008001064        0x0 c:/st/stm32cubeide_1.4.0/stm32cubeide/plugins/com.st.stm32cube.ide.mcu.externaltools.gnu-tools-for-stm32.10.3-2021.10.win32_1.0.0.202111181127/tools/bin/../lib/gcc/arm-none-eabi/10.3.1/thumb/v6-m/nofp/crtbegin.o
 *(.init)
 .init          0x0000000008001064        0x4 c:/st/stm32cubeide_1.4.0/stm32cubeide/plugins/com.st.stm32cube.ide.mcu.externaltools.gnu-tools-for-stm32.10.3-2021.10.win32_1.0.0.202111181127/tools/bin/../lib/gcc/arm-none-eabi/10.3.1/thumb/v6-m/nofp/crti.o
                0x0000000008001064                _init
 .init          0x0000000008001068        0x8 c:/st/stm32cubeide_1.4.0/stm32cubeide/plugins/com.st.stm32cube.ide.mcu.externaltools.gnu-tools-for-stm32.10.3-2021.10.win32_1.0.0.202111181127/tools/bin/../lib/gcc/arm-none-eabi/10.3.1/thumb/v6-m/nofp/crtn.o
 *(.fini)
 .fini          0x0000000008001070        0x4 c:/st/stm32cubeide_1.4.0/stm32cubeide/plugins/com.st.stm32cube.ide.mcu.externaltools.gnu-tools-for-stm32.10.3-2021.10.win32_1.0.0.202111181127/tools/bin/../lib/gcc/arm-none-eabi/10.3.1/thumb/v6-m/nofp/crti.o
                0x0000000008001070                _fini
 .fini          0x0000000008001074        0x8 c:/st/stm32cubeide_1.4.0/stm32cubeide/plugins/com.st.stm32cube.ide.mcu.externaltools.gnu-tools-for-stm32.10.3-2021.10.win32_1.0.0.202111181127/tools/bin/../lib/gcc/arm-none-eabi/10.3.1/thumb/v6-m/nofp/crtn.o
                0x000000000800107c                . = ALIGN (0x4)
                0x000000000800107c                _etext = .

.vfp11_veneer   0x000000000800107c        0x0
 .vfp11_veneer  0x000000000800107c        0x0 linker stubs

.v4_bx          0x000000000800107c        0x0
 .v4_bx         0x000000000800107c        0x0 linker stubs

.iplt           0x000000000800107c        0x0
 .iplt          0x000000000800107c        0x0 c:/st/stm32cubeide_1.4.0/stm32cubeide/plugins/com.st.stm32cube.ide.mcu.externaltools.gnu-tools-for-stm32.10.3-2021.10.win32_1.0.0.202111181127/tools/bin/../lib/gcc/arm-none-eabi/10.3.1/thumb/v6-m/nofp/crtbegin.o

.rodata         0x000000000800107c       0x48
                0x000000000800107c                . = ALIGN (0x4)
 *(.rodata)
 *(.rodata*)
 .rodata.USART_PRESCALER_TAB
                0x000000000800107c       0x30 ./Src/main.o
 .rodata.CHANNEL_OFFSET_TAB
                0x00000000080010ac        0x7 ./Src/main.o
 *fill*         0x00000000080010b3        0x1 
 .rodata.CHANNEL_OFFSET_TAB
                0x00000000080010b4        0x7 ./Src/usart_comm.o
 *fill*         0x00000000080010bb        0x1 
 .rodata.tx_buffer
                0x00000000080010bc        0x6 ./Src/usart_comm.o
                0x00000000080010bc                tx_buffer
                0x00000000080010c4                . = ALIGN (0x4)
 *fill*         0x00000000080010c2        0x2 

.rel.dyn        0x00000000080010c4        0x0
 .rel.iplt      0x00000000080010c4        0x0 c:/st/stm32cubeide_1.4.0/stm32cubeide/plugins/com.st.stm32cube.ide.mcu.externaltools.gnu-tools-for-stm32.10.3-2021.10.win32_1.0.0.202111181127/tools/bin/../lib/gcc/arm-none-eabi/10.3.1/thumb/v6-m/nofp/crtbegin.o

.ARM.extab      0x00000000080010c4        0x0
                0x00000000080010c4                . = ALIGN (0x4)
 *(.ARM.extab* .gnu.linkonce.armextab.*)
                0x00000000080010c4                . = ALIGN (0x4)

.ARM            0x00000000080010c4        0x0
                0x00000000080010c4                . = ALIGN (0x4)
                0x00000000080010c4                __exidx_start = .
 *(.ARM.exidx*)
                0x00000000080010c4                __exidx_end = .
                0x00000000080010c4                . = ALIGN (0x4)

.preinit_array  0x00000000080010c4        0x0
                0x00000000080010c4                . = ALIGN (0x4)
                0x00000000080010c4                PROVIDE (__preinit_array_start = .)
 *(.preinit_array*)
                0x00000000080010c4                PROVIDE (__preinit_array_end = .)
                0x00000000080010c4                . = ALIGN (0x4)

.init_array     0x00000000080010c4        0x4
                0x00000000080010c4                . = ALIGN (0x4)
                0x00000000080010c4                PROVIDE (__init_array_start = .)
 *(SORT_BY_NAME(.init_array.*))
 *(.init_array*)
 .init_array    0x00000000080010c4        0x4 c:/st/stm32cubeide_1.4.0/stm32cubeide/plugins/com.st.stm32cube.ide.mcu.externaltools.gnu-tools-for-stm32.10.3-2021.10.win32_1.0.0.202111181127/tools/bin/../lib/gcc/arm-none-eabi/10.3.1/thumb/v6-m/nofp/crtbegin.o
                0x00000000080010c8                PROVIDE (__init_array_end = .)
                0x00000000080010c8                . = ALIGN (0x4)

.fini_array     0x00000000080010c8        0x4
                0x00000000080010c8                . = ALIGN (0x4)
                [!provide]                        PROVIDE (__fini_array_start = .)
 *(SORT_BY_NAME(.fini_array.*))
 *(.fini_array*)
 .fini_array    0x00000000080010c8        0x4 c:/st/stm32cubeide_1.4.0/stm32cubeide/plugins/com.st.stm32cube.ide.mcu.externaltools.gnu-tools-for-stm32.10.3-2021.10.win32_1.0.0.202111181127/tools/bin/../lib/gcc/arm-none-eabi/10.3.1/thumb/v6-m/nofp/crtbegin.o
                [!provide]                        PROVIDE (__fini_array_end = .)
                0x00000000080010cc                . = ALIGN (0x4)
                0x00000000080010cc                _sidata = LOADADDR (.data)

.data           0x0000000020000000        0x4 load address 0x00000000080010cc
                0x0000000020000000                . = ALIGN (0x4)
                0x0000000020000000                _sdata = .
 *(.data)
 *(.data*)
 .data.SystemCoreClock
                0x0000000020000000        0x4 ./Src/system_stm32g0xx.o
                0x0000000020000000                SystemCoreClock
 *(.RamFunc)
 *(.RamFunc*)
                0x0000000020000004                . = ALIGN (0x4)
                0x0000000020000004                _edata = .

.igot.plt       0x0000000020000004        0x0 load address 0x00000000080010d0
 .igot.plt      0x0000000020000004        0x0 c:/st/stm32cubeide_1.4.0/stm32cubeide/plugins/com.st.stm32cube.ide.mcu.externaltools.gnu-tools-for-stm32.10.3-2021.10.win32_1.0.0.202111181127/tools/bin/../lib/gcc/arm-none-eabi/10.3.1/thumb/v6-m/nofp/crtbegin.o
                0x0000000020000004                . = ALIGN (0x4)

.bss            0x0000000020000004       0x28 load address 0x00000000080010d0
                0x0000000020000004                _sbss = .
                0x0000000020000004                __bss_start__ = _sbss
 *(.bss)
 .bss           0x0000000020000004       0x1c c:/st/stm32cubeide_1.4.0/stm32cubeide/plugins/com.st.stm32cube.ide.mcu.externaltools.gnu-tools-for-stm32.10.3-2021.10.win32_1.0.0.202111181127/tools/bin/../lib/gcc/arm-none-eabi/10.3.1/thumb/v6-m/nofp/crtbegin.o
 *(.bss*)
 .bss.ms_tick   0x0000000020000020        0x4 ./Src/software_timer.o
 .bss.tx_timer  0x0000000020000024        0x8 ./Src/usart_comm.o
                0x0000000020000024                tx_timer
 *(COMMON)
                0x000000002000002c                . = ALIGN (0x4)
                0x000000002000002c                _ebss = .
                0x000000002000002c                __bss_end__ = _ebss

._user_heap_stack
                0x000000002000002c      0x604 load address 0x00000000080010d0
                0x0000000020000030                . = ALIGN (0x8)
 *fill*         0x000000002000002c        0x4 
                [!provide]                        PROVIDE (end = .)
                0x0000000020000030                PROVIDE (_end = .)
                0x0000000020000230                . = (. + _Min_Heap_Size)
 *fill*         0x0000000020000030      0x200 
                0x0000000020000630                . = (. + _Min_Stack_Size)
 *fill*         0x0000000020000230      0x400 
                0x0000000020000630                . = ALIGN (0x8)

/DISCARD/
 libc.a(*)
 libm.a(*)
 libgcc.a(*)

.ARM.attributes
                0x0000000000000000       0x28
 *(.ARM.attributes)
 .ARM.attributes
                0x0000000000000000       0x1e c:/st/stm32cubeide_1.4.0/stm32cubeide/plugins/com.st.stm32cube.ide.mcu.externaltools.gnu-tools-for-stm32.10.3-2021.10.win32_1.0.0.202111181127/tools/bin/../lib/gcc/arm-none-eabi/10.3.1/thumb/v6-m/nofp/crti.o
 .ARM.attributes
                0x000000000000001e       0x2c c:/st/stm32cubeide_1.4.0/stm32cubeide/plugins/com.st.stm32cube.ide.mcu.externaltools.gnu-tools-for-stm32.10.3-2021.10.win32_1.0.0.202111181127/tools/bin/../lib/gcc/arm-none-eabi/10.3.1/thumb/v6-m/nofp/crtbegin.o
 .ARM.attributes
                0x000000000000004a       0x2c ./Drivers/STM32G0xx_LL_Driver/Src/stm32g0xx_ll_utils.o
 .ARM.attributes
                0x0000000000000076       0x2c ./Src/main.o
 .ARM.attributes
                0x00000000000000a2       0x2c ./Src/software_timer.o
 .ARM.attributes
                0x00000000000000ce       0x2c ./Src/stm32g0xx_it.o
 .ARM.attributes
                0x00000000000000fa       0x2c ./Src/system_stm32g0xx.o
 .ARM.attributes
                0x0000000000000126       0x2c ./Src/usart_comm.o
 .ARM.attributes
                0x0000000000000152       0x22 ./Startup/startup_stm32g071rbtx.o
 .ARM.attributes
                0x0000000000000174       0x2c c:/st/stm32cubeide_1.4.0/stm32cubeide/plugins/com.st.stm32cube.ide.mcu.externaltools.gnu-tools-for-stm32.10.3-2021.10.win32_1.0.0.202111181127/tools/bin/../lib/gcc/arm-none-eabi/10.3.1/../../../../arm-none-eabi/lib/thumb/v6-m/nofp\libc_nano.a(lib_a-init.o)
 .ARM.attributes
                0x00000000000001a0       0x1e c:/st/stm32cubeide_1.4.0/stm32cubeide/plugins/com.st.stm32cube.ide.mcu.externaltools.gnu-tools-for-stm32.10.3-2021.10.win32_1.0.0.202111181127/tools/bin/../lib/gcc/arm-none-eabi/10.3.1/thumb/v6-m/nofp\libgcc.a(_udivsi3.o)
 .ARM.attributes
                0x00000000000001be       0x1e c:/st/stm32cubeide_1.4.0/stm32cubeide/plugins/com.st.stm32cube.ide.mcu.externaltools.gnu-tools-for-stm32.10.3-2021.10.win32_1.0.0.202111181127/tools/bin/../lib/gcc/arm-none-eabi/10.3.1/thumb/v6-m/nofp\libgcc.a(_dvmd_tls.o)
 .ARM.attributes
                0x00000000000001dc       0x1e c:/st/stm32cubeide_1.4.0/stm32cubeide/plugins/com.st.stm32cube.ide.mcu.externaltools.gnu-tools-for-stm32.10.3-2021.10.win32_1.0.0.202111181127/tools/bin/../lib/gcc/arm-none-eabi/10.3.1/thumb/v6-m/nofp/crtn.o
OUTPUT(04_06_Kurs_STM32_LL_TX_DMA.elf elf32-littlearm)
LOAD linker stubs
LOAD c:/st/stm32cubeide_1.4.0/stm32cubeide/plugins/com.st.stm32cube.ide.mcu.externaltools.gnu-tools-for-stm32.10.3-2021.10.win32_1.0.0.202111181127/tools/bin/../lib/gcc/arm-none-eabi/10.3.1/../../../../arm-none-eabi/lib/thumb/v6-m/nofp\libc.a
LOAD c:/st/stm32cubeide_1.4.0/stm32cubeide/plugins/com.st.stm32cube.ide.mcu.externaltools.gnu-tools-for-stm32.10.3-2021.10.win32_1.0.0.202111181127/tools/bin/../lib/gcc/arm-none-eabi/10.3.1/../../../../arm-none-eabi/lib/thumb/v6-m/nofp\libm.a
LOAD c:/st/stm32cubeide_1.4.0/stm32cubeide/plugins/com.st.stm32cube.ide.mcu.externaltools.gnu-tools-for-stm32.10.3-2021.10.win32_1.0.0.202111181127/tools/bin/../lib/gcc/arm-none-eabi/10.3.1/thumb/v6-m/nofp\libgcc.a

.debug_info     0x0000000000000000     0x28e9
 .debug_info    0x0000000000000000      0x8f6 ./Drivers/STM32G0xx_LL_Driver/Src/stm32g0xx_ll_utils.o
 .debug_info    0x00000000000008f6     0x1230 ./Src/main.o
 .debug_info    0x0000000000001b26      0x225 ./Src/software_timer.o
 .debug_info    0x0000000000001d4b      0x226 ./Src/stm32g0xx_it.o
 .debug_info    0x0000000000001f71      0x302 ./Src/system_stm32g0xx.o
 .debug_info    0x0000000000002273      0x654 ./Src/usart_comm.o
 .debug_info    0x00000000000028c7       0x22 ./Startup/startup_stm32g071rbtx.o

.debug_abbrev   0x0000000000000000      0xa67
 .debug_abbrev  0x0000000000000000      0x21f ./Drivers/STM32G0xx_LL_Driver/Src/stm32g0xx_ll_utils.o
 .debug_abbrev  0x000000000000021f      0x2e2 ./Src/main.o
 .debug_abbrev  0x0000000000000501      0x105 ./Src/software_timer.o
 .debug_abbrev  0x0000000000000606      0x119 ./Src/stm32g0xx_it.o
 .debug_abbrev  0x000000000000071f      0x116 ./Src/system_stm32g0xx.o
 .debug_abbrev  0x0000000000000835      0x220 ./Src/usart_comm.o
 .debug_abbrev  0x0000000000000a55       0x12 ./Startup/startup_stm32g071rbtx.o

.debug_aranges  0x0000000000000000      0x340
 .debug_aranges
                0x0000000000000000       0xe8 ./Drivers/STM32G0xx_LL_Driver/Src/stm32g0xx_ll_utils.o
 .debug_aranges
                0x00000000000000e8      0x138 ./Src/main.o
 .debug_aranges
                0x0000000000000220       0x30 ./Src/software_timer.o
 .debug_aranges
                0x0000000000000250       0x38 ./Src/stm32g0xx_it.o
 .debug_aranges
                0x0000000000000288       0x28 ./Src/system_stm32g0xx.o
 .debug_aranges
                0x00000000000002b0       0x68 ./Src/usart_comm.o
 .debug_aranges
                0x0000000000000318       0x28 ./Startup/startup_stm32g071rbtx.o

.debug_ranges   0x0000000000000000      0x2d8
 .debug_ranges  0x0000000000000000       0xd8 ./Drivers/STM32G0xx_LL_Driver/Src/stm32g0xx_ll_utils.o
 .debug_ranges  0x00000000000000d8      0x128 ./Src/main.o
 .debug_ranges  0x0000000000000200       0x20 ./Src/software_timer.o
 .debug_ranges  0x0000000000000220       0x28 ./Src/stm32g0xx_it.o
 .debug_ranges  0x0000000000000248       0x18 ./Src/system_stm32g0xx.o
 .debug_ranges  0x0000000000000260       0x58 ./Src/usart_comm.o
 .debug_ranges  0x00000000000002b8       0x20 ./Startup/startup_stm32g071rbtx.o

.debug_macro    0x0000000000000000    0x102e0
 .debug_macro   0x0000000000000000      0x171 ./Drivers/STM32G0xx_LL_Driver/Src/stm32g0xx_ll_utils.o
 .debug_macro   0x0000000000000171       0x28 ./Drivers/STM32G0xx_LL_Driver/Src/stm32g0xx_ll_utils.o
 .debug_macro   0x0000000000000199       0x28 ./Drivers/STM32G0xx_LL_Driver/Src/stm32g0xx_ll_utils.o
 .debug_macro   0x00000000000001c1       0x22 ./Drivers/STM32G0xx_LL_Driver/Src/stm32g0xx_ll_utils.o
 .debug_macro   0x00000000000001e3       0x8e ./Drivers/STM32G0xx_LL_Driver/Src/stm32g0xx_ll_utils.o
 .debug_macro   0x0000000000000271       0x51 ./Drivers/STM32G0xx_LL_Driver/Src/stm32g0xx_ll_utils.o
 .debug_macro   0x00000000000002c2      0x103 ./Drivers/STM32G0xx_LL_Driver/Src/stm32g0xx_ll_utils.o
 .debug_macro   0x00000000000003c5       0x6a ./Drivers/STM32G0xx_LL_Driver/Src/stm32g0xx_ll_utils.o
 .debug_macro   0x000000000000042f      0x1df ./Drivers/STM32G0xx_LL_Driver/Src/stm32g0xx_ll_utils.o
 .debug_macro   0x000000000000060e       0x1c ./Drivers/STM32G0xx_LL_Driver/Src/stm32g0xx_ll_utils.o
 .debug_macro   0x000000000000062a       0x22 ./Drivers/STM32G0xx_LL_Driver/Src/stm32g0xx_ll_utils.o
 .debug_macro   0x000000000000064c       0xd1 ./Drivers/STM32G0xx_LL_Driver/Src/stm32g0xx_ll_utils.o
 .debug_macro   0x000000000000071d      0x4da ./Drivers/STM32G0xx_LL_Driver/Src/stm32g0xx_ll_utils.o
 .debug_macro   0x0000000000000bf7      0x11f ./Drivers/STM32G0xx_LL_Driver/Src/stm32g0xx_ll_utils.o
 .debug_macro   0x0000000000000d16     0xc730 ./Drivers/STM32G0xx_LL_Driver/Src/stm32g0xx_ll_utils.o
 .debug_macro   0x000000000000d446       0x66 ./Drivers/STM32G0xx_LL_Driver/Src/stm32g0xx_ll_utils.o
 .debug_macro   0x000000000000d4ac       0x54 ./Drivers/STM32G0xx_LL_Driver/Src/stm32g0xx_ll_utils.o
 .debug_macro   0x000000000000d500      0x584 ./Drivers/STM32G0xx_LL_Driver/Src/stm32g0xx_ll_utils.o
 .debug_macro   0x000000000000da84      0x141 ./Drivers/STM32G0xx_LL_Driver/Src/stm32g0xx_ll_utils.o
 .debug_macro   0x000000000000dbc5      0x1ce ./Drivers/STM32G0xx_LL_Driver/Src/stm32g0xx_ll_utils.o
 .debug_macro   0x000000000000dd93      0x15a ./Src/main.o
 .debug_macro   0x000000000000deed      0x57e ./Src/main.o
 .debug_macro   0x000000000000e46b      0x12b ./Src/main.o
 .debug_macro   0x000000000000e596      0x174 ./Src/main.o
 .debug_macro   0x000000000000e70a       0x5a ./Src/main.o
 .debug_macro   0x000000000000e764      0x131 ./Src/main.o
 .debug_macro   0x000000000000e895      0x932 ./Src/main.o
 .debug_macro   0x000000000000f1c7      0x401 ./Src/main.o
 .debug_macro   0x000000000000f5c8      0x426 ./Src/main.o
 .debug_macro   0x000000000000f9ee      0x280 ./Src/main.o
 .debug_macro   0x000000000000fc6e       0x10 ./Src/main.o
 .debug_macro   0x000000000000fc7e      0x161 ./Src/software_timer.o
 .debug_macro   0x000000000000fddf      0x174 ./Src/software_timer.o
 .debug_macro   0x000000000000ff53      0x154 ./Src/stm32g0xx_it.o
 .debug_macro   0x00000000000100a7       0xdb ./Src/system_stm32g0xx.o
 .debug_macro   0x0000000000010182      0x15e ./Src/usart_comm.o

.debug_line     0x0000000000000000     0x2ef8
 .debug_line    0x0000000000000000      0x9af ./Drivers/STM32G0xx_LL_Driver/Src/stm32g0xx_ll_utils.o
 .debug_line    0x00000000000009af      0xb48 ./Src/main.o
 .debug_line    0x00000000000014f7      0x66d ./Src/software_timer.o
 .debug_line    0x0000000000001b64      0x690 ./Src/stm32g0xx_it.o
 .debug_line    0x00000000000021f4      0x4ff ./Src/system_stm32g0xx.o
 .debug_line    0x00000000000026f3      0x781 ./Src/usart_comm.o
 .debug_line    0x0000000000002e74       0x84 ./Startup/startup_stm32g071rbtx.o

.debug_str      0x0000000000000000    0x5f8b1
 .debug_str     0x0000000000000000    0x54257 ./Drivers/STM32G0xx_LL_Driver/Src/stm32g0xx_ll_utils.o
                                      0x54426 (size before relaxing)
 .debug_str     0x0000000000054257     0xb091 ./Src/main.o
                                      0x5de8c (size before relaxing)
 .debug_str     0x000000000005f2e8      0x32b ./Src/software_timer.o
                                      0x5d8ba (size before relaxing)
 .debug_str     0x000000000005f613       0x8b ./Src/stm32g0xx_it.o
                                      0x5d5c9 (size before relaxing)
 .debug_str     0x000000000005f69e       0xc0 ./Src/system_stm32g0xx.o
                                      0x4f3a4 (size before relaxing)
 .debug_str     0x000000000005f75e      0x122 ./Src/usart_comm.o
                                      0x5d781 (size before relaxing)
 .debug_str     0x000000000005f880       0x31 ./Startup/startup_stm32g071rbtx.o
                                         0x74 (size before relaxing)

.comment        0x0000000000000000       0x50
 .comment       0x0000000000000000       0x50 ./Drivers/STM32G0xx_LL_Driver/Src/stm32g0xx_ll_utils.o
                                         0x51 (size before relaxing)
 .comment       0x0000000000000050       0x51 ./Src/main.o
 .comment       0x0000000000000050       0x51 ./Src/software_timer.o
 .comment       0x0000000000000050       0x51 ./Src/stm32g0xx_it.o
 .comment       0x0000000000000050       0x51 ./Src/system_stm32g0xx.o
 .comment       0x0000000000000050       0x51 ./Src/usart_comm.o

.debug_frame    0x0000000000000000      0xa6c
 .debug_frame   0x0000000000000000      0x324 ./Drivers/STM32G0xx_LL_Driver/Src/stm32g0xx_ll_utils.o
 .debug_frame   0x0000000000000324      0x474 ./Src/main.o
 .debug_frame   0x0000000000000798       0x68 ./Src/software_timer.o
 .debug_frame   0x0000000000000800       0x88 ./Src/stm32g0xx_it.o
 .debug_frame   0x0000000000000888       0x4c ./Src/system_stm32g0xx.o
 .debug_frame   0x00000000000008d4      0x14c ./Src/usart_comm.o
 .debug_frame   0x0000000000000a20       0x2c c:/st/stm32cubeide_1.4.0/stm32cubeide/plugins/com.st.stm32cube.ide.mcu.externaltools.gnu-tools-for-stm32.10.3-2021.10.win32_1.0.0.202111181127/tools/bin/../lib/gcc/arm-none-eabi/10.3.1/../../../../arm-none-eabi/lib/thumb/v6-m/nofp\libc_nano.a(lib_a-init.o)
 .debug_frame   0x0000000000000a4c       0x20 c:/st/stm32cubeide_1.4.0/stm32cubeide/plugins/com.st.stm32cube.ide.mcu.externaltools.gnu-tools-for-stm32.10.3-2021.10.win32_1.0.0.202111181127/tools/bin/../lib/gcc/arm-none-eabi/10.3.1/thumb/v6-m/nofp\libgcc.a(_udivsi3.o)
