D:/STM32_Workspace_Kurs_Low_Layer/07_03_Kurs_STM32_LL_I2C_Master_DMA_TX/Drivers/STM32G0xx_LL_Driver/Inc/stm32g0xx_ll_rtc.h:733:22:LL_RTC_SetHourFormat	16	static
D:/STM32_Workspace_Kurs_Low_Layer/07_03_Kurs_STM32_LL_I2C_Master_DMA_TX/Drivers/STM32G0xx_LL_Driver/Inc/stm32g0xx_ll_rtc.h:746:26:LL_RTC_GetHourFormat	16	static
D:/STM32_Workspace_Kurs_Low_Layer/07_03_Kurs_STM32_LL_I2C_Master_DMA_TX/Drivers/STM32G0xx_LL_Driver/Inc/stm32g0xx_ll_rtc.h:819:22:LL_RTC_EnableInitMode	16	static
D:/STM32_Workspace_Kurs_Low_Layer/07_03_Kurs_STM32_LL_I2C_Master_DMA_TX/Drivers/STM32G0xx_LL_Driver/Inc/stm32g0xx_ll_rtc.h:831:22:LL_RTC_DisableInitMode	16	static
D:/STM32_Workspace_Kurs_Low_Layer/07_03_Kurs_STM32_LL_I2C_Master_DMA_TX/Drivers/STM32G0xx_LL_Driver/Inc/stm32g0xx_ll_rtc.h:894:26:LL_RTC_IsShadowRegBypassEnabled	16	static
D:/STM32_Workspace_Kurs_Low_Layer/07_03_Kurs_STM32_LL_I2C_Master_DMA_TX/Drivers/STM32G0xx_LL_Driver/Inc/stm32g0xx_ll_rtc.h:932:22:LL_RTC_SetAsynchPrescaler	16	static
D:/STM32_Workspace_Kurs_Low_Layer/07_03_Kurs_STM32_LL_I2C_Master_DMA_TX/Drivers/STM32G0xx_LL_Driver/Inc/stm32g0xx_ll_rtc.h:944:22:LL_RTC_SetSynchPrescaler	16	static
D:/STM32_Workspace_Kurs_Low_Layer/07_03_Kurs_STM32_LL_I2C_Master_DMA_TX/Drivers/STM32G0xx_LL_Driver/Inc/stm32g0xx_ll_rtc.h:977:22:LL_RTC_EnableWriteProtection	16	static
D:/STM32_Workspace_Kurs_Low_Layer/07_03_Kurs_STM32_LL_I2C_Master_DMA_TX/Drivers/STM32G0xx_LL_Driver/Inc/stm32g0xx_ll_rtc.h:988:22:LL_RTC_DisableWriteProtection	16	static
D:/STM32_Workspace_Kurs_Low_Layer/07_03_Kurs_STM32_LL_I2C_Master_DMA_TX/Drivers/STM32G0xx_LL_Driver/Inc/stm32g0xx_ll_rtc.h:1265:22:LL_RTC_TIME_Config	32	static
D:/STM32_Workspace_Kurs_Low_Layer/07_03_Kurs_STM32_LL_I2C_Master_DMA_TX/Drivers/STM32G0xx_LL_Driver/Inc/stm32g0xx_ll_rtc.h:1595:22:LL_RTC_DATE_Config	32	static
D:/STM32_Workspace_Kurs_Low_Layer/07_03_Kurs_STM32_LL_I2C_Master_DMA_TX/Drivers/STM32G0xx_LL_Driver/Inc/stm32g0xx_ll_rtc.h:1682:22:LL_RTC_ALMA_SetMask	16	static
D:/STM32_Workspace_Kurs_Low_Layer/07_03_Kurs_STM32_LL_I2C_Master_DMA_TX/Drivers/STM32G0xx_LL_Driver/Inc/stm32g0xx_ll_rtc.h:1713:22:LL_RTC_ALMA_EnableWeekday	16	static
D:/STM32_Workspace_Kurs_Low_Layer/07_03_Kurs_STM32_LL_I2C_Master_DMA_TX/Drivers/STM32G0xx_LL_Driver/Inc/stm32g0xx_ll_rtc.h:1724:22:LL_RTC_ALMA_DisableWeekday	16	static
D:/STM32_Workspace_Kurs_Low_Layer/07_03_Kurs_STM32_LL_I2C_Master_DMA_TX/Drivers/STM32G0xx_LL_Driver/Inc/stm32g0xx_ll_rtc.h:1738:22:LL_RTC_ALMA_SetDay	16	static
D:/STM32_Workspace_Kurs_Low_Layer/07_03_Kurs_STM32_LL_I2C_Master_DMA_TX/Drivers/STM32G0xx_LL_Driver/Inc/stm32g0xx_ll_rtc.h:1771:22:LL_RTC_ALMA_SetWeekDay	16	static
D:/STM32_Workspace_Kurs_Low_Layer/07_03_Kurs_STM32_LL_I2C_Master_DMA_TX/Drivers/STM32G0xx_LL_Driver/Inc/stm32g0xx_ll_rtc.h:1923:22:LL_RTC_ALMA_ConfigTime	32	static
D:/STM32_Workspace_Kurs_Low_Layer/07_03_Kurs_STM32_LL_I2C_Master_DMA_TX/Drivers/STM32G0xx_LL_Driver/Inc/stm32g0xx_ll_rtc.h:2048:22:LL_RTC_ALMB_SetMask	16	static
D:/STM32_Workspace_Kurs_Low_Layer/07_03_Kurs_STM32_LL_I2C_Master_DMA_TX/Drivers/STM32G0xx_LL_Driver/Inc/stm32g0xx_ll_rtc.h:2079:22:LL_RTC_ALMB_EnableWeekday	16	static
D:/STM32_Workspace_Kurs_Low_Layer/07_03_Kurs_STM32_LL_I2C_Master_DMA_TX/Drivers/STM32G0xx_LL_Driver/Inc/stm32g0xx_ll_rtc.h:2090:22:LL_RTC_ALMB_DisableWeekday	16	static
D:/STM32_Workspace_Kurs_Low_Layer/07_03_Kurs_STM32_LL_I2C_Master_DMA_TX/Drivers/STM32G0xx_LL_Driver/Inc/stm32g0xx_ll_rtc.h:2104:22:LL_RTC_ALMB_SetDay	16	static
D:/STM32_Workspace_Kurs_Low_Layer/07_03_Kurs_STM32_LL_I2C_Master_DMA_TX/Drivers/STM32G0xx_LL_Driver/Inc/stm32g0xx_ll_rtc.h:2137:22:LL_RTC_ALMB_SetWeekDay	16	static
D:/STM32_Workspace_Kurs_Low_Layer/07_03_Kurs_STM32_LL_I2C_Master_DMA_TX/Drivers/STM32G0xx_LL_Driver/Inc/stm32g0xx_ll_rtc.h:2289:22:LL_RTC_ALMB_ConfigTime	32	static
D:/STM32_Workspace_Kurs_Low_Layer/07_03_Kurs_STM32_LL_I2C_Master_DMA_TX/Drivers/STM32G0xx_LL_Driver/Inc/stm32g0xx_ll_rtc.h:3394:26:LL_RTC_IsActiveFlag_INIT	16	static
D:/STM32_Workspace_Kurs_Low_Layer/07_03_Kurs_STM32_LL_I2C_Master_DMA_TX/Drivers/STM32G0xx_LL_Driver/Inc/stm32g0xx_ll_rtc.h:3405:26:LL_RTC_IsActiveFlag_RS	16	static
D:/STM32_Workspace_Kurs_Low_Layer/07_03_Kurs_STM32_LL_I2C_Master_DMA_TX/Drivers/STM32G0xx_LL_Driver/Inc/stm32g0xx_ll_rtc.h:3416:22:LL_RTC_ClearFlag_RS	16	static
D:/STM32_Workspace_Kurs_Low_Layer/07_03_Kurs_STM32_LL_I2C_Master_DMA_TX/Drivers/STM32G0xx_LL_Driver/Inc/stm32g0xx_ll_cortex.h:215:26:LL_SYSTICK_IsActiveCounterFlag	8	static
../Drivers/STM32G0xx_LL_Driver/Src/stm32g0xx_ll_rtc.c:137:13:LL_RTC_DeInit	32	static
../Drivers/STM32G0xx_LL_Driver/Src/stm32g0xx_ll_rtc.c:195:13:LL_RTC_Init	32	static
../Drivers/STM32G0xx_LL_Driver/Src/stm32g0xx_ll_rtc.c:234:6:LL_RTC_StructInit	16	static
../Drivers/STM32G0xx_LL_Driver/Src/stm32g0xx_ll_rtc.c:254:13:LL_RTC_TIME_Init	56	static
../Drivers/STM32G0xx_LL_Driver/Src/stm32g0xx_ll_rtc.c:336:6:LL_RTC_TIME_StructInit	16	static
../Drivers/STM32G0xx_LL_Driver/Src/stm32g0xx_ll_rtc.c:357:13:LL_RTC_DATE_Init	56	static
../Drivers/STM32G0xx_LL_Driver/Src/stm32g0xx_ll_rtc.c:424:6:LL_RTC_DATE_StructInit	16	static
../Drivers/STM32G0xx_LL_Driver/Src/stm32g0xx_ll_rtc.c:447:13:LL_RTC_ALMA_Init	48	static
../Drivers/STM32G0xx_LL_Driver/Src/stm32g0xx_ll_rtc.c:565:13:LL_RTC_ALMB_Init	48	static
../Drivers/STM32G0xx_LL_Driver/Src/stm32g0xx_ll_rtc.c:675:6:LL_RTC_ALMA_StructInit	16	static
../Drivers/STM32G0xx_LL_Driver/Src/stm32g0xx_ll_rtc.c:697:6:LL_RTC_ALMB_StructInit	16	static
../Drivers/STM32G0xx_LL_Driver/Src/stm32g0xx_ll_rtc.c:722:13:LL_RTC_EnterInitMode	32	static
../Drivers/STM32G0xx_LL_Driver/Src/stm32g0xx_ll_rtc.c:766:13:LL_RTC_ExitInitMode	16	static
../Drivers/STM32G0xx_LL_Driver/Src/stm32g0xx_ll_rtc.c:793:13:LL_RTC_WaitForSynchro	32	static
