D:/STM32_Workspace_Kurs_Low_Layer/05_03_Kurs_STM32_LL_Input_Capture_Polling/Drivers/STM32G0xx_LL_Driver/Inc/stm32g0xx_ll_rcc.h:1343:22:LL_RCC_HSI_Enable	8	static
D:/STM32_Workspace_Kurs_Low_Layer/05_03_Kurs_STM32_LL_Input_Capture_Polling/Drivers/STM32G0xx_LL_Driver/Inc/stm32g0xx_ll_rcc.h:1363:26:LL_RCC_HSI_IsReady	8	static
D:/STM32_Workspace_Kurs_Low_Layer/05_03_Kurs_STM32_LL_Input_Capture_Polling/Drivers/STM32G0xx_LL_Driver/Inc/stm32g0xx_ll_rcc.h:1684:22:LL_RCC_SetSysClkSource	16	static
D:/STM32_Workspace_Kurs_Low_Layer/05_03_Kurs_STM32_LL_Input_Capture_Polling/Drivers/STM32G0xx_LL_Driver/Inc/stm32g0xx_ll_rcc.h:1699:26:LL_RCC_GetSysClkSource	8	static
D:/STM32_Workspace_Kurs_Low_Layer/05_03_Kurs_STM32_LL_Input_Capture_Polling/Drivers/STM32G0xx_LL_Driver/Inc/stm32g0xx_ll_rcc.h:1719:22:LL_RCC_SetAHBPrescaler	16	static
D:/STM32_Workspace_Kurs_Low_Layer/05_03_Kurs_STM32_LL_Input_Capture_Polling/Drivers/STM32G0xx_LL_Driver/Inc/stm32g0xx_ll_rcc.h:1735:22:LL_RCC_SetAPB1Prescaler	16	static
D:/STM32_Workspace_Kurs_Low_Layer/05_03_Kurs_STM32_LL_Input_Capture_Polling/Drivers/STM32G0xx_LL_Driver/Inc/stm32g0xx_ll_rcc.h:2508:22:LL_RCC_PLL_Enable	8	static
D:/STM32_Workspace_Kurs_Low_Layer/05_03_Kurs_STM32_LL_Input_Capture_Polling/Drivers/STM32G0xx_LL_Driver/Inc/stm32g0xx_ll_rcc.h:2529:26:LL_RCC_PLL_IsReady	8	static
D:/STM32_Workspace_Kurs_Low_Layer/05_03_Kurs_STM32_LL_Input_Capture_Polling/Drivers/STM32G0xx_LL_Driver/Inc/stm32g0xx_ll_rcc.h:2566:22:LL_RCC_PLL_ConfigDomain_SYS	24	static
D:/STM32_Workspace_Kurs_Low_Layer/05_03_Kurs_STM32_LL_Input_Capture_Polling/Drivers/STM32G0xx_LL_Driver/Inc/stm32g0xx_ll_rcc.h:3433:22:LL_RCC_PLL_EnableDomain_SYS	8	static
D:/STM32_Workspace_Kurs_Low_Layer/05_03_Kurs_STM32_LL_Input_Capture_Polling/Drivers/STM32G0xx_LL_Driver/Inc/stm32g0xx_ll_bus.h:467:22:LL_APB1_GRP1_EnableClock	24	static
D:/STM32_Workspace_Kurs_Low_Layer/05_03_Kurs_STM32_LL_Input_Capture_Polling/Drivers/STM32G0xx_LL_Driver/Inc/stm32g0xx_ll_bus.h:1139:22:LL_IOP_GRP1_EnableClock	24	static
D:/STM32_Workspace_Kurs_Low_Layer/05_03_Kurs_STM32_LL_Input_Capture_Polling/Drivers/STM32G0xx_LL_Driver/Inc/stm32g0xx_ll_system.h:1972:22:LL_FLASH_SetLatency	16	static
D:/STM32_Workspace_Kurs_Low_Layer/05_03_Kurs_STM32_LL_Input_Capture_Polling/Drivers/STM32G0xx_LL_Driver/Inc/stm32g0xx_ll_gpio.h:283:22:LL_GPIO_SetPinMode	24	static
D:/STM32_Workspace_Kurs_Low_Layer/05_03_Kurs_STM32_LL_Input_Capture_Polling/Drivers/STM32G0xx_LL_Driver/Inc/stm32g0xx_ll_gpio.h:422:22:LL_GPIO_SetPinSpeed	24	static
D:/STM32_Workspace_Kurs_Low_Layer/05_03_Kurs_STM32_LL_Input_Capture_Polling/Drivers/STM32G0xx_LL_Driver/Inc/stm32g0xx_ll_gpio.h:491:22:LL_GPIO_SetPinPull	24	static
D:/STM32_Workspace_Kurs_Low_Layer/05_03_Kurs_STM32_LL_Input_Capture_Polling/Drivers/STM32G0xx_LL_Driver/Inc/stm32g0xx_ll_gpio.h:554:22:LL_GPIO_SetAFPin_0_7	24	static
D:/STM32_Workspace_Kurs_Low_Layer/05_03_Kurs_STM32_LL_Input_Capture_Polling/Drivers/STM32G0xx_LL_Driver/Inc/stm32g0xx_ll_tim.h:1576:22:LL_TIM_EnableCounter	16	static
D:/STM32_Workspace_Kurs_Low_Layer/05_03_Kurs_STM32_LL_Input_Capture_Polling/Drivers/STM32G0xx_LL_Driver/Inc/stm32g0xx_ll_tim.h:1716:22:LL_TIM_SetCounterMode	16	static
D:/STM32_Workspace_Kurs_Low_Layer/05_03_Kurs_STM32_LL_Input_Capture_Polling/Drivers/STM32G0xx_LL_Driver/Inc/stm32g0xx_ll_tim.h:1829:22:LL_TIM_SetCounter	16	static
D:/STM32_Workspace_Kurs_Low_Layer/05_03_Kurs_STM32_LL_Input_Capture_Polling/Drivers/STM32G0xx_LL_Driver/Inc/stm32g0xx_ll_tim.h:1871:22:LL_TIM_SetPrescaler	16	static
D:/STM32_Workspace_Kurs_Low_Layer/05_03_Kurs_STM32_LL_Input_Capture_Polling/Drivers/STM32G0xx_LL_Driver/Inc/stm32g0xx_ll_tim.h:1898:22:LL_TIM_SetAutoReload	16	static
D:/STM32_Workspace_Kurs_Low_Layer/05_03_Kurs_STM32_LL_Input_Capture_Polling/Drivers/STM32G0xx_LL_Driver/Inc/stm32g0xx_ll_tim.h:2100:22:LL_TIM_CC_EnableChannel	16	static
D:/STM32_Workspace_Kurs_Low_Layer/05_03_Kurs_STM32_LL_Input_Capture_Polling/Drivers/STM32G0xx_LL_Driver/Inc/stm32g0xx_ll_tim.h:2961:22:LL_TIM_IC_SetActiveInput	32	static
D:/STM32_Workspace_Kurs_Low_Layer/05_03_Kurs_STM32_LL_Input_Capture_Polling/Drivers/STM32G0xx_LL_Driver/Inc/stm32g0xx_ll_tim.h:3011:22:LL_TIM_IC_SetPrescaler	32	static
D:/STM32_Workspace_Kurs_Low_Layer/05_03_Kurs_STM32_LL_Input_Capture_Polling/Drivers/STM32G0xx_LL_Driver/Inc/stm32g0xx_ll_tim.h:3074:22:LL_TIM_IC_SetFilter	32	static
D:/STM32_Workspace_Kurs_Low_Layer/05_03_Kurs_STM32_LL_Input_Capture_Polling/Drivers/STM32G0xx_LL_Driver/Inc/stm32g0xx_ll_tim.h:3140:22:LL_TIM_IC_SetPolarity	32	static
D:/STM32_Workspace_Kurs_Low_Layer/05_03_Kurs_STM32_LL_Input_Capture_Polling/Drivers/STM32G0xx_LL_Driver/Inc/stm32g0xx_ll_tim.h:3225:26:LL_TIM_IC_GetCaptureCH1	16	static
D:/STM32_Workspace_Kurs_Low_Layer/05_03_Kurs_STM32_LL_Input_Capture_Polling/Drivers/STM32G0xx_LL_Driver/Inc/stm32g0xx_ll_tim.h:3344:22:LL_TIM_SetClockSource	16	static
D:/STM32_Workspace_Kurs_Low_Layer/05_03_Kurs_STM32_LL_Input_Capture_Polling/Drivers/STM32G0xx_LL_Driver/Inc/stm32g0xx_ll_tim.h:4217:22:LL_TIM_SetRemap	16	static
D:/STM32_Workspace_Kurs_Low_Layer/05_03_Kurs_STM32_LL_Input_Capture_Polling/Drivers/STM32G0xx_LL_Driver/Inc/stm32g0xx_ll_tim.h:4265:22:LL_TIM_ClearFlag_UPDATE	16	static
D:/STM32_Workspace_Kurs_Low_Layer/05_03_Kurs_STM32_LL_Input_Capture_Polling/Drivers/STM32G0xx_LL_Driver/Inc/stm32g0xx_ll_tim.h:4287:22:LL_TIM_ClearFlag_CC1	16	static
D:/STM32_Workspace_Kurs_Low_Layer/05_03_Kurs_STM32_LL_Input_Capture_Polling/Drivers/STM32G0xx_LL_Driver/Inc/stm32g0xx_ll_tim.h:4298:26:LL_TIM_IsActiveFlag_CC1	16	static
D:/STM32_Workspace_Kurs_Low_Layer/05_03_Kurs_STM32_LL_Input_Capture_Polling/Drivers/STM32G0xx_LL_Driver/Inc/stm32g0xx_ll_tim.h:5137:22:LL_TIM_GenerateEvent_UPDATE	16	static
../Src/main.c:29:5:main	8	static
