Archive member included to satisfy reference by file (symbol)

c:/st/stm32cubeide_1.4.0/stm32cubeide/plugins/com.st.stm32cube.ide.mcu.externaltools.gnu-tools-for-stm32.10.3-2021.10.win32_1.0.0.202111181127/tools/bin/../lib/gcc/arm-none-eabi/10.3.1/../../../../arm-none-eabi/lib/thumb/v6-m/nofp\libc_nano.a(lib_a-errno.o)
                              ./Src/syscalls.o (__errno)
c:/st/stm32cubeide_1.4.0/stm32cubeide/plugins/com.st.stm32cube.ide.mcu.externaltools.gnu-tools-for-stm32.10.3-2021.10.win32_1.0.0.202111181127/tools/bin/../lib/gcc/arm-none-eabi/10.3.1/../../../../arm-none-eabi/lib/thumb/v6-m/nofp\libc_nano.a(lib_a-exit.o)
                              c:/st/stm32cubeide_1.4.0/stm32cubeide/plugins/com.st.stm32cube.ide.mcu.externaltools.gnu-tools-for-stm32.10.3-2021.10.win32_1.0.0.202111181127/tools/bin/../lib/gcc/arm-none-eabi/10.3.1/../../../../arm-none-eabi/lib/thumb/v6-m/nofp/crt0.o (exit)
c:/st/stm32cubeide_1.4.0/stm32cubeide/plugins/com.st.stm32cube.ide.mcu.externaltools.gnu-tools-for-stm32.10.3-2021.10.win32_1.0.0.202111181127/tools/bin/../lib/gcc/arm-none-eabi/10.3.1/../../../../arm-none-eabi/lib/thumb/v6-m/nofp\libc_nano.a(lib_a-impure.o)
                              c:/st/stm32cubeide_1.4.0/stm32cubeide/plugins/com.st.stm32cube.ide.mcu.externaltools.gnu-tools-for-stm32.10.3-2021.10.win32_1.0.0.202111181127/tools/bin/../lib/gcc/arm-none-eabi/10.3.1/../../../../arm-none-eabi/lib/thumb/v6-m/nofp\libc_nano.a(lib_a-exit.o) (_global_impure_ptr)
c:/st/stm32cubeide_1.4.0/stm32cubeide/plugins/com.st.stm32cube.ide.mcu.externaltools.gnu-tools-for-stm32.10.3-2021.10.win32_1.0.0.202111181127/tools/bin/../lib/gcc/arm-none-eabi/10.3.1/../../../../arm-none-eabi/lib/thumb/v6-m/nofp\libc_nano.a(lib_a-init.o)
                              c:/st/stm32cubeide_1.4.0/stm32cubeide/plugins/com.st.stm32cube.ide.mcu.externaltools.gnu-tools-for-stm32.10.3-2021.10.win32_1.0.0.202111181127/tools/bin/../lib/gcc/arm-none-eabi/10.3.1/../../../../arm-none-eabi/lib/thumb/v6-m/nofp/crt0.o (__libc_init_array)
c:/st/stm32cubeide_1.4.0/stm32cubeide/plugins/com.st.stm32cube.ide.mcu.externaltools.gnu-tools-for-stm32.10.3-2021.10.win32_1.0.0.202111181127/tools/bin/../lib/gcc/arm-none-eabi/10.3.1/../../../../arm-none-eabi/lib/thumb/v6-m/nofp\libc_nano.a(lib_a-memset.o)
                              c:/st/stm32cubeide_1.4.0/stm32cubeide/plugins/com.st.stm32cube.ide.mcu.externaltools.gnu-tools-for-stm32.10.3-2021.10.win32_1.0.0.202111181127/tools/bin/../lib/gcc/arm-none-eabi/10.3.1/../../../../arm-none-eabi/lib/thumb/v6-m/nofp/crt0.o (memset)
c:/st/stm32cubeide_1.4.0/stm32cubeide/plugins/com.st.stm32cube.ide.mcu.externaltools.gnu-tools-for-stm32.10.3-2021.10.win32_1.0.0.202111181127/tools/bin/../lib/gcc/arm-none-eabi/10.3.1/thumb/v6-m/nofp\libgcc.a(_udivsi3.o)
                              ./Drivers/STM32G0xx_LL_Driver/Src/stm32g0xx_ll_rcc.o (__aeabi_uidiv)
c:/st/stm32cubeide_1.4.0/stm32cubeide/plugins/com.st.stm32cube.ide.mcu.externaltools.gnu-tools-for-stm32.10.3-2021.10.win32_1.0.0.202111181127/tools/bin/../lib/gcc/arm-none-eabi/10.3.1/thumb/v6-m/nofp\libgcc.a(_dvmd_tls.o)
                              c:/st/stm32cubeide_1.4.0/stm32cubeide/plugins/com.st.stm32cube.ide.mcu.externaltools.gnu-tools-for-stm32.10.3-2021.10.win32_1.0.0.202111181127/tools/bin/../lib/gcc/arm-none-eabi/10.3.1/thumb/v6-m/nofp\libgcc.a(_udivsi3.o) (__aeabi_idiv0)
c:/st/stm32cubeide_1.4.0/stm32cubeide/plugins/com.st.stm32cube.ide.mcu.externaltools.gnu-tools-for-stm32.10.3-2021.10.win32_1.0.0.202111181127/tools/bin/../lib/gcc/arm-none-eabi/10.3.1/thumb/v6-m/nofp\libgcc.a(_arm_cmpsf2.o)
                              ./Src/hts221.o (__aeabi_fcmplt)
c:/st/stm32cubeide_1.4.0/stm32cubeide/plugins/com.st.stm32cube.ide.mcu.externaltools.gnu-tools-for-stm32.10.3-2021.10.win32_1.0.0.202111181127/tools/bin/../lib/gcc/arm-none-eabi/10.3.1/thumb/v6-m/nofp\libgcc.a(_aeabi_uldivmod.o)
                              ./Drivers/STM32G0xx_LL_Driver/Src/stm32g0xx_ll_lpuart.o (__aeabi_uldivmod)
c:/st/stm32cubeide_1.4.0/stm32cubeide/plugins/com.st.stm32cube.ide.mcu.externaltools.gnu-tools-for-stm32.10.3-2021.10.win32_1.0.0.202111181127/tools/bin/../lib/gcc/arm-none-eabi/10.3.1/thumb/v6-m/nofp\libgcc.a(_udivmoddi4.o)
                              c:/st/stm32cubeide_1.4.0/stm32cubeide/plugins/com.st.stm32cube.ide.mcu.externaltools.gnu-tools-for-stm32.10.3-2021.10.win32_1.0.0.202111181127/tools/bin/../lib/gcc/arm-none-eabi/10.3.1/thumb/v6-m/nofp\libgcc.a(_aeabi_uldivmod.o) (__udivmoddi4)
c:/st/stm32cubeide_1.4.0/stm32cubeide/plugins/com.st.stm32cube.ide.mcu.externaltools.gnu-tools-for-stm32.10.3-2021.10.win32_1.0.0.202111181127/tools/bin/../lib/gcc/arm-none-eabi/10.3.1/thumb/v6-m/nofp\libgcc.a(addsf3.o)
                              ./Src/hts221.o (__aeabi_fadd)
c:/st/stm32cubeide_1.4.0/stm32cubeide/plugins/com.st.stm32cube.ide.mcu.externaltools.gnu-tools-for-stm32.10.3-2021.10.win32_1.0.0.202111181127/tools/bin/../lib/gcc/arm-none-eabi/10.3.1/thumb/v6-m/nofp\libgcc.a(divsf3.o)
[...]
Memory Configuration

Name             Origin             Length             Attributes
RAM              0x0000000020000000 0x0000000000009000 xrw
FLASH            0x0000000008000000 0x0000000000020000 xr
*default*        0x0000000000000000 0xffffffffffffffff

Linker script and memory map

LOAD c:/st/stm32cubeide_1.4.0/stm32cubeide/plugins/com.st.stm32cube.ide.mcu.externaltools.gnu-tools-for-stm32.10.3-2021.10.win32_1.0.0.202111181127/tools/bin/../lib/gcc/arm-none-eabi/10.3.1/thumb/v6-m/nofp/crti.o
LOAD c:/st/stm32cubeide_1.4.0/stm32cubeide/plugins/com.st.stm32cube.ide.mcu.externaltools.gnu-tools-for-stm32.10.3-2021.10.win32_1.0.0.202111181127/tools/bin/../lib/gcc/arm-none-eabi/10.3.1/thumb/v6-m/nofp/crtbegin.o
LOAD c:/st/stm32cubeide_1.4.0/stm32cubeide/plugins/com.st.stm32cube.ide.mcu.externaltools.gnu-tools-for-stm32.10.3-2021.10.win32_1.0.0.202111181127/tools/bin/../lib/gcc/arm-none-eabi/10.3.1/../../../../arm-none-eabi/lib/thumb/v6-m/nofp/crt0.o
LOAD ./Drivers/STM32G0xx_LL_Driver/Src/stm32g0xx_ll_adc.o
LOAD ./Drivers/STM32G0xx_LL_Driver/Src/stm32g0xx_ll_comp.o
LOAD ./Drivers/STM32G0xx_LL_Driver/Src/stm32g0xx_ll_crc.o
LOAD ./Drivers/STM32G0xx_LL_Driver/Src/stm32g0xx_ll_crs.o
LOAD ./Drivers/STM32G0xx_LL_Driver/Src/stm32g0xx_ll_dac.o
LOAD ./Drivers/STM32G0xx_LL_Driver/Src/stm32g0xx_ll_dma.o
LOAD ./Drivers/STM32G0xx_LL_Driver/Src/stm32g0xx_ll_exti.o
LOAD ./Drivers/STM32G0xx_LL_Driver/Src/stm32g0xx_ll_gpio.o
LOAD ./Drivers/STM32G0xx_LL_Driver/Src/stm32g0xx_ll_i2c.o
LOAD ./Drivers/STM32G0xx_LL_Driver/Src/stm32g0xx_ll_lptim.o
LOAD ./Drivers/STM32G0xx_LL_Driver/Src/stm32g0xx_ll_lpuart.o
LOAD ./Drivers/STM32G0xx_LL_Driver/Src/stm32g0xx_ll_pwr.o
LOAD ./Drivers/STM32G0xx_LL_Driver/Src/stm32g0xx_ll_rcc.o
LOAD ./Drivers/STM32G0xx_LL_Driver/Src/stm32g0xx_ll_rng.o
LOAD ./Drivers/STM32G0xx_LL_Driver/Src/stm32g0xx_ll_rtc.o
LOAD ./Drivers/STM32G0xx_LL_Driver/Src/stm32g0xx_ll_spi.o
LOAD ./Drivers/STM32G0xx_LL_Driver/Src/stm32g0xx_ll_tim.o
LOAD ./Drivers/STM32G0xx_LL_Driver/Src/stm32g0xx_ll_ucpd.o
LOAD ./Drivers/STM32G0xx_LL_Driver/Src/stm32g0xx_ll_usart.o
LOAD ./Drivers/STM32G0xx_LL_Driver/Src/stm32g0xx_ll_utils.o
LOAD ./Src/hts221.o
LOAD ./Src/hts221_reg.o
LOAD ./Src/i2c.o
LOAD ./Src/main.o
LOAD ./Src/software_timer.o
LOAD ./Src/stm32g0xx_it.o
LOAD ./Src/syscalls.o
LOAD ./Src/sysmem.o
LOAD ./Src/system_stm32g0xx.o
LOAD ./Startup/startup_stm32g071rbtx.o
START GROUP
LOAD c:/st/stm32cubeide_1.4.0/stm32cubeide/plugins/com.st.stm32cube.ide.mcu.externaltools.gnu-tools-for-stm32.10.3-2021.10.win32_1.0.0.202111181127/tools/bin/../lib/gcc/arm-none-eabi/10.3.1/../../../../arm-none-eabi/lib/thumb/v6-m/nofp\libc_nano.a
LOAD c:/st/stm32cubeide_1.4.0/stm32cubeide/plugins/com.st.stm32cube.ide.mcu.externaltools.gnu-tools-for-stm32.10.3-2021.10.win32_1.0.0.202111181127/tools/bin/../lib/gcc/arm-none-eabi/10.3.1/../../../../arm-none-eabi/lib/thumb/v6-m/nofp\libm.a
END GROUP
START GROUP
LOAD c:/st/stm32cubeide_1.4.0/stm32cubeide/plugins/com.st.stm32cube.ide.mcu.externaltools.gnu-tools-for-stm32.10.3-2021.10.win32_1.0.0.202111181127/tools/bin/../lib/gcc/arm-none-eabi/10.3.1/thumb/v6-m/nofp\libgcc.a
LOAD c:/st/stm32cubeide_1.4.0/stm32cubeide/plugins/com.st.stm32cube.ide.mcu.externaltools.gnu-tools-for-stm32.10.3-2021.10.win32_1.0.0.202111181127/tools/bin/../lib/gcc/arm-none-eabi/10.3.1/../../../../arm-none-eabi/lib/thumb/v6-m/nofp\libc_nano.a
END GROUP
START GROUP
LOAD c:/st/stm32cubeide_1.4.0/stm32cubeide/plugins/com.st.stm32cube.ide.mcu.externaltools.gnu-tools-for-stm32.10.3-2021.10.win32_1.0.0.202111181127/tools/bin/../lib/gcc/arm-none-eabi/10.3.1/thumb/v6-m/nofp\libgcc.a
LOAD c:/st/stm32cubeide_1.4.0/stm32cubeide/plugins/com.st.stm32cube.ide.mcu.externaltools.gnu-tools-for-stm32.10.3-2021.10.win32_1.0.0.202111181127/tools/bin/../lib/gcc/arm-none-eabi/10.3.1/../../../../arm-none-eabi/lib/thumb/v6-m/nofp\libc_nano.a
LOAD c:/st/stm32cubeide_1.4.0/stm32cubeide/plugins/com.st.stm32cube.ide.mcu.externaltools.gnu-tools-for-stm32.10.3-2021.10.win32_1.0.0.202111181127/tools/bin/../lib/gcc/arm-none-eabi/10.3.1/../../../../arm-none-eabi/lib/thumb/v6-m/nofp\libnosys.a
END GROUP
START GROUP
LOAD c:/st/stm32cubeide_1.4.0/stm32cubeide/plugins/com.st.stm32cube.ide.mcu.externaltools.gnu-tools-for-stm32.10.3-2021.10.win32_1.0.0.202111181127/tools/bin/../lib/gcc/arm-none-eabi/10.3.1/thumb/v6-m/nofp\libgcc.a
LOAD c:/st/stm32cubeide_1.4.0/stm32cubeide/plugins/com.st.stm32cube.ide.mcu.externaltools.gnu-tools-for-stm32.10.3-2021.10.win32_1.0.0.202111181127/tools/bin/../lib/gcc/arm-none-eabi/10.3.1/../../../../arm-none-eabi/lib/thumb/v6-m/nofp\libc_nano.a
LOAD c:/st/stm32cubeide_1.4.0/stm32cubeide/plugins/com.st.stm32cube.ide.mcu.externaltools.gnu-tools-for-stm32.10.3-2021.10.win32_1.0.0.202111181127/tools/bin/../lib/gcc/arm-none-eabi/10.3.1/../../../../arm-none-eabi/lib/thumb/v6-m/nofp\libnosys.a
END GROUP
LOAD c:/st/stm32cubeide_1.4.0/stm32cubeide/plugins/com.st.stm32cube.ide.mcu.externaltools.gnu-tools-for-stm32.10.3-2021.10.win32_1.0.0.202111181127/tools/bin/../lib/gcc/arm-none-eabi/10.3.1/thumb/v6-m/nofp/crtend.o
LOAD c:/st/stm32cubeide_1.4.0/stm32cubeide/plugins/com.st.stm32cube.ide.mcu.externaltools.gnu-tools-for-stm32.10.3-2021.10.win32_1.0.0.202111181127/tools/bin/../lib/gcc/arm-none-eabi/10.3.1/thumb/v6-m/nofp/crtn.o
                0x0000000020009000                _estack = (ORIGIN (RAM) + LENGTH (RAM))
                0x0000000000000200                _Min_Heap_Size = 0x200
                0x0000000000000400                _Min_Stack_Size = 0x400

.isr_vector     0x0000000008000000       0xbc
                0x0000000008000000                . = ALIGN (0x4)
 *(.isr_vector)
 .isr_vector    0x0000000008000000       0xbc ./Startup/startup_stm32g071rbtx.o
                0x0000000008000000                g_pfnVectors
                0x00000000080000bc                . = ALIGN (0x4)

.text           0x00000000080000bc     0x2758
                0x00000000080000bc                . = ALIGN (0x4)
 *(.text)
 .text          0x00000000080000bc       0x48 c:/st/stm32cubeide_1.4.0/stm32cubeide/plugins/com.st.stm32cube.ide.mcu.externaltools.gnu-tools-for-stm32.10.3-2021.10.win32_1.0.0.202111181127/tools/bin/../lib/gcc/arm-none-eabi/10.3.1/thumb/v6-m/nofp/crtbegin.o
 .text          0x0000000008000104      0x114 c:/st/stm32cubeide_1.4.0/stm32cubeide/plugins/com.st.stm32cube.ide.mcu.externaltools.gnu-tools-for-stm32.10.3-2021.10.win32_1.0.0.202111181127/tools/bin/../lib/gcc/arm-none-eabi/10.3.1/thumb/v6-m/nofp\libgcc.a(_udivsi3.o)
                0x0000000008000104                __aeabi_uidiv
                0x0000000008000104                __udivsi3
                0x0000000008000210                __aeabi_uidivmod
 .text          0x0000000008000218        0x4 c:/st/stm32cubeide_1.4.0/stm32cubeide/plugins/com.st.stm32cube.ide.mcu.externaltools.gnu-tools-for-stm32.10.3-2021.10.win32_1.0.0.202111181127/tools/bin/../lib/gcc/arm-none-eabi/10.3.1/thumb/v6-m/nofp\libgcc.a(_dvmd_tls.o)
                0x0000000008000218                __aeabi_idiv0
                0x0000000008000218                __aeabi_ldiv0
 .text          0x000000000800021c       0x74 c:/st/stm32cubeide_1.4.0/stm32cubeide/plugins/com.st.stm32cube.ide.mcu.externaltools.gnu-tools-for-stm32.10.3-2021.10.win32_1.0.0.202111181127/tools/bin/../lib/gcc/arm-none-eabi/10.3.1/thumb/v6-m/nofp\libgcc.a(_arm_cmpsf2.o)
                0x000000000800021c                __aeabi_cfrcmple
                0x0000000008000224                __aeabi_cfcmpeq
                0x0000000008000224                __aeabi_cfcmple
                0x0000000008000234                __aeabi_fcmpeq
                0x0000000008000240                __aeabi_fcmplt
                0x0000000008000254                __aeabi_fcmple
                0x0000000008000268                __aeabi_fcmpgt
                0x000000000800027c                __aeabi_fcmpge
 .text          0x0000000008000290      0x33c c:/st/stm32cubeide_1.4.0/stm32cubeide/plugins/com.st.stm32cube.ide.mcu.externaltools.gnu-tools-for-stm32.10.3-2021.10.win32_1.0.0.202111181127/tools/bin/../lib/gcc/arm-none-eabi/10.3.1/thumb/v6-m/nofp\libgcc.a(addsf3.o)
                0x0000000008000290                __aeabi_fadd
 .text          0x00000000080005cc      0x230 c:/st/stm32cubeide_1.4.0/stm32cubeide/plugins/com.st.stm32cube.ide.mcu.externaltools.gnu-tools-for-stm32.10.3-2021.10.win32_1.0.0.202111181127/tools/bin/../lib/gcc/arm-none-eabi/10.3.1/thumb/v6-m/nofp\libgcc.a(divsf3.o)
                0x00000000080005cc                __aeabi_fdiv
 .text          0x00000000080007fc       0x4c c:/st/stm32cubeide_1.4.0/stm32cubeide/plugins/com.st.stm32cube.ide.mcu.externaltools.gnu-tools-for-stm32.10.3-2021.10.win32_1.0.0.202111181127/tools/bin/../lib/gcc/arm-none-eabi/10.3.1/thumb/v6-m/nofp\libgcc.a(eqsf2.o)
                0x00000000080007fc                __eqsf2
                0x00000000080007fc                __nesf2
 .text          0x0000000008000848       0x8c c:/st/stm32cubeide_1.4.0/stm32cubeide/plugins/com.st.stm32cube.ide.mcu.externaltools.gnu-tools-for-stm32.10.3-2021.10.win32_1.0.0.202111181127/tools/bin/../lib/gcc/arm-none-eabi/10.3.1/thumb/v6-m/nofp\libgcc.a(gesf2.o)
                0x0000000008000848                __gesf2
                0x0000000008000848                __gtsf2
 .text          0x00000000080008d4       0x88 c:/st/stm32cubeide_1.4.0/stm32cubeide/plugins/com.st.stm32cube.ide.mcu.externaltools.gnu-tools-for-stm32.10.3-2021.10.win32_1.0.0.202111181127/tools/bin/../lib/gcc/arm-none-eabi/10.3.1/thumb/v6-m/nofp\libgcc.a(lesf2.o)
                0x00000000080008d4                __ltsf2
                0x00000000080008d4                __lesf2
 .text          0x000000000800095c      0x24c c:/st/stm32cubeide_1.4.0/stm32cubeide/plugins/com.st.stm32cube.ide.mcu.externaltools.gnu-tools-for-stm32.10.3-2021.10.win32_1.0.0.202111181127/tools/bin/../lib/gcc/arm-none-eabi/10.3.1/thumb/v6-m/nofp\libgcc.a(mulsf3.o)
                0x000000000800095c                __aeabi_fmul
 .text          0x0000000008000ba8      0x35c c:/st/stm32cubeide_1.4.0/stm32cubeide/plugins/com.st.stm32cube.ide.mcu.externaltools.gnu-tools-for-stm32.10.3-2021.10.win32_1.0.0.202111181127/tools/bin/../lib/gcc/arm-none-eabi/10.3.1/thumb/v6-m/nofp\libgcc.a(subsf3.o)
                0x0000000008000ba8                __aeabi_fsub
 .text          0x0000000008000f04       0x9c c:/st/stm32cubeide_1.4.0/stm32cubeide/plugins/com.st.stm32cube.ide.mcu.externaltools.gnu-tools-for-stm32.10.3-2021.10.win32_1.0.0.202111181127/tools/bin/../lib/gcc/arm-none-eabi/10.3.1/thumb/v6-m/nofp\libgcc.a(floatsisf.o)
                0x0000000008000f04                __aeabi_i2f
 .text          0x0000000008000fa0       0x3c c:/st/stm32cubeide_1.4.0/stm32cubeide/plugins/com.st.stm32cube.ide.mcu.externaltools.gnu-tools-for-stm32.10.3-2021.10.win32_1.0.0.202111181127/tools/bin/../lib/gcc/arm-none-eabi/10.3.1/thumb/v6-m/nofp\libgcc.a(_clzsi2.o)
                0x0000000008000fa0                __clzsi2
 *(.text*)
 .text.LL_InitTick
                0x0000000008000fdc       0x34 ./Drivers/STM32G0xx_LL_Driver/Src/stm32g0xx_ll_utils.o
 .text.LL_Init1msTick
                0x0000000008001010       0x1e ./Drivers/STM32G0xx_LL_Driver/Src/stm32g0xx_ll_utils.o
                0x0000000008001010                LL_Init1msTick
 *fill*         0x000000000800102e        0x2 
 .text.LL_SetSystemCoreClock
                0x0000000008001030       0x1c ./Drivers/STM32G0xx_LL_Driver/Src/stm32g0xx_ll_utils.o
                0x0000000008001030                LL_SetSystemCoreClock
 .text.HTS221_RegisterBusIO
                0x000000000800104c       0x90 ./Src/hts221.o
                0x000000000800104c                HTS221_RegisterBusIO
 .text.HTS221_Init
                0x00000000080010dc       0x36 ./Src/hts221.o
                0x00000000080010dc                HTS221_Init
 .text.HTS221_DeInit
                0x0000000008001112       0x48 ./Src/hts221.o
                0x0000000008001112                HTS221_DeInit
 .text.HTS221_ReadID
                0x000000000800115a       0x2c ./Src/hts221.o
                0x000000000800115a                HTS221_ReadID
 *fill*         0x0000000008001186        0x2 
 .text.HTS221_GetCapabilities
                0x0000000008001188       0x44 ./Src/hts221.o
                0x0000000008001188                HTS221_GetCapabilities
 .text.HTS221_HUM_Enable
                0x00000000080011cc       0x48 ./Src/hts221.o
                0x00000000080011cc                HTS221_HUM_Enable
 .text.HTS221_HUM_Disable
                0x0000000008001214       0x48 ./Src/hts221.o
                0x0000000008001214                HTS221_HUM_Disable
 .text.HTS221_HUM_GetOutputDataRate
                0x000000000800125c       0x20 ./Src/hts221.o
                0x000000000800125c                HTS221_HUM_GetOutputDataRate
 .text.HTS221_HUM_SetOutputDataRate
                0x000000000800127c       0x20 ./Src/hts221.o
                0x000000000800127c                HTS221_HUM_SetOutputDataRate
 .text.HTS221_HUM_GetHumidity
                0x000000000800129c       0xfc ./Src/hts221.o
                0x000000000800129c                HTS221_HUM_GetHumidity
 .text.HTS221_TEMP_Enable
                0x0000000008001398       0x48 ./Src/hts221.o
                0x0000000008001398                HTS221_TEMP_Enable
 .text.HTS221_TEMP_Disable
                0x00000000080013e0       0x48 ./Src/hts221.o
                0x00000000080013e0                HTS221_TEMP_Disable
 .text.HTS221_TEMP_GetOutputDataRate
                0x0000000008001428       0x20 ./Src/hts221.o
                0x0000000008001428                HTS221_TEMP_GetOutputDataRate
 .text.HTS221_TEMP_SetOutputDataRate
                0x0000000008001448       0x20 ./Src/hts221.o
                0x0000000008001448                HTS221_TEMP_SetOutputDataRate
 .text.HTS221_TEMP_GetTemperature
                0x0000000008001468       0xca ./Src/hts221.o
                0x0000000008001468                HTS221_TEMP_GetTemperature
 *fill*         0x0000000008001532        0x2 
 .text.HTS221_GetOutputDataRate
                0x0000000008001534       0x80 ./Src/hts221.o
 .text.HTS221_SetOutputDataRate
                0x00000000080015b4       0x60 ./Src/hts221.o
 .text.HTS221_Initialize
                0x0000000008001614       0x56 ./Src/hts221.o
 .text.Linear_Interpolation
                0x000000000800166a       0x88 ./Src/hts221.o
 .text.ReadRegWrap
                0x00000000080016f2       0x7a ./Src/hts221.o
 .text.WriteRegWrap
                0x000000000800176c       0x7a ./Src/hts221.o
 .text.hts221_read_reg
                0x00000000080017e6       0x42 ./Src/hts221_reg.o
                0x00000000080017e6                hts221_read_reg
 .text.hts221_write_reg
                0x0000000008001828       0x42 ./Src/hts221_reg.o
                0x0000000008001828                hts221_write_reg
 .text.hts221_data_rate_set
                0x000000000800186a       0x60 ./Src/hts221_reg.o
                0x000000000800186a                hts221_data_rate_set
 .text.hts221_data_rate_get
                0x00000000080018ca       0x6e ./Src/hts221_reg.o
                0x00000000080018ca                hts221_data_rate_get
 .text.hts221_block_data_update_set
                0x0000000008001938       0x60 ./Src/hts221_reg.o
                0x0000000008001938                hts221_block_data_update_set
 .text.hts221_humidity_raw_get
                0x0000000008001998       0x4e ./Src/hts221_reg.o
                0x0000000008001998                hts221_humidity_raw_get
 .text.hts221_temperature_raw_get
                0x00000000080019e6       0x4e ./Src/hts221_reg.o
                0x00000000080019e6                hts221_temperature_raw_get
 .text.hts221_device_id_get
                0x0000000008001a34       0x24 ./Src/hts221_reg.o
                0x0000000008001a34                hts221_device_id_get
 .text.hts221_power_on_set
                0x0000000008001a58       0x5c ./Src/hts221_reg.o
                0x0000000008001a58                hts221_power_on_set
 .text.hts221_hum_rh_point_0_get
                0x0000000008001ab4       0x44 ./Src/hts221_reg.o
                0x0000000008001ab4                hts221_hum_rh_point_0_get
 .text.hts221_hum_rh_point_1_get
                0x0000000008001af8       0x44 ./Src/hts221_reg.o
                0x0000000008001af8                hts221_hum_rh_point_1_get
 .text.hts221_temp_deg_point_0_get
                0x0000000008001b3c       0x74 ./Src/hts221_reg.o
                0x0000000008001b3c                hts221_temp_deg_point_0_get
 .text.hts221_temp_deg_point_1_get
                0x0000000008001bb0       0x74 ./Src/hts221_reg.o
                0x0000000008001bb0                hts221_temp_deg_point_1_get
 .text.hts221_hum_adc_point_0_get
                0x0000000008001c24       0x54 ./Src/hts221_reg.o
                0x0000000008001c24                hts221_hum_adc_point_0_get
 .text.hts221_hum_adc_point_1_get
                0x0000000008001c78       0x54 ./Src/hts221_reg.o
                0x0000000008001c78                hts221_hum_adc_point_1_get
 .text.hts221_temp_adc_point_0_get
                0x0000000008001ccc       0x54 ./Src/hts221_reg.o
                0x0000000008001ccc                hts221_temp_adc_point_0_get
 .text.hts221_temp_adc_point_1_get
                0x0000000008001d20       0x54 ./Src/hts221_reg.o
                0x0000000008001d20                hts221_temp_adc_point_1_get
 .text.LL_APB1_GRP1_EnableClock
                0x0000000008001d74       0x2c ./Src/i2c.o
 .text.LL_IOP_GRP1_EnableClock
                0x0000000008001da0       0x2c ./Src/i2c.o
 .text.LL_GPIO_SetPinMode
                0x0000000008001dcc       0x38 ./Src/i2c.o
 .text.LL_GPIO_SetPinOutputType
                0x0000000008001e04       0x2a ./Src/i2c.o
 .text.LL_GPIO_SetPinSpeed
                0x0000000008001e2e       0x38 ./Src/i2c.o
 .text.LL_GPIO_SetPinPull
                0x0000000008001e66       0x38 ./Src/i2c.o
 .text.LL_GPIO_SetAFPin_8_15
                0x0000000008001e9e       0x5a ./Src/i2c.o
 .text.LL_I2C_Enable
                0x0000000008001ef8       0x1c ./Src/i2c.o
 .text.LL_I2C_Disable
                0x0000000008001f14       0x1e ./Src/i2c.o
 *fill*         0x0000000008001f32        0x2 
 .text.LL_I2C_ConfigFilters
                0x0000000008001f34       0x30 ./Src/i2c.o
 .text.LL_I2C_EnableClockStretching
                0x0000000008001f64       0x20 ./Src/i2c.o
 .text.LL_I2C_SetTiming
                0x0000000008001f84       0x18 ./Src/i2c.o
 .text.LL_I2C_SetMode
                0x0000000008001f9c       0x28 ./Src/i2c.o
 .text.LL_I2C_IsActiveFlag_TXIS
                0x0000000008001fc4       0x22 ./Src/i2c.o
 .text.LL_I2C_IsActiveFlag_RXNE
                0x0000000008001fe6       0x22 ./Src/i2c.o
 .text.LL_I2C_IsActiveFlag_STOP
                0x0000000008002008       0x22 ./Src/i2c.o
 .text.LL_I2C_IsActiveFlag_TC
                0x000000000800202a       0x22 ./Src/i2c.o
 .text.LL_I2C_ClearFlag_STOP
                0x000000000800204c       0x1c ./Src/i2c.o
 .text.LL_I2C_HandleTransfer
                0x0000000008002068       0x4c ./Src/i2c.o
 .text.LL_I2C_ReceiveData8
                0x00000000080020b4       0x16 ./Src/i2c.o
 .text.LL_I2C_TransmitData8
                0x00000000080020ca       0x1e ./Src/i2c.o
 .text.i2c_init
                0x00000000080020e8       0xfc ./Src/i2c.o
                0x00000000080020e8                i2c_init
 .text.i2c_reg_write
                0x00000000080021e4       0xe0 ./Src/i2c.o
                0x00000000080021e4                i2c_reg_write
 .text.i2c_reg_read
                0x00000000080022c4      0x10c ./Src/i2c.o
                0x00000000080022c4                i2c_reg_read
 .text.LL_RCC_HSI_Enable
                0x00000000080023d0       0x1c ./Src/main.o
 .text.LL_RCC_HSI_IsReady
                0x00000000080023ec       0x28 ./Src/main.o
 .text.LL_RCC_SetSysClkSource
                0x0000000008002414       0x28 ./Src/main.o
 .text.LL_RCC_GetSysClkSource
                0x000000000800243c       0x18 ./Src/main.o
 .text.LL_RCC_SetAHBPrescaler
                0x0000000008002454       0x2c ./Src/main.o
 .text.LL_RCC_SetAPB1Prescaler
                0x0000000008002480       0x2c ./Src/main.o
 .text.LL_RCC_PLL_Enable
                0x00000000080024ac       0x1c ./Src/main.o
 .text.LL_RCC_PLL_IsReady
                0x00000000080024c8       0x28 ./Src/main.o
 .text.LL_RCC_PLL_ConfigDomain_SYS
                0x00000000080024f0       0x40 ./Src/main.o
 .text.LL_RCC_PLL_EnableDomain_SYS
                0x0000000008002530       0x1c ./Src/main.o
 .text.LL_FLASH_SetLatency
                0x000000000800254c       0x28 ./Src/main.o
 .text.LL_SYSTICK_EnableIT
                0x0000000008002574       0x1c ./Src/main.o
 .text.main     0x0000000008002590       0xf0 ./Src/main.o
                0x0000000008002590                main
 .text.rcc_init
                0x0000000008002680       0x78 ./Src/main.o
                0x0000000008002680                rcc_init
 .text.software_timer_task_init
                0x00000000080026f8       0x22 ./Src/software_timer.o
                0x00000000080026f8                software_timer_task_init
 *fill*         0x000000000800271a        0x2 
 .text.software_timer_inc_ms_tick
                0x000000000800271c       0x18 ./Src/software_timer.o
                0x000000000800271c                software_timer_inc_ms_tick
 .text.software_timer_get_ms_tick
                0x0000000008002734       0x14 ./Src/software_timer.o
                0x0000000008002734                software_timer_get_ms_tick
 .text.SysTick_Handler
                0x0000000008002748        0xe ./Src/stm32g0xx_it.o
                0x0000000008002748                SysTick_Handler
 .text.SystemInit
                0x0000000008002756        0xa ./Src/system_stm32g0xx.o
                0x0000000008002756                SystemInit
 .text.Reset_Handler
                0x0000000008002760       0x50 ./Startup/startup_stm32g071rbtx.o
                0x0000000008002760                Reset_Handler
 .text.Default_Handler
                0x00000000080027b0        0x2 ./Startup/startup_stm32g071rbtx.o
                0x00000000080027b0                TIM1_CC_IRQHandler
                0x00000000080027b0                HardFault_Handler
                0x00000000080027b0                RTC_STAMP_IRQHandler
                0x00000000080027b0                PVD_IRQHandler
                0x00000000080027b0                PendSV_Handler
                0x00000000080027b0                NMI_Handler
                0x00000000080027b0                I2C1_IRQHandler
                0x00000000080027b0                TIM7_LPTIM2_IRQHandler
                0x00000000080027b0                UCPD1_UCPD2_IRQHandler
                0x00000000080027b0                SPI1_IRQHandler
                0x00000000080027b0                TIM1_BRK_UP_TRG_COMP_IRQHandler
                0x00000000080027b0                DMA_Channel1_IRQHandler
                0x00000000080027b0                EXTI2_3_IRQHandler
                0x00000000080027b0                I2C2_IRQHandler
                0x00000000080027b0                TIM17_IRQHandler
                0x00000000080027b0                DMA_Channel4_5_6_7_IRQHandler
                0x00000000080027b0                TIM16_IRQHandler
                0x00000000080027b0                TIM3_IRQHandler
                0x00000000080027b0                EXTI4_15_IRQHandler
                0x00000000080027b0                RCC_IRQHandler
                0x00000000080027b0                Default_Handler
                0x00000000080027b0                CEC_IRQHandler
                0x00000000080027b0                TIM14_IRQHandler
                0x00000000080027b0                TIM15_IRQHandler
                0x00000000080027b0                EXTI0_1_IRQHandler
                0x00000000080027b0                SPI2_IRQHandler
                0x00000000080027b0                SVC_Handler
                0x00000000080027b0                TIM6_DAC_LPTIM1_IRQHandler
                0x00000000080027b0                WWDG_IRQHandler
                0x00000000080027b0                TIM2_IRQHandler
                0x00000000080027b0                ADC_COMP_IRQHandler
                0x00000000080027b0                USART2_IRQHandler
                0x00000000080027b0                DMA_Channel2_3_IRQHandler
                0x00000000080027b0                FLASH_IRQHandler
                0x00000000080027b0                USART1_IRQHandler
                0x00000000080027b0                USART3_USART4_LPUART1_IRQHandler
 *fill*         0x00000000080027b2        0x2 
 .text.__libc_init_array
                0x00000000080027b4       0x48 c:/st/stm32cubeide_1.4.0/stm32cubeide/plugins/com.st.stm32cube.ide.mcu.externaltools.gnu-tools-for-stm32.10.3-2021.10.win32_1.0.0.202111181127/tools/bin/../lib/gcc/arm-none-eabi/10.3.1/../../../../arm-none-eabi/lib/thumb/v6-m/nofp\libc_nano.a(lib_a-init.o)
                0x00000000080027b4                __libc_init_array
 *(.glue_7)
 .glue_7        0x00000000080027fc        0x0 linker stubs
 *(.glue_7t)
 .glue_7t       0x00000000080027fc        0x0 linker stubs
 *(.eh_frame)
 .eh_frame      0x00000000080027fc        0x0 c:/st/stm32cubeide_1.4.0/stm32cubeide/plugins/com.st.stm32cube.ide.mcu.externaltools.gnu-tools-for-stm32.10.3-2021.10.win32_1.0.0.202111181127/tools/bin/../lib/gcc/arm-none-eabi/10.3.1/thumb/v6-m/nofp/crtbegin.o
 *(.init)
 .init          0x00000000080027fc        0x4 c:/st/stm32cubeide_1.4.0/stm32cubeide/plugins/com.st.stm32cube.ide.mcu.externaltools.gnu-tools-for-stm32.10.3-2021.10.win32_1.0.0.202111181127/tools/bin/../lib/gcc/arm-none-eabi/10.3.1/thumb/v6-m/nofp/crti.o
                0x00000000080027fc                _init
 .init          0x0000000008002800        0x8 c:/st/stm32cubeide_1.4.0/stm32cubeide/plugins/com.st.stm32cube.ide.mcu.externaltools.gnu-tools-for-stm32.10.3-2021.10.win32_1.0.0.202111181127/tools/bin/../lib/gcc/arm-none-eabi/10.3.1/thumb/v6-m/nofp/crtn.o
 *(.fini)
 .fini          0x0000000008002808        0x4 c:/st/stm32cubeide_1.4.0/stm32cubeide/plugins/com.st.stm32cube.ide.mcu.externaltools.gnu-tools-for-stm32.10.3-2021.10.win32_1.0.0.202111181127/tools/bin/../lib/gcc/arm-none-eabi/10.3.1/thumb/v6-m/nofp/crti.o
                0x0000000008002808                _fini
 .fini          0x000000000800280c        0x8 c:/st/stm32cubeide_1.4.0/stm32cubeide/plugins/com.st.stm32cube.ide.mcu.externaltools.gnu-tools-for-stm32.10.3-2021.10.win32_1.0.0.202111181127/tools/bin/../lib/gcc/arm-none-eabi/10.3.1/thumb/v6-m/nofp/crtn.o
                0x0000000008002814                . = ALIGN (0x4)
                0x0000000008002814                _etext = .

.vfp11_veneer   0x0000000008002814        0x0
 .vfp11_veneer  0x0000000008002814        0x0 linker stubs

.v4_bx          0x0000000008002814        0x0
 .v4_bx         0x0000000008002814        0x0 linker stubs

.iplt           0x0000000008002814        0x0
 .iplt          0x0000000008002814        0x0 c:/st/stm32cubeide_1.4.0/stm32cubeide/plugins/com.st.stm32cube.ide.mcu.externaltools.gnu-tools-for-stm32.10.3-2021.10.win32_1.0.0.202111181127/tools/bin/../lib/gcc/arm-none-eabi/10.3.1/thumb/v6-m/nofp/crtbegin.o

.rodata         0x0000000008002814       0xc0
                0x0000000008002814                . = ALIGN (0x4)
 *(.rodata)
 .rodata        0x0000000008002814       0x80 c:/st/stm32cubeide_1.4.0/stm32cubeide/plugins/com.st.stm32cube.ide.mcu.externaltools.gnu-tools-for-stm32.10.3-2021.10.win32_1.0.0.202111181127/tools/bin/../lib/gcc/arm-none-eabi/10.3.1/thumb/v6-m/nofp\libgcc.a(divsf3.o)
 .rodata        0x0000000008002894       0x40 c:/st/stm32cubeide_1.4.0/stm32cubeide/plugins/com.st.stm32cube.ide.mcu.externaltools.gnu-tools-for-stm32.10.3-2021.10.win32_1.0.0.202111181127/tools/bin/../lib/gcc/arm-none-eabi/10.3.1/thumb/v6-m/nofp\libgcc.a(mulsf3.o)
 *(.rodata*)
                0x00000000080028d4                . = ALIGN (0x4)

.rel.dyn        0x00000000080028d4        0x0
 .rel.iplt      0x00000000080028d4        0x0 c:/st/stm32cubeide_1.4.0/stm32cubeide/plugins/com.st.stm32cube.ide.mcu.externaltools.gnu-tools-for-stm32.10.3-2021.10.win32_1.0.0.202111181127/tools/bin/../lib/gcc/arm-none-eabi/10.3.1/thumb/v6-m/nofp/crtbegin.o

.ARM.extab      0x00000000080028d4        0x0
                0x00000000080028d4                . = ALIGN (0x4)
 *(.ARM.extab* .gnu.linkonce.armextab.*)
                0x00000000080028d4                . = ALIGN (0x4)

.ARM            0x00000000080028d4        0x0
                0x00000000080028d4                . = ALIGN (0x4)
                0x00000000080028d4                __exidx_start = .
 *(.ARM.exidx*)
                0x00000000080028d4                __exidx_end = .
                0x00000000080028d4                . = ALIGN (0x4)

.preinit_array  0x00000000080028d4        0x0
                0x00000000080028d4                . = ALIGN (0x4)
                0x00000000080028d4                PROVIDE (__preinit_array_start = .)
 *(.preinit_array*)
                0x00000000080028d4                PROVIDE (__preinit_array_end = .)
                0x00000000080028d4                . = ALIGN (0x4)

.init_array     0x00000000080028d4        0x4
                0x00000000080028d4                . = ALIGN (0x4)
                0x00000000080028d4                PROVIDE (__init_array_start = .)
 *(SORT_BY_NAME(.init_array.*))
 *(.init_array*)
 .init_array    0x00000000080028d4        0x4 c:/st/stm32cubeide_1.4.0/stm32cubeide/plugins/com.st.stm32cube.ide.mcu.externaltools.gnu-tools-for-stm32.10.3-2021.10.win32_1.0.0.202111181127/tools/bin/../lib/gcc/arm-none-eabi/10.3.1/thumb/v6-m/nofp/crtbegin.o
                0x00000000080028d8                PROVIDE (__init_array_end = .)
                0x00000000080028d8                . = ALIGN (0x4)

.fini_array     0x00000000080028d8        0x4
                0x00000000080028d8                . = ALIGN (0x4)
                [!provide]                        PROVIDE (__fini_array_start = .)
 *(SORT_BY_NAME(.fini_array.*))
 *(.fini_array*)
 .fini_array    0x00000000080028d8        0x4 c:/st/stm32cubeide_1.4.0/stm32cubeide/plugins/com.st.stm32cube.ide.mcu.externaltools.gnu-tools-for-stm32.10.3-2021.10.win32_1.0.0.202111181127/tools/bin/../lib/gcc/arm-none-eabi/10.3.1/thumb/v6-m/nofp/crtbegin.o
                [!provide]                        PROVIDE (__fini_array_end = .)
                0x00000000080028dc                . = ALIGN (0x4)
                0x00000000080028dc                _sidata = LOADADDR (.data)

.data           0x0000000020000000       0x40 load address 0x00000000080028dc
                0x0000000020000000                . = ALIGN (0x4)
                0x0000000020000000                _sdata = .
 *(.data)
 *(.data*)
 .data.HTS221_COMMON_Driver
                0x0000000020000000       0x10 ./Src/hts221.o
                0x0000000020000000                HTS221_COMMON_Driver
 .data.HTS221_HUM_Driver
                0x0000000020000010       0x14 ./Src/hts221.o
                0x0000000020000010                HTS221_HUM_Driver
 .data.HTS221_TEMP_Driver
                0x0000000020000024       0x14 ./Src/hts221.o
                0x0000000020000024                HTS221_TEMP_Driver
 .data.i2c      0x0000000020000038        0x4 ./Src/i2c.o
                0x0000000020000038                i2c
 .data.SystemCoreClock
                0x000000002000003c        0x4 ./Src/system_stm32g0xx.o
                0x000000002000003c                SystemCoreClock
 *(.RamFunc)
 *(.RamFunc*)
                0x0000000020000040                . = ALIGN (0x4)
                0x0000000020000040                _edata = .

.igot.plt       0x0000000020000040        0x0 load address 0x000000000800291c
 .igot.plt      0x0000000020000040        0x0 c:/st/stm32cubeide_1.4.0/stm32cubeide/plugins/com.st.stm32cube.ide.mcu.externaltools.gnu-tools-for-stm32.10.3-2021.10.win32_1.0.0.202111181127/tools/bin/../lib/gcc/arm-none-eabi/10.3.1/thumb/v6-m/nofp/crtbegin.o
                0x0000000020000040                . = ALIGN (0x4)

.bss            0x0000000020000040       0x7c load address 0x000000000800291c
                0x0000000020000040                _sbss = .
                0x0000000020000040                __bss_start__ = _sbss
 *(.bss)
 .bss           0x0000000020000040       0x1c c:/st/stm32cubeide_1.4.0/stm32cubeide/plugins/com.st.stm32cube.ide.mcu.externaltools.gnu-tools-for-stm32.10.3-2021.10.win32_1.0.0.202111181127/tools/bin/../lib/gcc/arm-none-eabi/10.3.1/thumb/v6-m/nofp/crtbegin.o
 *(.bss*)
 .bss.id        0x000000002000005c        0x1 ./Src/main.o
 *fill*         0x000000002000005d        0x3 
 .bss.hts221_obj
                0x0000000020000060       0x2c ./Src/main.o
 .bss.io_ctx    0x000000002000008c       0x1c ./Src/main.o
 .bss.i2c_timer
                0x00000000200000a8        0x8 ./Src/main.o
 .bss.temperature
                0x00000000200000b0        0x4 ./Src/main.o
 .bss.humidity  0x00000000200000b4        0x4 ./Src/main.o
 .bss.ms_tick   0x00000000200000b8        0x4 ./Src/software_timer.o
 *(COMMON)
                0x00000000200000bc                . = ALIGN (0x4)
                0x00000000200000bc                _ebss = .
                0x00000000200000bc                __bss_end__ = _ebss

._user_heap_stack
                0x00000000200000bc      0x604 load address 0x000000000800291c
                0x00000000200000c0                . = ALIGN (0x8)
 *fill*         0x00000000200000bc        0x4 
                [!provide]                        PROVIDE (end = .)
                0x00000000200000c0                PROVIDE (_end = .)
                0x00000000200002c0                . = (. + _Min_Heap_Size)
 *fill*         0x00000000200000c0      0x200 
                0x00000000200006c0                . = (. + _Min_Stack_Size)
 *fill*         0x00000000200002c0      0x400 
                0x00000000200006c0                . = ALIGN (0x8)

/DISCARD/
 libc.a(*)
 libm.a(*)
 libgcc.a(*)

.ARM.attributes
                0x0000000000000000       0x28
 *(.ARM.attributes)
 .ARM.attributes
                0x0000000000000000       0x1e c:/st/stm32cubeide_1.4.0/stm32cubeide/plugins/com.st.stm32cube.ide.mcu.externaltools.gnu-tools-for-stm32.10.3-2021.10.win32_1.0.0.202111181127/tools/bin/../lib/gcc/arm-none-eabi/10.3.1/thumb/v6-m/nofp/crti.o
 .ARM.attributes
                0x000000000000001e       0x2c c:/st/stm32cubeide_1.4.0/stm32cubeide/plugins/com.st.stm32cube.ide.mcu.externaltools.gnu-tools-for-stm32.10.3-2021.10.win32_1.0.0.202111181127/tools/bin/../lib/gcc/arm-none-eabi/10.3.1/thumb/v6-m/nofp/crtbegin.o
 .ARM.attributes
                0x000000000000004a       0x2c ./Drivers/STM32G0xx_LL_Driver/Src/stm32g0xx_ll_utils.o
 .ARM.attributes
                0x0000000000000076       0x2c ./Src/hts221.o
 .ARM.attributes
                0x00000000000000a2       0x2c ./Src/hts221_reg.o
 .ARM.attributes
                0x00000000000000ce       0x2c ./Src/i2c.o
 .ARM.attributes
                0x00000000000000fa       0x2c ./Src/main.o
 .ARM.attributes
                0x0000000000000126       0x2c ./Src/software_timer.o
 .ARM.attributes
                0x0000000000000152       0x2c ./Src/stm32g0xx_it.o
 .ARM.attributes
                0x000000000000017e       0x2c ./Src/system_stm32g0xx.o
 .ARM.attributes
                0x00000000000001aa       0x22 ./Startup/startup_stm32g071rbtx.o
 .ARM.attributes
                0x00000000000001cc       0x2c c:/st/stm32cubeide_1.4.0/stm32cubeide/plugins/com.st.stm32cube.ide.mcu.externaltools.gnu-tools-for-stm32.10.3-2021.10.win32_1.0.0.202111181127/tools/bin/../lib/gcc/arm-none-eabi/10.3.1/../../../../arm-none-eabi/lib/thumb/v6-m/nofp\libc_nano.a(lib_a-init.o)
 .ARM.attributes
                0x00000000000001f8       0x1e c:/st/stm32cubeide_1.4.0/stm32cubeide/plugins/com.st.stm32cube.ide.mcu.externaltools.gnu-tools-for-stm32.10.3-2021.10.win32_1.0.0.202111181127/tools/bin/../lib/gcc/arm-none-eabi/10.3.1/thumb/v6-m/nofp\libgcc.a(_udivsi3.o)
 .ARM.attributes
                0x0000000000000216       0x1e c:/st/stm32cubeide_1.4.0/stm32cubeide/plugins/com.st.stm32cube.ide.mcu.externaltools.gnu-tools-for-stm32.10.3-2021.10.win32_1.0.0.202111181127/tools/bin/../lib/gcc/arm-none-eabi/10.3.1/thumb/v6-m/nofp\libgcc.a(_dvmd_tls.o)
 .ARM.attributes
                0x0000000000000234       0x1e c:/st/stm32cubeide_1.4.0/stm32cubeide/plugins/com.st.stm32cube.ide.mcu.externaltools.gnu-tools-for-stm32.10.3-2021.10.win32_1.0.0.202111181127/tools/bin/../lib/gcc/arm-none-eabi/10.3.1/thumb/v6-m/nofp\libgcc.a(_arm_cmpsf2.o)
 .ARM.attributes
                0x0000000000000252       0x2c c:/st/stm32cubeide_1.4.0/stm32cubeide/plugins/com.st.stm32cube.ide.mcu.externaltools.gnu-tools-for-stm32.10.3-2021.10.win32_1.0.0.202111181127/tools/bin/../lib/gcc/arm-none-eabi/10.3.1/thumb/v6-m/nofp\libgcc.a(addsf3.o)
 .ARM.attributes
                0x000000000000027e       0x2c c:/st/stm32cubeide_1.4.0/stm32cubeide/plugins/com.st.stm32cube.ide.mcu.externaltools.gnu-tools-for-stm32.10.3-2021.10.win32_1.0.0.202111181127/tools/bin/../lib/gcc/arm-none-eabi/10.3.1/thumb/v6-m/nofp\libgcc.a(divsf3.o)
 .ARM.attributes
                0x00000000000002aa       0x2c c:/st/stm32cubeide_1.4.0/stm32cubeide/plugins/com.st.stm32cube.ide.mcu.externaltools.gnu-tools-for-stm32.10.3-2021.10.win32_1.0.0.202111181127/tools/bin/../lib/gcc/arm-none-eabi/10.3.1/thumb/v6-m/nofp\libgcc.a(eqsf2.o)
 .ARM.attributes
                0x00000000000002d6       0x2c c:/st/stm32cubeide_1.4.0/stm32cubeide/plugins/com.st.stm32cube.ide.mcu.externaltools.gnu-tools-for-stm32.10.3-2021.10.win32_1.0.0.202111181127/tools/bin/../lib/gcc/arm-none-eabi/10.3.1/thumb/v6-m/nofp\libgcc.a(gesf2.o)
 .ARM.attributes
                0x0000000000000302       0x2c c:/st/stm32cubeide_1.4.0/stm32cubeide/plugins/com.st.stm32cube.ide.mcu.externaltools.gnu-tools-for-stm32.10.3-2021.10.win32_1.0.0.202111181127/tools/bin/../lib/gcc/arm-none-eabi/10.3.1/thumb/v6-m/nofp\libgcc.a(lesf2.o)
 .ARM.attributes
                0x000000000000032e       0x2c c:/st/stm32cubeide_1.4.0/stm32cubeide/plugins/com.st.stm32cube.ide.mcu.externaltools.gnu-tools-for-stm32.10.3-2021.10.win32_1.0.0.202111181127/tools/bin/../lib/gcc/arm-none-eabi/10.3.1/thumb/v6-m/nofp\libgcc.a(mulsf3.o)
 .ARM.attributes
                0x000000000000035a       0x2c c:/st/stm32cubeide_1.4.0/stm32cubeide/plugins/com.st.stm32cube.ide.mcu.externaltools.gnu-tools-for-stm32.10.3-2021.10.win32_1.0.0.202111181127/tools/bin/../lib/gcc/arm-none-eabi/10.3.1/thumb/v6-m/nofp\libgcc.a(subsf3.o)
 .ARM.attributes
                0x0000000000000386       0x2c c:/st/stm32cubeide_1.4.0/stm32cubeide/plugins/com.st.stm32cube.ide.mcu.externaltools.gnu-tools-for-stm32.10.3-2021.10.win32_1.0.0.202111181127/tools/bin/../lib/gcc/arm-none-eabi/10.3.1/thumb/v6-m/nofp\libgcc.a(floatsisf.o)
 .ARM.attributes
                0x00000000000003b2       0x1e c:/st/stm32cubeide_1.4.0/stm32cubeide/plugins/com.st.stm32cube.ide.mcu.externaltools.gnu-tools-for-stm32.10.3-2021.10.win32_1.0.0.202111181127/tools/bin/../lib/gcc/arm-none-eabi/10.3.1/thumb/v6-m/nofp\libgcc.a(_clzsi2.o)
 .ARM.attributes
                0x00000000000003d0       0x1e c:/st/stm32cubeide_1.4.0/stm32cubeide/plugins/com.st.stm32cube.ide.mcu.externaltools.gnu-tools-for-stm32.10.3-2021.10.win32_1.0.0.202111181127/tools/bin/../lib/gcc/arm-none-eabi/10.3.1/thumb/v6-m/nofp/crtn.o
OUTPUT(07_01_Kurs_STM32_LL_I2C_Master_Polling.elf elf32-littlearm)
LOAD linker stubs
LOAD c:/st/stm32cubeide_1.4.0/stm32cubeide/plugins/com.st.stm32cube.ide.mcu.externaltools.gnu-tools-for-stm32.10.3-2021.10.win32_1.0.0.202111181127/tools/bin/../lib/gcc/arm-none-eabi/10.3.1/../../../../arm-none-eabi/lib/thumb/v6-m/nofp\libc.a
LOAD c:/st/stm32cubeide_1.4.0/stm32cubeide/plugins/com.st.stm32cube.ide.mcu.externaltools.gnu-tools-for-stm32.10.3-2021.10.win32_1.0.0.202111181127/tools/bin/../lib/gcc/arm-none-eabi/10.3.1/../../../../arm-none-eabi/lib/thumb/v6-m/nofp\libm.a
LOAD c:/st/stm32cubeide_1.4.0/stm32cubeide/plugins/com.st.stm32cube.ide.mcu.externaltools.gnu-tools-for-stm32.10.3-2021.10.win32_1.0.0.202111181127/tools/bin/../lib/gcc/arm-none-eabi/10.3.1/thumb/v6-m/nofp\libgcc.a

.debug_info     0x0000000000000000     0x4786
 .debug_info    0x0000000000000000      0x8f6 ./Drivers/STM32G0xx_LL_Driver/Src/stm32g0xx_ll_utils.o
 .debug_info    0x00000000000008f6      0xf94 ./Src/hts221.o
 .debug_info    0x000000000000188a     0x12ea ./Src/hts221_reg.o
 .debug_info    0x0000000000002b74      0xab1 ./Src/i2c.o
 .debug_info    0x0000000000003625      0xb24 ./Src/main.o
 .debug_info    0x0000000000004149      0x1e7 ./Src/software_timer.o
 .debug_info    0x0000000000004330      0x132 ./Src/stm32g0xx_it.o
 .debug_info    0x0000000000004462      0x302 ./Src/system_stm32g0xx.o
 .debug_info    0x0000000000004764       0x22 ./Startup/startup_stm32g071rbtx.o

.debug_abbrev   0x0000000000000000      0xc81
 .debug_abbrev  0x0000000000000000      0x21f ./Drivers/STM32G0xx_LL_Driver/Src/stm32g0xx_ll_utils.o
 .debug_abbrev  0x000000000000021f      0x219 ./Src/hts221.o
 .debug_abbrev  0x0000000000000438      0x1de ./Src/hts221_reg.o
 .debug_abbrev  0x0000000000000616      0x195 ./Src/i2c.o
 .debug_abbrev  0x00000000000007ab      0x216 ./Src/main.o
 .debug_abbrev  0x00000000000009c1      0x105 ./Src/software_timer.o
 .debug_abbrev  0x0000000000000ac6       0x93 ./Src/stm32g0xx_it.o
 .debug_abbrev  0x0000000000000b59      0x116 ./Src/system_stm32g0xx.o
 .debug_abbrev  0x0000000000000c6f       0x12 ./Startup/startup_stm32g071rbtx.o

.debug_aranges  0x0000000000000000      0x540
 .debug_aranges
                0x0000000000000000       0xe8 ./Drivers/STM32G0xx_LL_Driver/Src/stm32g0xx_ll_utils.o
 .debug_aranges
                0x00000000000000e8      0x100 ./Src/hts221.o
 .debug_aranges
                0x00000000000001e8      0x148 ./Src/hts221_reg.o
 .debug_aranges
                0x0000000000000330       0xe8 ./Src/i2c.o
 .debug_aranges
                0x0000000000000418       0x88 ./Src/main.o
 .debug_aranges
                0x00000000000004a0       0x30 ./Src/software_timer.o
 .debug_aranges
                0x00000000000004d0       0x20 ./Src/stm32g0xx_it.o
 .debug_aranges
                0x00000000000004f0       0x28 ./Src/system_stm32g0xx.o
 .debug_aranges
                0x0000000000000518       0x28 ./Startup/startup_stm32g071rbtx.o

.debug_ranges   0x0000000000000000      0x4b8
 .debug_ranges  0x0000000000000000       0xd8 ./Drivers/STM32G0xx_LL_Driver/Src/stm32g0xx_ll_utils.o
 .debug_ranges  0x00000000000000d8       0xf0 ./Src/hts221.o
 .debug_ranges  0x00000000000001c8      0x138 ./Src/hts221_reg.o
 .debug_ranges  0x0000000000000300       0xd8 ./Src/i2c.o
 .debug_ranges  0x00000000000003d8       0x78 ./Src/main.o
 .debug_ranges  0x0000000000000450       0x20 ./Src/software_timer.o
 .debug_ranges  0x0000000000000470       0x10 ./Src/stm32g0xx_it.o
 .debug_ranges  0x0000000000000480       0x18 ./Src/system_stm32g0xx.o
 .debug_ranges  0x0000000000000498       0x20 ./Startup/startup_stm32g071rbtx.o

.debug_macro    0x0000000000000000     0x29d1
 .debug_macro   0x0000000000000000      0x171 ./Drivers/STM32G0xx_LL_Driver/Src/stm32g0xx_ll_utils.o
 .debug_macro   0x0000000000000171       0x54 ./Drivers/STM32G0xx_LL_Driver/Src/stm32g0xx_ll_utils.o
 .debug_macro   0x00000000000001c5      0x141 ./Drivers/STM32G0xx_LL_Driver/Src/stm32g0xx_ll_utils.o
 .debug_macro   0x0000000000000306      0x1ce ./Drivers/STM32G0xx_LL_Driver/Src/stm32g0xx_ll_utils.o
 .debug_macro   0x00000000000004d4      0x165 ./Src/hts221.o
 .debug_macro   0x0000000000000639      0x174 ./Src/hts221.o
 .debug_macro   0x00000000000007ad       0x52 ./Src/hts221.o
 .debug_macro   0x00000000000007ff       0x18 ./Src/hts221.o
 .debug_macro   0x0000000000000817       0x3c ./Src/hts221.o
 .debug_macro   0x0000000000000853       0x34 ./Src/hts221.o
 .debug_macro   0x0000000000000887       0x16 ./Src/hts221.o
 .debug_macro   0x000000000000089d       0x43 ./Src/hts221.o
 .debug_macro   0x00000000000008e0       0x34 ./Src/hts221.o
 .debug_macro   0x0000000000000914       0x10 ./Src/hts221.o
 .debug_macro   0x0000000000000924       0x58 ./Src/hts221.o
 .debug_macro   0x000000000000097c       0x71 ./Src/hts221.o
 .debug_macro   0x00000000000009ed       0x1c ./Src/hts221.o
 .debug_macro   0x0000000000000a09      0x12a ./Src/hts221.o
 .debug_macro   0x0000000000000b33      0x341 ./Src/hts221.o
 .debug_macro   0x0000000000000e74      0x19b ./Src/hts221.o
 .debug_macro   0x000000000000100f       0xde ./Src/hts221.o
 .debug_macro   0x00000000000010ed       0x16 ./Src/hts221.o
 .debug_macro   0x0000000000001103       0x35 ./Src/hts221.o
 .debug_macro   0x0000000000001138       0x20 ./Src/hts221.o
 .debug_macro   0x0000000000001158       0x20 ./Src/hts221.o
 .debug_macro   0x0000000000001178      0x126 ./Src/hts221_reg.o
 .debug_macro   0x000000000000129e      0x23e ./Src/i2c.o
 .debug_macro   0x00000000000014dc       0x5a ./Src/i2c.o
 .debug_macro   0x0000000000001536      0x131 ./Src/i2c.o
 .debug_macro   0x0000000000001667      0x96a ./Src/i2c.o
 .debug_macro   0x0000000000001fd1      0x24d ./Src/i2c.o
 .debug_macro   0x000000000000221e       0x1c ./Src/i2c.o
 .debug_macro   0x000000000000223a      0x240 ./Src/main.o
 .debug_macro   0x000000000000247a      0x242 ./Src/software_timer.o
 .debug_macro   0x00000000000026bc      0x23a ./Src/stm32g0xx_it.o
 .debug_macro   0x00000000000028f6       0xdb ./Src/system_stm32g0xx.o

.debug_line     0x0000000000000000     0x49a3
 .debug_line    0x0000000000000000      0x9d3 ./Drivers/STM32G0xx_LL_Driver/Src/stm32g0xx_ll_utils.o
 .debug_line    0x00000000000009d3      0xa62 ./Src/hts221.o
 .debug_line    0x0000000000001435      0xaec ./Src/hts221_reg.o
 .debug_line    0x0000000000001f21      0xbd8 ./Src/i2c.o
 .debug_line    0x0000000000002af9      0x99b ./Src/main.o
 .debug_line    0x0000000000003494      0x7db ./Src/software_timer.o
 .debug_line    0x0000000000003c6f      0x7a5 ./Src/stm32g0xx_it.o
 .debug_line    0x0000000000004414      0x50b ./Src/system_stm32g0xx.o
 .debug_line    0x000000000000491f       0x84 ./Startup/startup_stm32g071rbtx.o

.debug_str      0x0000000000000000    0x601b7
 .debug_str     0x0000000000000000    0x542bc ./Drivers/STM32G0xx_LL_Driver/Src/stm32g0xx_ll_utils.o
                                      0x54495 (size before relaxing)
 .debug_str     0x00000000000542bc     0x43c1 ./Src/hts221.o
                                       0x8057 (size before relaxing)
 .debug_str     0x000000000005867d      0x448 ./Src/hts221_reg.o
                                       0x7e69 (size before relaxing)
 .debug_str     0x0000000000058ac5     0x74fa ./Src/i2c.o
                                      0x5de3e (size before relaxing)
 .debug_str     0x000000000005ffbf       0xae ./Src/main.o
                                      0x5dff1 (size before relaxing)
 .debug_str     0x000000000006006d       0x33 ./Src/software_timer.o
                                      0x5da7d (size before relaxing)
 .debug_str     0x00000000000600a0       0x26 ./Src/stm32g0xx_it.o
                                      0x5da15 (size before relaxing)
 .debug_str     0x00000000000600c6       0xc0 ./Src/system_stm32g0xx.o
                                      0x4f3c5 (size before relaxing)
 .debug_str     0x0000000000060186       0x31 ./Startup/startup_stm32g071rbtx.o
                                         0x80 (size before relaxing)

.comment        0x0000000000000000       0x50
 .comment       0x0000000000000000       0x50 ./Drivers/STM32G0xx_LL_Driver/Src/stm32g0xx_ll_utils.o
                                         0x51 (size before relaxing)
 .comment       0x0000000000000050       0x51 ./Src/hts221.o
 .comment       0x0000000000000050       0x51 ./Src/hts221_reg.o
 .comment       0x0000000000000050       0x51 ./Src/i2c.o
 .comment       0x0000000000000050       0x51 ./Src/main.o
 .comment       0x0000000000000050       0x51 ./Src/software_timer.o
 .comment       0x0000000000000050       0x51 ./Src/stm32g0xx_it.o
 .comment       0x0000000000000050       0x51 ./Src/system_stm32g0xx.o

.debug_frame    0x0000000000000000     0x137c
 .debug_frame   0x0000000000000000      0x324 ./Drivers/STM32G0xx_LL_Driver/Src/stm32g0xx_ll_utils.o
 .debug_frame   0x0000000000000324      0x3bc ./Src/hts221.o
 .debug_frame   0x00000000000006e0      0x4e0 ./Src/hts221_reg.o
 .debug_frame   0x0000000000000bc0      0x354 ./Src/i2c.o
 .debug_frame   0x0000000000000f14      0x1ac ./Src/main.o
 .debug_frame   0x00000000000010c0       0x68 ./Src/software_timer.o
 .debug_frame   0x0000000000001128       0x2c ./Src/stm32g0xx_it.o
 .debug_frame   0x0000000000001154       0x4c ./Src/system_stm32g0xx.o
 .debug_frame   0x00000000000011a0       0x2c c:/st/stm32cubeide_1.4.0/stm32cubeide/plugins/com.st.stm32cube.ide.mcu.externaltools.gnu-tools-for-stm32.10.3-2021.10.win32_1.0.0.202111181127/tools/bin/../lib/gcc/arm-none-eabi/10.3.1/../../../../arm-none-eabi/lib/thumb/v6-m/nofp\libc_nano.a(lib_a-init.o)
 .debug_frame   0x00000000000011cc       0x20 c:/st/stm32cubeide_1.4.0/stm32cubeide/plugins/com.st.stm32cube.ide.mcu.externaltools.gnu-tools-for-stm32.10.3-2021.10.win32_1.0.0.202111181127/tools/bin/../lib/gcc/arm-none-eabi/10.3.1/thumb/v6-m/nofp\libgcc.a(_udivsi3.o)
 .debug_frame   0x00000000000011ec       0x34 c:/st/stm32cubeide_1.4.0/stm32cubeide/plugins/com.st.stm32cube.ide.mcu.externaltools.gnu-tools-for-stm32.10.3-2021.10.win32_1.0.0.202111181127/tools/bin/../lib/gcc/arm-none-eabi/10.3.1/thumb/v6-m/nofp\libgcc.a(addsf3.o)
 .debug_frame   0x0000000000001220       0x38 c:/st/stm32cubeide_1.4.0/stm32cubeide/plugins/com.st.stm32cube.ide.mcu.externaltools.gnu-tools-for-stm32.10.3-2021.10.win32_1.0.0.202111181127/tools/bin/../lib/gcc/arm-none-eabi/10.3.1/thumb/v6-m/nofp\libgcc.a(divsf3.o)
 .debug_frame   0x0000000000001258       0x2c c:/st/stm32cubeide_1.4.0/stm32cubeide/plugins/com.st.stm32cube.ide.mcu.externaltools.gnu-tools-for-stm32.10.3-2021.10.win32_1.0.0.202111181127/tools/bin/../lib/gcc/arm-none-eabi/10.3.1/thumb/v6-m/nofp\libgcc.a(eqsf2.o)
 .debug_frame   0x0000000000001284       0x2c c:/st/stm32cubeide_1.4.0/stm32cubeide/plugins/com.st.stm32cube.ide.mcu.externaltools.gnu-tools-for-stm32.10.3-2021.10.win32_1.0.0.202111181127/tools/bin/../lib/gcc/arm-none-eabi/10.3.1/thumb/v6-m/nofp\libgcc.a(gesf2.o)
 .debug_frame   0x00000000000012b0       0x2c c:/st/stm32cubeide_1.4.0/stm32cubeide/plugins/com.st.stm32cube.ide.mcu.externaltools.gnu-tools-for-stm32.10.3-2021.10.win32_1.0.0.202111181127/tools/bin/../lib/gcc/arm-none-eabi/10.3.1/thumb/v6-m/nofp\libgcc.a(lesf2.o)
 .debug_frame   0x00000000000012dc       0x38 c:/st/stm32cubeide_1.4.0/stm32cubeide/plugins/com.st.stm32cube.ide.mcu.externaltools.gnu-tools-for-stm32.10.3-2021.10.win32_1.0.0.202111181127/tools/bin/../lib/gcc/arm-none-eabi/10.3.1/thumb/v6-m/nofp\libgcc.a(mulsf3.o)
 .debug_frame   0x0000000000001314       0x38 c:/st/stm32cubeide_1.4.0/stm32cubeide/plugins/com.st.stm32cube.ide.mcu.externaltools.gnu-tools-for-stm32.10.3-2021.10.win32_1.0.0.202111181127/tools/bin/../lib/gcc/arm-none-eabi/10.3.1/thumb/v6-m/nofp\libgcc.a(subsf3.o)
 .debug_frame   0x000000000000134c       0x30 c:/st/stm32cubeide_1.4.0/stm32cubeide/plugins/com.st.stm32cube.ide.mcu.externaltools.gnu-tools-for-stm32.10.3-2021.10.win32_1.0.0.202111181127/tools/bin/../lib/gcc/arm-none-eabi/10.3.1/thumb/v6-m/nofp\libgcc.a(floatsisf.o)
